Archive member included to satisfy reference by file (symbol)

.\ARM_GCC_541\Debug\stendo_MIS_WIRE.a(UART_1.o)
                              .\ARM_GCC_541\Debug\main.o (UART_1_Start)
.\ARM_GCC_541\Debug\stendo_MIS_WIRE.a(UART_1_IntClock.o)
                              .\ARM_GCC_541\Debug\stendo_MIS_WIRE.a(UART_1.o) (UART_1_IntClock_Start)
.\ARM_GCC_541\Debug\stendo_MIS_WIRE.a(CyLib.o)
                              .\ARM_GCC_541\Debug\Cm3Start.o (CyResetStatus)
.\ARM_GCC_541\Debug\stendo_MIS_WIRE.a(cyPm.o)
                              .\ARM_GCC_541\Debug\stendo_MIS_WIRE.a(CyLib.o) (CyPmReadStatus)
.\ARM_GCC_541\Debug\stendo_MIS_WIRE.a(LED1.o)
                              .\ARM_GCC_541\Debug\main.o (LED1_Write)
.\ARM_GCC_541\Debug\stendo_MIS_WIRE.a(MIS_Reg.o)
                              .\ARM_GCC_541\Debug\mis.o (MIS_Reg_Write)
.\ARM_GCC_541\Debug\stendo_MIS_WIRE.a(MIS_Stat.o)
                              .\ARM_GCC_541\Debug\mis.o (MIS_Stat_Read)
.\ARM_GCC_541\Debug\stendo_MIS_WIRE.a(PulseCounter_1.o)
                              .\ARM_GCC_541\Debug\mis.o (PulseCounter_1_WriteCounter)
.\ARM_GCC_541\Debug\stendo_MIS_WIRE.a(QuadDec_1.o)
                              .\ARM_GCC_541\Debug\main.o (QuadDec_1_Init)
.\ARM_GCC_541\Debug\stendo_MIS_WIRE.a(QuadDec_1_Cnt16.o)
                              .\ARM_GCC_541\Debug\stendo_MIS_WIRE.a(QuadDec_1.o) (QuadDec_1_Cnt16_WriteCounter)
.\ARM_GCC_541\Debug\stendo_MIS_WIRE.a(PulseCounter_2.o)
                              .\ARM_GCC_541\Debug\mis.o (PulseCounter_2_WriteCounter)
.\ARM_GCC_541\Debug\stendo_MIS_WIRE.a(isr_PulseCounter_2.o)
                              .\ARM_GCC_541\Debug\main.o (isr_PulseCounter_2_StartEx)
.\ARM_GCC_541\Debug\stendo_MIS_WIRE.a(isr_PulseCounter_1.o)
                              .\ARM_GCC_541\Debug\main.o (isr_PulseCounter_1_StartEx)
.\ARM_GCC_541\Debug\stendo_MIS_WIRE.a(SPIM.o)
                              .\ARM_GCC_541\Debug\main.o (SPIM_Start)
.\ARM_GCC_541\Debug\stendo_MIS_WIRE.a(SPIM_INT.o)
                              .\ARM_GCC_541\Debug\stendo_MIS_WIRE.a(SPIM.o) (SPIM_TX_ISR)
.\ARM_GCC_541\Debug\stendo_MIS_WIRE.a(SPIS.o)
                              .\ARM_GCC_541\Debug\SPI.o (SPIS_ReadTxStatus)
.\ARM_GCC_541\Debug\stendo_MIS_WIRE.a(SPIS_INT.o)
                              .\ARM_GCC_541\Debug\stendo_MIS_WIRE.a(SPIS.o) (SPIS_TX_ISR)
.\ARM_GCC_541\Debug\stendo_MIS_WIRE.a(isr_Capture_1.o)
                              .\ARM_GCC_541\Debug\main.o (isr_Capture_1_StartEx)
.\ARM_GCC_541\Debug\stendo_MIS_WIRE.a(isr_Capture_2.o)
                              .\ARM_GCC_541\Debug\main.o (isr_Capture_2_StartEx)
.\ARM_GCC_541\Debug\stendo_MIS_WIRE.a(BurstTimeout_1.o)
                              .\ARM_GCC_541\Debug\mis.o (BurstTimeout_1_WritePeriod)
.\ARM_GCC_541\Debug\stendo_MIS_WIRE.a(isr_Timestamp.o)
                              .\ARM_GCC_541\Debug\main.o (isr_Timestamp_StartEx)
.\ARM_GCC_541\Debug\stendo_MIS_WIRE.a(BurstTimeout_2.o)
                              .\ARM_GCC_541\Debug\mis.o (BurstTimeout_2_WritePeriod)
.\ARM_GCC_541\Debug\stendo_MIS_WIRE.a(Timestamp.o)
                              .\ARM_GCC_541\Debug\main.o (Timestamp_Start)
.\ARM_GCC_541\Debug\stendo_MIS_WIRE.a(isr_START.o)
                              .\ARM_GCC_541\Debug\main.o (isr_START_StartEx)
.\ARM_GCC_541\Debug\stendo_MIS_WIRE.a(isr_STOP.o)
                              .\ARM_GCC_541\Debug\main.o (isr_STOP_StartEx)
.\ARM_GCC_541\Debug\stendo_MIS_WIRE.a(isr_CS_Rise.o)
                              .\ARM_GCC_541\Debug\main.o (isr_CS_Rise_StartEx)
.\ARM_GCC_541\Debug\stendo_MIS_WIRE.a(PulseCounter_3.o)
                              .\ARM_GCC_541\Debug\mis.o (PulseCounter_3_WriteCounter)
.\ARM_GCC_541\Debug\stendo_MIS_WIRE.a(BurstTimeout_3.o)
                              .\ARM_GCC_541\Debug\mis.o (BurstTimeout_3_WritePeriod)
.\ARM_GCC_541\Debug\stendo_MIS_WIRE.a(isr_Capture_3.o)
                              .\ARM_GCC_541\Debug\main.o (isr_Capture_3_StartEx)
.\ARM_GCC_541\Debug\stendo_MIS_WIRE.a(isr_PulseCounter_3.o)
                              .\ARM_GCC_541\Debug\main.o (isr_PulseCounter_3_StartEx)
.\ARM_GCC_541\Debug\stendo_MIS_WIRE.a(PulseCounter_4.o)
                              .\ARM_GCC_541\Debug\mis.o (PulseCounter_4_WriteCounter)
.\ARM_GCC_541\Debug\stendo_MIS_WIRE.a(BurstTimeout_4.o)
                              .\ARM_GCC_541\Debug\mis.o (BurstTimeout_4_WritePeriod)
.\ARM_GCC_541\Debug\stendo_MIS_WIRE.a(isr_Capture_4.o)
                              .\ARM_GCC_541\Debug\main.o (isr_Capture_4_StartEx)
.\ARM_GCC_541\Debug\stendo_MIS_WIRE.a(isr_PulseCounter_4.o)
                              .\ARM_GCC_541\Debug\main.o (isr_PulseCounter_4_StartEx)
.\ARM_GCC_541\Debug\stendo_MIS_WIRE.a(QuadDec_2.o)
                              .\ARM_GCC_541\Debug\main.o (QuadDec_2_Init)
.\ARM_GCC_541\Debug\stendo_MIS_WIRE.a(QuadDec_2_Cnt8.o)
                              .\ARM_GCC_541\Debug\stendo_MIS_WIRE.a(QuadDec_2.o) (QuadDec_2_Cnt8_WriteCounter)
[...]
Memory Configuration

Name             Origin             Length             Attributes
rom              0x00000000         0x00040000         xr
ram              0x1fff8000         0x00010000         xrw
*default*        0x00000000         0xffffffff

Linker script and memory map

LOAD c:/program files (x86)/cypress/psoc creator/4.1/psoc creator/import/gnu/arm/5.4.1/bin/../lib/gcc/arm-none-eabi/5.4.1/armv7-m/crti.o
LOAD c:/program files (x86)/cypress/psoc creator/4.1/psoc creator/import/gnu/arm/5.4.1/bin/../lib/gcc/arm-none-eabi/5.4.1/armv7-m/crtbegin.o
LOAD c:/program files (x86)/cypress/psoc creator/4.1/psoc creator/import/gnu/arm/5.4.1/bin/../lib/gcc/arm-none-eabi/5.4.1/../../../../arm-none-eabi/lib/armv7-m/crt0.o
START GROUP
LOAD .\ARM_GCC_541\Debug\main.o
LOAD .\ARM_GCC_541\Debug\assert.o
LOAD .\ARM_GCC_541\Debug\SPI.o
LOAD .\ARM_GCC_541\Debug\mis.o
LOAD .\ARM_GCC_541\Debug\cyfitter_cfg.o
LOAD .\ARM_GCC_541\Debug\cymetadata.o
LOAD .\ARM_GCC_541\Debug\Cm3Start.o
LOAD .\ARM_GCC_541\Debug\stendo_MIS_WIRE.a
LOAD C:\Program Files (x86)\Cypress\PSoC Creator\4.1\PSoC Creator\psoc\content\cycomponentlibrary\CyComponentLibrary.cylib\CortexM3\ARM_GCC_541\Debug\CyComponentLibrary.a
END GROUP
START GROUP
LOAD c:/program files (x86)/cypress/psoc creator/4.1/psoc creator/import/gnu/arm/5.4.1/bin/../lib/gcc/arm-none-eabi/5.4.1/armv7-m\libgcc.a
LOAD c:/program files (x86)/cypress/psoc creator/4.1/psoc creator/import/gnu/arm/5.4.1/bin/../lib/gcc/arm-none-eabi/5.4.1/../../../../arm-none-eabi/lib/armv7-m\libg_nano.a
LOAD c:/program files (x86)/cypress/psoc creator/4.1/psoc creator/import/gnu/arm/5.4.1/bin/../lib/gcc/arm-none-eabi/5.4.1/../../../../arm-none-eabi/lib/armv7-m\libc_nano.a
END GROUP
START GROUP
LOAD c:/program files (x86)/cypress/psoc creator/4.1/psoc creator/import/gnu/arm/5.4.1/bin/../lib/gcc/arm-none-eabi/5.4.1/armv7-m\libgcc.a
LOAD c:/program files (x86)/cypress/psoc creator/4.1/psoc creator/import/gnu/arm/5.4.1/bin/../lib/gcc/arm-none-eabi/5.4.1/../../../../arm-none-eabi/lib/armv7-m\libc_nano.a
END GROUP
LOAD c:/program files (x86)/cypress/psoc creator/4.1/psoc creator/import/gnu/arm/5.4.1/bin/../lib/gcc/arm-none-eabi/5.4.1/armv7-m/crtend.o
LOAD c:/program files (x86)/cypress/psoc creator/4.1/psoc creator/import/gnu/arm/5.4.1/bin/../lib/gcc/arm-none-eabi/5.4.1/armv7-m/crtn.o
START GROUP
LOAD c:/program files (x86)/cypress/psoc creator/4.1/psoc creator/import/gnu/arm/5.4.1/bin/../lib/gcc/arm-none-eabi/5.4.1/armv7-m\libgcc.a
LOAD c:/program files (x86)/cypress/psoc creator/4.1/psoc creator/import/gnu/arm/5.4.1/bin/../lib/gcc/arm-none-eabi/5.4.1/../../../../arm-none-eabi/lib/armv7-m\libc.a
LOAD c:/program files (x86)/cypress/psoc creator/4.1/psoc creator/import/gnu/arm/5.4.1/bin/../lib/gcc/arm-none-eabi/5.4.1/../../../../arm-none-eabi/lib/armv7-m\libnosys.a
END GROUP
                0x00000000                CY_APPL_ORIGIN = 0x0
                0x00000100                CY_FLASH_ROW_SIZE = 0x100
                0x00000020                CY_ECC_ROW_SIZE = 0x20
                0x00000000                CY_EE_IN_BTLDR = 0x0
                0x00000000                CY_APPL_LOADABLE = 0x0
                0x00000800                CY_EE_SIZE = 0x800
                0x00000001                CY_APPL_NUM = 0x1
                0x00000001                CY_APPL_MAX = 0x1
                0x00000040                CY_METADATA_SIZE = 0x40
                0x00000000                CY_APPL_LOADABLE = 0x0
                0x00000000                CY_CHECKSUM_EXCLUDE_SIZE = ALIGN (0x0, CY_FLASH_ROW_SIZE)
                [!provide]                PROVIDE (__cy_heap_start, _end)
                0x00000001                PROVIDE (__cy_region_num, ((__cy_regions_end - __cy_regions) / 0x10))
                0x20008000                PROVIDE (__cy_stack, (ORIGIN (ram) + LENGTH (ram)))
                [!provide]                PROVIDE (__cy_heap_end, (__cy_stack - 0x800))

.cybootloader   0x00000000        0x0
 *(.cybootloader)
                0x00000000                appl1_start = CY_APPL_ORIGIN?CY_APPL_ORIGIN:ALIGN (CY_FLASH_ROW_SIZE)
                0x0001ff00                appl2_start = (appl1_start + ALIGN ((((LENGTH (rom) - appl1_start) - (0x2 * CY_FLASH_ROW_SIZE)) / 0x2), CY_FLASH_ROW_SIZE))
                0x00000000                appl_start = (CY_APPL_NUM == 0x1)?appl1_start:appl2_start
                0x00000000                ecc_offset = ((appl_start / CY_FLASH_ROW_SIZE) * CY_ECC_ROW_SIZE)
                0x00000000                ee_offset = (CY_APPL_LOADABLE && ! (CY_EE_IN_BTLDR))?((CY_EE_SIZE / CY_APPL_MAX) * (CY_APPL_NUM - 0x1)):0x0
                0x00000800                ee_size = (CY_APPL_LOADABLE && ! (CY_EE_IN_BTLDR))?(CY_EE_SIZE / CY_APPL_MAX):CY_EE_SIZE
                [!provide]                PROVIDE (CY_ECC_OFFSET, ecc_offset)

.text           0x00000000     0x6830
 CREATE_OBJECT_SYMBOLS
                0x00000000                PROVIDE (__cy_interrupt_vector, RomVectors)
 *(.romvectors)
 .romvectors    0x00000000       0x10 .\ARM_GCC_541\Debug\Cm3Start.o
                0x00000000                RomVectors
                0x00000001                ASSERT ((. != __cy_interrupt_vector), No interrupt vector)
                0x00000001                ASSERT (CY_APPL_ORIGIN?(SIZEOF (.cybootloader) <= CY_APPL_ORIGIN):0x1, Wrong image location)
                0x00000010                PROVIDE (__cy_reset, Reset)
 *(.text.Reset)
 .text.Reset    0x00000010       0x18 .\ARM_GCC_541\Debug\Cm3Start.o
                0x00000010                Reset
                0x00000001                ASSERT ((. != __cy_reset), No reset code)
 *(.dma_init)
                0x00000001                ASSERT ((((appl_start + .) <= 0x10000) || 0x1), DMA Init must be within the first 64k of flash)
 *(.text .text.* .gnu.linkonce.t.*)
 .text          0x00000028       0x5c c:/program files (x86)/cypress/psoc creator/4.1/psoc creator/import/gnu/arm/5.4.1/bin/../lib/gcc/arm-none-eabi/5.4.1/armv7-m/crtbegin.o
 .text.isr_START_handler
                0x00000084       0x18 .\ARM_GCC_541\Debug\main.o
                0x00000084                isr_START_handler
 .text.isr_STOP_handler
                0x0000009c       0x18 .\ARM_GCC_541\Debug\main.o
                0x0000009c                isr_STOP_handler
 .text.isr_CS_Rise_handler
                0x000000b4      0x19c .\ARM_GCC_541\Debug\main.o
                0x000000b4                isr_CS_Rise_handler
 .text.isr_QuadDec_1_handler
                0x00000250        0xc .\ARM_GCC_541\Debug\main.o
                0x00000250                isr_QuadDec_1_handler
 .text.isr_QuadDec_2_handler
                0x0000025c        0xc .\ARM_GCC_541\Debug\main.o
                0x0000025c                isr_QuadDec_2_handler
 .text.debug_master_cmd
                0x00000268       0x3c .\ARM_GCC_541\Debug\main.o
                0x00000268                debug_master_cmd
 .text.debug_master_read
                0x000002a4       0x8c .\ARM_GCC_541\Debug\main.o
                0x000002a4                debug_master_read
 .text.main     0x00000330      0x1e0 .\ARM_GCC_541\Debug\main.o
                0x00000330                main
 .text.__assert__
                0x00000510       0x50 .\ARM_GCC_541\Debug\assert.o
                0x00000510                __assert__
 .text.isr_PulseCounter_1_handler
                0x00000560       0x1c .\ARM_GCC_541\Debug\mis.o
                0x00000560                isr_PulseCounter_1_handler
 .text.isr_Timestamp_handler
                0x0000057c       0x1c .\ARM_GCC_541\Debug\mis.o
                0x0000057c                isr_Timestamp_handler
 .text.isr_Capture_1
                0x00000598       0x74 .\ARM_GCC_541\Debug\mis.o
                0x00000598                isr_Capture_1
 .text.MIS1_ReadCount
                0x0000060c       0x1c .\ARM_GCC_541\Debug\mis.o
                0x0000060c                MIS1_ReadCount
 .text.MIS1_ReadCurTime
                0x00000628       0x9c .\ARM_GCC_541\Debug\mis.o
                0x00000628                MIS1_ReadCurTime
 .text.MIS1_SetBurstTimeout
                0x000006c4       0x1c .\ARM_GCC_541\Debug\mis.o
                0x000006c4                MIS1_SetBurstTimeout
 .text.isr_PulseCounter_2_handler
                0x000006e0       0x1c .\ARM_GCC_541\Debug\mis.o
                0x000006e0                isr_PulseCounter_2_handler
 .text.isr_Capture_2
                0x000006fc       0x74 .\ARM_GCC_541\Debug\mis.o
                0x000006fc                isr_Capture_2
 .text.MIS2_ReadCount
                0x00000770       0x1c .\ARM_GCC_541\Debug\mis.o
                0x00000770                MIS2_ReadCount
 .text.MIS2_ReadCurTime
                0x0000078c       0x9c .\ARM_GCC_541\Debug\mis.o
                0x0000078c                MIS2_ReadCurTime
 .text.MIS2_SetBurstTimeout
                0x00000828       0x1c .\ARM_GCC_541\Debug\mis.o
                0x00000828                MIS2_SetBurstTimeout
 .text.isr_PulseCounter_3_handler
                0x00000844       0x1c .\ARM_GCC_541\Debug\mis.o
                0x00000844                isr_PulseCounter_3_handler
 .text.isr_Capture_3
                0x00000860       0x74 .\ARM_GCC_541\Debug\mis.o
                0x00000860                isr_Capture_3
 .text.MIS3_ReadCount
                0x000008d4       0x1c .\ARM_GCC_541\Debug\mis.o
                0x000008d4                MIS3_ReadCount
 .text.MIS3_ReadCurTime
                0x000008f0       0x9c .\ARM_GCC_541\Debug\mis.o
                0x000008f0                MIS3_ReadCurTime
 .text.MIS3_SetBurstTimeout
                0x0000098c       0x1c .\ARM_GCC_541\Debug\mis.o
                0x0000098c                MIS3_SetBurstTimeout
 .text.isr_PulseCounter_4_handler
                0x000009a8       0x1c .\ARM_GCC_541\Debug\mis.o
                0x000009a8                isr_PulseCounter_4_handler
 .text.isr_Capture_4
                0x000009c4       0x74 .\ARM_GCC_541\Debug\mis.o
                0x000009c4                isr_Capture_4
 .text.MIS4_ReadCount
                0x00000a38       0x1c .\ARM_GCC_541\Debug\mis.o
                0x00000a38                MIS4_ReadCount
 .text.MIS4_ReadCurTime
                0x00000a54       0x9c .\ARM_GCC_541\Debug\mis.o
                0x00000a54                MIS4_ReadCurTime
 .text.MIS4_SetBurstTimeout
                0x00000af0       0x1c .\ARM_GCC_541\Debug\mis.o
                0x00000af0                MIS4_SetBurstTimeout
 .text.MIS_Start
                0x00000b0c       0x90 .\ARM_GCC_541\Debug\mis.o
                0x00000b0c                MIS_Start
 .text.MIS_Stop
                0x00000b9c       0x28 .\ARM_GCC_541\Debug\mis.o
                0x00000b9c                MIS_Stop
 .text.MIS_PulseCounterStatus
                0x00000bc4       0x24 .\ARM_GCC_541\Debug\mis.o
                0x00000bc4                MIS_PulseCounterStatus
 .text.CYMEMZERO
                0x00000be8       0x1c .\ARM_GCC_541\Debug\cyfitter_cfg.o
 .text.CYCONFIGCPY
                0x00000c04       0x20 .\ARM_GCC_541\Debug\cyfitter_cfg.o
 .text.CyClockStartupError
                0x00000c24        0xc .\ARM_GCC_541\Debug\cyfitter_cfg.o
 .text.cfg_write_bytes32
                0x00000c30       0x74 .\ARM_GCC_541\Debug\cyfitter_cfg.o
 .text.ClockSetup
                0x00000ca4      0x1cc .\ARM_GCC_541\Debug\cyfitter_cfg.o
 .text.AnalogSetDefault
                0x00000e70       0x44 .\ARM_GCC_541\Debug\cyfitter_cfg.o
 .text.cyfitter_cfg
                0x00000eb4      0x1f0 .\ARM_GCC_541\Debug\cyfitter_cfg.o
                0x00000eb4                cyfitter_cfg
 .text.IntDefaultHandler
                0x000010a4       0x14 .\ARM_GCC_541\Debug\Cm3Start.o
                0x000010a4                IntDefaultHandler
 .text._sbrk    0x000010b8       0x50 .\ARM_GCC_541\Debug\Cm3Start.o
                0x000010b8                _sbrk
 .text.Start_c  0x00001108       0x98 .\ARM_GCC_541\Debug\Cm3Start.o
                0x00001108                Start_c
 .text.initialize_psoc
                0x000011a0       0x90 .\ARM_GCC_541\Debug\Cm3Start.o
                0x000011a0                initialize_psoc
 .text.UART_1_Start
                0x00001230       0x24 .\ARM_GCC_541\Debug\stendo_MIS_WIRE.a(UART_1.o)
                0x00001230                UART_1_Start
 .text.UART_1_Init
                0x00001254       0x40 .\ARM_GCC_541\Debug\stendo_MIS_WIRE.a(UART_1.o)
                0x00001254                UART_1_Init
 .text.UART_1_Enable
                0x00001294       0x60 .\ARM_GCC_541\Debug\stendo_MIS_WIRE.a(UART_1.o)
                0x00001294                UART_1_Enable
 .text.UART_1_PutChar
                0x000012f4       0x34 .\ARM_GCC_541\Debug\stendo_MIS_WIRE.a(UART_1.o)
                0x000012f4                UART_1_PutChar
 .text.UART_1_PutString
                0x00001328       0x44 .\ARM_GCC_541\Debug\stendo_MIS_WIRE.a(UART_1.o)
                0x00001328                UART_1_PutString
 .text.UART_1_IntClock_Start
                0x0000136c       0x34 .\ARM_GCC_541\Debug\stendo_MIS_WIRE.a(UART_1_IntClock.o)
                0x0000136c                UART_1_IntClock_Start
 .text.CyHalt   0x000013a0       0x18 .\ARM_GCC_541\Debug\stendo_MIS_WIRE.a(CyLib.o)
                0x000013a0                CyHalt
 .text.CyDelay  0x000013b8       0x44 .\ARM_GCC_541\Debug\stendo_MIS_WIRE.a(CyLib.o)
                0x000013b8                CyDelay
 .text.CyIntSetVector
                0x000013fc       0x50 .\ARM_GCC_541\Debug\stendo_MIS_WIRE.a(CyLib.o)
                0x000013fc                CyIntSetVector
 .text.CyIntSetPriority
                0x0000144c       0x48 .\ARM_GCC_541\Debug\stendo_MIS_WIRE.a(CyLib.o)
                0x0000144c                CyIntSetPriority
 .text.LED1_Write
                0x00001494       0x3c .\ARM_GCC_541\Debug\stendo_MIS_WIRE.a(LED1.o)
                0x00001494                LED1_Write
 .text.MIS_Reg_Write
                0x000014d0       0x20 .\ARM_GCC_541\Debug\stendo_MIS_WIRE.a(MIS_Reg.o)
                0x000014d0                MIS_Reg_Write
 .text.MIS_Stat_Read
                0x000014f0       0x18 .\ARM_GCC_541\Debug\stendo_MIS_WIRE.a(MIS_Stat.o)
                0x000014f0                MIS_Stat_Read
 .text.PulseCounter_1_Init
                0x00001508       0x80 .\ARM_GCC_541\Debug\stendo_MIS_WIRE.a(PulseCounter_1.o)
                0x00001508                PulseCounter_1_Init
 .text.PulseCounter_1_Enable
                0x00001588       0x20 .\ARM_GCC_541\Debug\stendo_MIS_WIRE.a(PulseCounter_1.o)
                0x00001588                PulseCounter_1_Enable
 .text.PulseCounter_1_Start
                0x000015a8       0x24 .\ARM_GCC_541\Debug\stendo_MIS_WIRE.a(PulseCounter_1.o)
                0x000015a8                PulseCounter_1_Start
 .text.PulseCounter_1_SetInterruptMode
                0x000015cc       0x20 .\ARM_GCC_541\Debug\stendo_MIS_WIRE.a(PulseCounter_1.o)
                0x000015cc                PulseCounter_1_SetInterruptMode
 .text.PulseCounter_1_ReadStatusRegister
                0x000015ec       0x18 .\ARM_GCC_541\Debug\stendo_MIS_WIRE.a(PulseCounter_1.o)
                0x000015ec                PulseCounter_1_ReadStatusRegister
 .text.PulseCounter_1_WriteCounter
                0x00001604       0x20 .\ARM_GCC_541\Debug\stendo_MIS_WIRE.a(PulseCounter_1.o)
                0x00001604                PulseCounter_1_WriteCounter
 .text.PulseCounter_1_ReadCounter
                0x00001624       0x20 .\ARM_GCC_541\Debug\stendo_MIS_WIRE.a(PulseCounter_1.o)
                0x00001624                PulseCounter_1_ReadCounter
 .text.PulseCounter_1_ReadCapture
                0x00001644       0x18 .\ARM_GCC_541\Debug\stendo_MIS_WIRE.a(PulseCounter_1.o)
                0x00001644                PulseCounter_1_ReadCapture
 .text.PulseCounter_1_WritePeriod
                0x0000165c       0x20 .\ARM_GCC_541\Debug\stendo_MIS_WIRE.a(PulseCounter_1.o)
                0x0000165c                PulseCounter_1_WritePeriod
 .text.PulseCounter_1_WriteCompare
                0x0000167c       0x20 .\ARM_GCC_541\Debug\stendo_MIS_WIRE.a(PulseCounter_1.o)
                0x0000167c                PulseCounter_1_WriteCompare
 .text.PulseCounter_1_ClearFIFO
                0x0000169c       0x1c .\ARM_GCC_541\Debug\stendo_MIS_WIRE.a(PulseCounter_1.o)
                0x0000169c                PulseCounter_1_ClearFIFO
 .text.QuadDec_1_Init
                0x000016b8        0xc .\ARM_GCC_541\Debug\stendo_MIS_WIRE.a(QuadDec_1.o)
                0x000016b8                QuadDec_1_Init
 .text.QuadDec_1_Enable
                0x000016c4       0x3c .\ARM_GCC_541\Debug\stendo_MIS_WIRE.a(QuadDec_1.o)
                0x000016c4                QuadDec_1_Enable
 .text.QuadDec_1_Start
                0x00001700       0x30 .\ARM_GCC_541\Debug\stendo_MIS_WIRE.a(QuadDec_1.o)
                0x00001700                QuadDec_1_Start
 .text.QuadDec_1_GetCounter
                0x00001730       0x24 .\ARM_GCC_541\Debug\stendo_MIS_WIRE.a(QuadDec_1.o)
                0x00001730                QuadDec_1_GetCounter
 .text.QuadDec_1_GetEvents
                0x00001754       0x1c .\ARM_GCC_541\Debug\stendo_MIS_WIRE.a(QuadDec_1.o)
                0x00001754                QuadDec_1_GetEvents
 .text.QuadDec_1_SetInterruptMask
                0x00001770       0x20 .\ARM_GCC_541\Debug\stendo_MIS_WIRE.a(QuadDec_1.o)
                0x00001770                QuadDec_1_SetInterruptMask
 .text.QuadDec_1_Cnt16_Init
                0x00001790       0x80 .\ARM_GCC_541\Debug\stendo_MIS_WIRE.a(QuadDec_1_Cnt16.o)
                0x00001790                QuadDec_1_Cnt16_Init
 .text.QuadDec_1_Cnt16_Enable
                0x00001810       0x20 .\ARM_GCC_541\Debug\stendo_MIS_WIRE.a(QuadDec_1_Cnt16.o)
                0x00001810                QuadDec_1_Cnt16_Enable
 .text.QuadDec_1_Cnt16_Start
                0x00001830       0x24 .\ARM_GCC_541\Debug\stendo_MIS_WIRE.a(QuadDec_1_Cnt16.o)
                0x00001830                QuadDec_1_Cnt16_Start
 .text.QuadDec_1_Cnt16_SetInterruptMode
                0x00001854       0x20 .\ARM_GCC_541\Debug\stendo_MIS_WIRE.a(QuadDec_1_Cnt16.o)
                0x00001854                QuadDec_1_Cnt16_SetInterruptMode
 .text.QuadDec_1_Cnt16_ReadStatusRegister
                0x00001874       0x18 .\ARM_GCC_541\Debug\stendo_MIS_WIRE.a(QuadDec_1_Cnt16.o)
                0x00001874                QuadDec_1_Cnt16_ReadStatusRegister
 .text.QuadDec_1_Cnt16_WriteCounter
                0x0000188c       0x20 .\ARM_GCC_541\Debug\stendo_MIS_WIRE.a(QuadDec_1_Cnt16.o)
                0x0000188c                QuadDec_1_Cnt16_WriteCounter
 .text.QuadDec_1_Cnt16_ReadCounter
                0x000018ac       0x20 .\ARM_GCC_541\Debug\stendo_MIS_WIRE.a(QuadDec_1_Cnt16.o)
                0x000018ac                QuadDec_1_Cnt16_ReadCounter
 .text.QuadDec_1_Cnt16_ReadCapture
                0x000018cc       0x18 .\ARM_GCC_541\Debug\stendo_MIS_WIRE.a(QuadDec_1_Cnt16.o)
                0x000018cc                QuadDec_1_Cnt16_ReadCapture
 .text.QuadDec_1_Cnt16_WritePeriod
                0x000018e4       0x20 .\ARM_GCC_541\Debug\stendo_MIS_WIRE.a(QuadDec_1_Cnt16.o)
                0x000018e4                QuadDec_1_Cnt16_WritePeriod
 .text.QuadDec_1_Cnt16_WriteCompare
                0x00001904       0x20 .\ARM_GCC_541\Debug\stendo_MIS_WIRE.a(QuadDec_1_Cnt16.o)
                0x00001904                QuadDec_1_Cnt16_WriteCompare
 .text.QuadDec_1_Cnt16_ClearFIFO
                0x00001924       0x1c .\ARM_GCC_541\Debug\stendo_MIS_WIRE.a(QuadDec_1_Cnt16.o)
                0x00001924                QuadDec_1_Cnt16_ClearFIFO
 .text.PulseCounter_2_Init
                0x00001940       0x80 .\ARM_GCC_541\Debug\stendo_MIS_WIRE.a(PulseCounter_2.o)
                0x00001940                PulseCounter_2_Init
 .text.PulseCounter_2_Enable
                0x000019c0       0x20 .\ARM_GCC_541\Debug\stendo_MIS_WIRE.a(PulseCounter_2.o)
                0x000019c0                PulseCounter_2_Enable
 .text.PulseCounter_2_Start
                0x000019e0       0x24 .\ARM_GCC_541\Debug\stendo_MIS_WIRE.a(PulseCounter_2.o)
                0x000019e0                PulseCounter_2_Start
 .text.PulseCounter_2_SetInterruptMode
                0x00001a04       0x20 .\ARM_GCC_541\Debug\stendo_MIS_WIRE.a(PulseCounter_2.o)
                0x00001a04                PulseCounter_2_SetInterruptMode
 .text.PulseCounter_2_ReadStatusRegister
                0x00001a24       0x18 .\ARM_GCC_541\Debug\stendo_MIS_WIRE.a(PulseCounter_2.o)
                0x00001a24                PulseCounter_2_ReadStatusRegister
 .text.PulseCounter_2_WriteCounter
                0x00001a3c       0x20 .\ARM_GCC_541\Debug\stendo_MIS_WIRE.a(PulseCounter_2.o)
                0x00001a3c                PulseCounter_2_WriteCounter
 .text.PulseCounter_2_ReadCounter
                0x00001a5c       0x20 .\ARM_GCC_541\Debug\stendo_MIS_WIRE.a(PulseCounter_2.o)
                0x00001a5c                PulseCounter_2_ReadCounter
 .text.PulseCounter_2_ReadCapture
                0x00001a7c       0x18 .\ARM_GCC_541\Debug\stendo_MIS_WIRE.a(PulseCounter_2.o)
                0x00001a7c                PulseCounter_2_ReadCapture
 .text.PulseCounter_2_WritePeriod
                0x00001a94       0x20 .\ARM_GCC_541\Debug\stendo_MIS_WIRE.a(PulseCounter_2.o)
                0x00001a94                PulseCounter_2_WritePeriod
 .text.PulseCounter_2_WriteCompare
                0x00001ab4       0x20 .\ARM_GCC_541\Debug\stendo_MIS_WIRE.a(PulseCounter_2.o)
                0x00001ab4                PulseCounter_2_WriteCompare
 .text.PulseCounter_2_ClearFIFO
                0x00001ad4       0x1c .\ARM_GCC_541\Debug\stendo_MIS_WIRE.a(PulseCounter_2.o)
                0x00001ad4                PulseCounter_2_ClearFIFO
 .text.isr_PulseCounter_2_StartEx
                0x00001af0       0x24 .\ARM_GCC_541\Debug\stendo_MIS_WIRE.a(isr_PulseCounter_2.o)
                0x00001af0                isr_PulseCounter_2_StartEx
 .text.isr_PulseCounter_2_SetVector
                0x00001b14       0x24 .\ARM_GCC_541\Debug\stendo_MIS_WIRE.a(isr_PulseCounter_2.o)
                0x00001b14                isr_PulseCounter_2_SetVector
 .text.isr_PulseCounter_2_SetPriority
                0x00001b38       0x24 .\ARM_GCC_541\Debug\stendo_MIS_WIRE.a(isr_PulseCounter_2.o)
                0x00001b38                isr_PulseCounter_2_SetPriority
 .text.isr_PulseCounter_2_Enable
                0x00001b5c       0x18 .\ARM_GCC_541\Debug\stendo_MIS_WIRE.a(isr_PulseCounter_2.o)
                0x00001b5c                isr_PulseCounter_2_Enable
 .text.isr_PulseCounter_2_Disable
                0x00001b74       0x18 .\ARM_GCC_541\Debug\stendo_MIS_WIRE.a(isr_PulseCounter_2.o)
                0x00001b74                isr_PulseCounter_2_Disable
 .text.isr_PulseCounter_1_StartEx
                0x00001b8c       0x24 .\ARM_GCC_541\Debug\stendo_MIS_WIRE.a(isr_PulseCounter_1.o)
                0x00001b8c                isr_PulseCounter_1_StartEx
 .text.isr_PulseCounter_1_SetVector
                0x00001bb0       0x24 .\ARM_GCC_541\Debug\stendo_MIS_WIRE.a(isr_PulseCounter_1.o)
                0x00001bb0                isr_PulseCounter_1_SetVector
 .text.isr_PulseCounter_1_SetPriority
                0x00001bd4       0x24 .\ARM_GCC_541\Debug\stendo_MIS_WIRE.a(isr_PulseCounter_1.o)
                0x00001bd4                isr_PulseCounter_1_SetPriority
 .text.isr_PulseCounter_1_Enable
                0x00001bf8       0x18 .\ARM_GCC_541\Debug\stendo_MIS_WIRE.a(isr_PulseCounter_1.o)
                0x00001bf8                isr_PulseCounter_1_Enable
 .text.isr_PulseCounter_1_Disable
                0x00001c10       0x18 .\ARM_GCC_541\Debug\stendo_MIS_WIRE.a(isr_PulseCounter_1.o)
                0x00001c10                isr_PulseCounter_1_Disable
 .text.SPIM_Init
                0x00001c28       0xa8 .\ARM_GCC_541\Debug\stendo_MIS_WIRE.a(SPIM.o)
                0x00001c28                SPIM_Init
 .text.SPIM_Enable
                0x00001cd0       0x64 .\ARM_GCC_541\Debug\stendo_MIS_WIRE.a(SPIM.o)
                0x00001cd0                SPIM_Enable
 .text.SPIM_Start
                0x00001d34       0x24 .\ARM_GCC_541\Debug\stendo_MIS_WIRE.a(SPIM.o)
                0x00001d34                SPIM_Start
 .text.SPIM_EnableTxInt
                0x00001d58       0x18 .\ARM_GCC_541\Debug\stendo_MIS_WIRE.a(SPIM.o)
                0x00001d58                SPIM_EnableTxInt
 .text.SPIM_EnableRxInt
                0x00001d70       0x18 .\ARM_GCC_541\Debug\stendo_MIS_WIRE.a(SPIM.o)
                0x00001d70                SPIM_EnableRxInt
 .text.SPIM_DisableTxInt
                0x00001d88       0x18 .\ARM_GCC_541\Debug\stendo_MIS_WIRE.a(SPIM.o)
                0x00001d88                SPIM_DisableTxInt
 .text.SPIM_DisableRxInt
                0x00001da0       0x18 .\ARM_GCC_541\Debug\stendo_MIS_WIRE.a(SPIM.o)
                0x00001da0                SPIM_DisableRxInt
 .text.SPIM_ReadTxStatus
                0x00001db8       0x3c .\ARM_GCC_541\Debug\stendo_MIS_WIRE.a(SPIM.o)
                0x00001db8                SPIM_ReadTxStatus
 .text.SPIM_ReadRxStatus
                0x00001df4       0x3c .\ARM_GCC_541\Debug\stendo_MIS_WIRE.a(SPIM.o)
                0x00001df4                SPIM_ReadRxStatus
 .text.SPIM_WriteTxData
                0x00001e30      0x110 .\ARM_GCC_541\Debug\stendo_MIS_WIRE.a(SPIM.o)
                0x00001e30                SPIM_WriteTxData
 .text.SPIM_ReadRxData
                0x00001f40       0x78 .\ARM_GCC_541\Debug\stendo_MIS_WIRE.a(SPIM.o)
                0x00001f40                SPIM_ReadRxData
 .text.SPIM_GetRxBufferSize
                0x00001fb8       0x6c .\ARM_GCC_541\Debug\stendo_MIS_WIRE.a(SPIM.o)
                0x00001fb8                SPIM_GetRxBufferSize
 .text.SPIM_ClearRxBuffer
                0x00002024       0x4c .\ARM_GCC_541\Debug\stendo_MIS_WIRE.a(SPIM.o)
                0x00002024                SPIM_ClearRxBuffer
 .text.SPIM_ClearTxBuffer
                0x00002070       0x7c .\ARM_GCC_541\Debug\stendo_MIS_WIRE.a(SPIM.o)
                0x00002070                SPIM_ClearTxBuffer
 .text.SPIM_PutArray
                0x000020ec       0x3c .\ARM_GCC_541\Debug\stendo_MIS_WIRE.a(SPIM.o)
                0x000020ec                SPIM_PutArray
 .text.SPIM_ClearFIFO
                0x00002128       0x60 .\ARM_GCC_541\Debug\stendo_MIS_WIRE.a(SPIM.o)
                0x00002128                SPIM_ClearFIFO
 .text.SPIM_TX_ISR
                0x00002188       0xd4 .\ARM_GCC_541\Debug\stendo_MIS_WIRE.a(SPIM_INT.o)
                0x00002188                SPIM_TX_ISR
 .text.SPIM_RX_ISR
                0x0000225c       0xdc .\ARM_GCC_541\Debug\stendo_MIS_WIRE.a(SPIM_INT.o)
                0x0000225c                SPIM_RX_ISR
 .text.SPIS_Init
                0x00002338       0xa8 .\ARM_GCC_541\Debug\stendo_MIS_WIRE.a(SPIS.o)
                0x00002338                SPIS_Init
 .text.SPIS_Enable
                0x000023e0       0x6c .\ARM_GCC_541\Debug\stendo_MIS_WIRE.a(SPIS.o)
                0x000023e0                SPIS_Enable
 .text.SPIS_Start
                0x0000244c       0x24 .\ARM_GCC_541\Debug\stendo_MIS_WIRE.a(SPIS.o)
                0x0000244c                SPIS_Start
 .text.SPIS_EnableTxInt
                0x00002470       0x18 .\ARM_GCC_541\Debug\stendo_MIS_WIRE.a(SPIS.o)
                0x00002470                SPIS_EnableTxInt
 .text.SPIS_EnableRxInt
                0x00002488       0x18 .\ARM_GCC_541\Debug\stendo_MIS_WIRE.a(SPIS.o)
                0x00002488                SPIS_EnableRxInt
 .text.SPIS_DisableTxInt
                0x000024a0       0x18 .\ARM_GCC_541\Debug\stendo_MIS_WIRE.a(SPIS.o)
                0x000024a0                SPIS_DisableTxInt
 .text.SPIS_DisableRxInt
                0x000024b8       0x18 .\ARM_GCC_541\Debug\stendo_MIS_WIRE.a(SPIS.o)
                0x000024b8                SPIS_DisableRxInt
 .text.SPIS_ReadTxStatus
                0x000024d0       0x3c .\ARM_GCC_541\Debug\stendo_MIS_WIRE.a(SPIS.o)
                0x000024d0                SPIS_ReadTxStatus
 .text.SPIS_ReadRxStatus
                0x0000250c       0x3c .\ARM_GCC_541\Debug\stendo_MIS_WIRE.a(SPIS.o)
                0x0000250c                SPIS_ReadRxStatus
 .text.SPIS_WriteTxData
                0x00002548      0x110 .\ARM_GCC_541\Debug\stendo_MIS_WIRE.a(SPIS.o)
                0x00002548                SPIS_WriteTxData
 .text.SPIS_WriteTxDataZero
                0x00002658       0x20 .\ARM_GCC_541\Debug\stendo_MIS_WIRE.a(SPIS.o)
                0x00002658                SPIS_WriteTxDataZero
 .text.SPIS_ReadRxData
                0x00002678       0x78 .\ARM_GCC_541\Debug\stendo_MIS_WIRE.a(SPIS.o)
                0x00002678                SPIS_ReadRxData
 .text.SPIS_ClearRxBuffer
                0x000026f0       0x4c .\ARM_GCC_541\Debug\stendo_MIS_WIRE.a(SPIS.o)
                0x000026f0                SPIS_ClearRxBuffer
 .text.SPIS_ClearTxBuffer
                0x0000273c       0x7c .\ARM_GCC_541\Debug\stendo_MIS_WIRE.a(SPIS.o)
                0x0000273c                SPIS_ClearTxBuffer
 .text.SPIS_ClearFIFO
                0x000027b8       0x60 .\ARM_GCC_541\Debug\stendo_MIS_WIRE.a(SPIS.o)
                0x000027b8                SPIS_ClearFIFO
 .text.SPIS_TX_ISR
                0x00002818       0xd4 .\ARM_GCC_541\Debug\stendo_MIS_WIRE.a(SPIS_INT.o)
                0x00002818                SPIS_TX_ISR
 .text.SPIS_RX_ISR
                0x000028ec       0xdc .\ARM_GCC_541\Debug\stendo_MIS_WIRE.a(SPIS_INT.o)
                0x000028ec                SPIS_RX_ISR
 .text.isr_Capture_1_StartEx
                0x000029c8       0x24 .\ARM_GCC_541\Debug\stendo_MIS_WIRE.a(isr_Capture_1.o)
                0x000029c8                isr_Capture_1_StartEx
 .text.isr_Capture_1_SetVector
                0x000029ec       0x24 .\ARM_GCC_541\Debug\stendo_MIS_WIRE.a(isr_Capture_1.o)
                0x000029ec                isr_Capture_1_SetVector
 .text.isr_Capture_1_SetPriority
                0x00002a10       0x24 .\ARM_GCC_541\Debug\stendo_MIS_WIRE.a(isr_Capture_1.o)
                0x00002a10                isr_Capture_1_SetPriority
 .text.isr_Capture_1_Enable
                0x00002a34       0x18 .\ARM_GCC_541\Debug\stendo_MIS_WIRE.a(isr_Capture_1.o)
                0x00002a34                isr_Capture_1_Enable
 .text.isr_Capture_1_Disable
                0x00002a4c       0x18 .\ARM_GCC_541\Debug\stendo_MIS_WIRE.a(isr_Capture_1.o)
                0x00002a4c                isr_Capture_1_Disable
 .text.isr_Capture_2_StartEx
                0x00002a64       0x24 .\ARM_GCC_541\Debug\stendo_MIS_WIRE.a(isr_Capture_2.o)
                0x00002a64                isr_Capture_2_StartEx
 .text.isr_Capture_2_SetVector
                0x00002a88       0x24 .\ARM_GCC_541\Debug\stendo_MIS_WIRE.a(isr_Capture_2.o)
                0x00002a88                isr_Capture_2_SetVector
 .text.isr_Capture_2_SetPriority
                0x00002aac       0x24 .\ARM_GCC_541\Debug\stendo_MIS_WIRE.a(isr_Capture_2.o)
                0x00002aac                isr_Capture_2_SetPriority
 .text.isr_Capture_2_Enable
                0x00002ad0       0x18 .\ARM_GCC_541\Debug\stendo_MIS_WIRE.a(isr_Capture_2.o)
                0x00002ad0                isr_Capture_2_Enable
 .text.isr_Capture_2_Disable
                0x00002ae8       0x18 .\ARM_GCC_541\Debug\stendo_MIS_WIRE.a(isr_Capture_2.o)
                0x00002ae8                isr_Capture_2_Disable
 .text.BurstTimeout_1_Init
                0x00002b00       0xa0 .\ARM_GCC_541\Debug\stendo_MIS_WIRE.a(BurstTimeout_1.o)
                0x00002b00                BurstTimeout_1_Init
 .text.BurstTimeout_1_Enable
                0x00002ba0       0x48 .\ARM_GCC_541\Debug\stendo_MIS_WIRE.a(BurstTimeout_1.o)
                0x00002ba0                BurstTimeout_1_Enable
 .text.BurstTimeout_1_Start
                0x00002be8       0x24 .\ARM_GCC_541\Debug\stendo_MIS_WIRE.a(BurstTimeout_1.o)
                0x00002be8                BurstTimeout_1_Start
 .text.BurstTimeout_1_SetInterruptMode
                0x00002c0c       0x20 .\ARM_GCC_541\Debug\stendo_MIS_WIRE.a(BurstTimeout_1.o)
                0x00002c0c                BurstTimeout_1_SetInterruptMode
 .text.BurstTimeout_1_WritePeriod
                0x00002c2c       0x24 .\ARM_GCC_541\Debug\stendo_MIS_WIRE.a(BurstTimeout_1.o)
                0x00002c2c                BurstTimeout_1_WritePeriod
 .text.BurstTimeout_1_WriteCounter
                0x00002c50       0x20 .\ARM_GCC_541\Debug\stendo_MIS_WIRE.a(BurstTimeout_1.o)
                0x00002c50                BurstTimeout_1_WriteCounter
 .text.isr_Timestamp_StartEx
                0x00002c70       0x24 .\ARM_GCC_541\Debug\stendo_MIS_WIRE.a(isr_Timestamp.o)
                0x00002c70                isr_Timestamp_StartEx
 .text.isr_Timestamp_SetVector
                0x00002c94       0x24 .\ARM_GCC_541\Debug\stendo_MIS_WIRE.a(isr_Timestamp.o)
                0x00002c94                isr_Timestamp_SetVector
 .text.isr_Timestamp_SetPriority
                0x00002cb8       0x24 .\ARM_GCC_541\Debug\stendo_MIS_WIRE.a(isr_Timestamp.o)
                0x00002cb8                isr_Timestamp_SetPriority
 .text.isr_Timestamp_Enable
                0x00002cdc       0x18 .\ARM_GCC_541\Debug\stendo_MIS_WIRE.a(isr_Timestamp.o)
                0x00002cdc                isr_Timestamp_Enable
 .text.isr_Timestamp_Disable
                0x00002cf4       0x18 .\ARM_GCC_541\Debug\stendo_MIS_WIRE.a(isr_Timestamp.o)
                0x00002cf4                isr_Timestamp_Disable
 .text.BurstTimeout_2_Init
                0x00002d0c       0xa0 .\ARM_GCC_541\Debug\stendo_MIS_WIRE.a(BurstTimeout_2.o)
                0x00002d0c                BurstTimeout_2_Init
 .text.BurstTimeout_2_Enable
                0x00002dac       0x48 .\ARM_GCC_541\Debug\stendo_MIS_WIRE.a(BurstTimeout_2.o)
                0x00002dac                BurstTimeout_2_Enable
 .text.BurstTimeout_2_Start
                0x00002df4       0x24 .\ARM_GCC_541\Debug\stendo_MIS_WIRE.a(BurstTimeout_2.o)
                0x00002df4                BurstTimeout_2_Start
 .text.BurstTimeout_2_SetInterruptMode
                0x00002e18       0x20 .\ARM_GCC_541\Debug\stendo_MIS_WIRE.a(BurstTimeout_2.o)
                0x00002e18                BurstTimeout_2_SetInterruptMode
 .text.BurstTimeout_2_WritePeriod
                0x00002e38       0x24 .\ARM_GCC_541\Debug\stendo_MIS_WIRE.a(BurstTimeout_2.o)
                0x00002e38                BurstTimeout_2_WritePeriod
 .text.BurstTimeout_2_WriteCounter
                0x00002e5c       0x20 .\ARM_GCC_541\Debug\stendo_MIS_WIRE.a(BurstTimeout_2.o)
                0x00002e5c                BurstTimeout_2_WriteCounter
 .text.Timestamp_Init
                0x00002e7c       0x48 .\ARM_GCC_541\Debug\stendo_MIS_WIRE.a(Timestamp.o)
                0x00002e7c                Timestamp_Init
 .text.Timestamp_Enable
                0x00002ec4       0x20 .\ARM_GCC_541\Debug\stendo_MIS_WIRE.a(Timestamp.o)
                0x00002ec4                Timestamp_Enable
 .text.Timestamp_Start
                0x00002ee4       0x24 .\ARM_GCC_541\Debug\stendo_MIS_WIRE.a(Timestamp.o)
                0x00002ee4                Timestamp_Start
 .text.Timestamp_SetInterruptMode
                0x00002f08       0x20 .\ARM_GCC_541\Debug\stendo_MIS_WIRE.a(Timestamp.o)
                0x00002f08                Timestamp_SetInterruptMode
 .text.Timestamp_ReadStatusRegister
                0x00002f28       0x18 .\ARM_GCC_541\Debug\stendo_MIS_WIRE.a(Timestamp.o)
                0x00002f28                Timestamp_ReadStatusRegister
 .text.Timestamp_WritePeriod
                0x00002f40       0x20 .\ARM_GCC_541\Debug\stendo_MIS_WIRE.a(Timestamp.o)
                0x00002f40                Timestamp_WritePeriod
 .text.Timestamp_ReadCapture
                0x00002f60       0x18 .\ARM_GCC_541\Debug\stendo_MIS_WIRE.a(Timestamp.o)
                0x00002f60                Timestamp_ReadCapture
 .text.Timestamp_WriteCounter
                0x00002f78       0x20 .\ARM_GCC_541\Debug\stendo_MIS_WIRE.a(Timestamp.o)
                0x00002f78                Timestamp_WriteCounter
 .text.Timestamp_ReadCounter
                0x00002f98       0x20 .\ARM_GCC_541\Debug\stendo_MIS_WIRE.a(Timestamp.o)
                0x00002f98                Timestamp_ReadCounter
 .text.Timestamp_ClearFIFO
                0x00002fb8       0x1c .\ARM_GCC_541\Debug\stendo_MIS_WIRE.a(Timestamp.o)
                0x00002fb8                Timestamp_ClearFIFO
 .text.isr_START_StartEx
                0x00002fd4       0x24 .\ARM_GCC_541\Debug\stendo_MIS_WIRE.a(isr_START.o)
                0x00002fd4                isr_START_StartEx
 .text.isr_START_SetVector
                0x00002ff8       0x24 .\ARM_GCC_541\Debug\stendo_MIS_WIRE.a(isr_START.o)
                0x00002ff8                isr_START_SetVector
 .text.isr_START_SetPriority
                0x0000301c       0x24 .\ARM_GCC_541\Debug\stendo_MIS_WIRE.a(isr_START.o)
                0x0000301c                isr_START_SetPriority
 .text.isr_START_Enable
                0x00003040       0x18 .\ARM_GCC_541\Debug\stendo_MIS_WIRE.a(isr_START.o)
                0x00003040                isr_START_Enable
 .text.isr_START_Disable
                0x00003058       0x18 .\ARM_GCC_541\Debug\stendo_MIS_WIRE.a(isr_START.o)
                0x00003058                isr_START_Disable
 .text.isr_STOP_StartEx
                0x00003070       0x24 .\ARM_GCC_541\Debug\stendo_MIS_WIRE.a(isr_STOP.o)
                0x00003070                isr_STOP_StartEx
 .text.isr_STOP_SetVector
                0x00003094       0x24 .\ARM_GCC_541\Debug\stendo_MIS_WIRE.a(isr_STOP.o)
                0x00003094                isr_STOP_SetVector
 .text.isr_STOP_SetPriority
                0x000030b8       0x24 .\ARM_GCC_541\Debug\stendo_MIS_WIRE.a(isr_STOP.o)
                0x000030b8                isr_STOP_SetPriority
 .text.isr_STOP_Enable
                0x000030dc       0x18 .\ARM_GCC_541\Debug\stendo_MIS_WIRE.a(isr_STOP.o)
                0x000030dc                isr_STOP_Enable
 .text.isr_STOP_Disable
                0x000030f4       0x18 .\ARM_GCC_541\Debug\stendo_MIS_WIRE.a(isr_STOP.o)
                0x000030f4                isr_STOP_Disable
 .text.isr_CS_Rise_StartEx
                0x0000310c       0x24 .\ARM_GCC_541\Debug\stendo_MIS_WIRE.a(isr_CS_Rise.o)
                0x0000310c                isr_CS_Rise_StartEx
 .text.isr_CS_Rise_SetVector
                0x00003130       0x24 .\ARM_GCC_541\Debug\stendo_MIS_WIRE.a(isr_CS_Rise.o)
                0x00003130                isr_CS_Rise_SetVector
 .text.isr_CS_Rise_SetPriority
                0x00003154       0x24 .\ARM_GCC_541\Debug\stendo_MIS_WIRE.a(isr_CS_Rise.o)
                0x00003154                isr_CS_Rise_SetPriority
 .text.isr_CS_Rise_Enable
                0x00003178       0x18 .\ARM_GCC_541\Debug\stendo_MIS_WIRE.a(isr_CS_Rise.o)
                0x00003178                isr_CS_Rise_Enable
 .text.isr_CS_Rise_Disable
                0x00003190       0x18 .\ARM_GCC_541\Debug\stendo_MIS_WIRE.a(isr_CS_Rise.o)
                0x00003190                isr_CS_Rise_Disable
 .text.PulseCounter_3_Init
                0x000031a8       0x80 .\ARM_GCC_541\Debug\stendo_MIS_WIRE.a(PulseCounter_3.o)
                0x000031a8                PulseCounter_3_Init
 .text.PulseCounter_3_Enable
                0x00003228       0x20 .\ARM_GCC_541\Debug\stendo_MIS_WIRE.a(PulseCounter_3.o)
                0x00003228                PulseCounter_3_Enable
 .text.PulseCounter_3_Start
                0x00003248       0x24 .\ARM_GCC_541\Debug\stendo_MIS_WIRE.a(PulseCounter_3.o)
                0x00003248                PulseCounter_3_Start
 .text.PulseCounter_3_SetInterruptMode
                0x0000326c       0x20 .\ARM_GCC_541\Debug\stendo_MIS_WIRE.a(PulseCounter_3.o)
                0x0000326c                PulseCounter_3_SetInterruptMode
 .text.PulseCounter_3_ReadStatusRegister
                0x0000328c       0x18 .\ARM_GCC_541\Debug\stendo_MIS_WIRE.a(PulseCounter_3.o)
                0x0000328c                PulseCounter_3_ReadStatusRegister
 .text.PulseCounter_3_WriteCounter
                0x000032a4       0x20 .\ARM_GCC_541\Debug\stendo_MIS_WIRE.a(PulseCounter_3.o)
                0x000032a4                PulseCounter_3_WriteCounter
 .text.PulseCounter_3_ReadCounter
                0x000032c4       0x20 .\ARM_GCC_541\Debug\stendo_MIS_WIRE.a(PulseCounter_3.o)
                0x000032c4                PulseCounter_3_ReadCounter
 .text.PulseCounter_3_ReadCapture
                0x000032e4       0x18 .\ARM_GCC_541\Debug\stendo_MIS_WIRE.a(PulseCounter_3.o)
                0x000032e4                PulseCounter_3_ReadCapture
 .text.PulseCounter_3_WritePeriod
                0x000032fc       0x20 .\ARM_GCC_541\Debug\stendo_MIS_WIRE.a(PulseCounter_3.o)
                0x000032fc                PulseCounter_3_WritePeriod
 .text.PulseCounter_3_WriteCompare
                0x0000331c       0x20 .\ARM_GCC_541\Debug\stendo_MIS_WIRE.a(PulseCounter_3.o)
                0x0000331c                PulseCounter_3_WriteCompare
 .text.PulseCounter_3_ClearFIFO
                0x0000333c       0x1c .\ARM_GCC_541\Debug\stendo_MIS_WIRE.a(PulseCounter_3.o)
                0x0000333c                PulseCounter_3_ClearFIFO
 .text.BurstTimeout_3_Init
                0x00003358       0xa0 .\ARM_GCC_541\Debug\stendo_MIS_WIRE.a(BurstTimeout_3.o)
                0x00003358                BurstTimeout_3_Init
 .text.BurstTimeout_3_Enable
                0x000033f8       0x48 .\ARM_GCC_541\Debug\stendo_MIS_WIRE.a(BurstTimeout_3.o)
                0x000033f8                BurstTimeout_3_Enable
 .text.BurstTimeout_3_Start
                0x00003440       0x24 .\ARM_GCC_541\Debug\stendo_MIS_WIRE.a(BurstTimeout_3.o)
                0x00003440                BurstTimeout_3_Start
 .text.BurstTimeout_3_SetInterruptMode
                0x00003464       0x20 .\ARM_GCC_541\Debug\stendo_MIS_WIRE.a(BurstTimeout_3.o)
                0x00003464                BurstTimeout_3_SetInterruptMode
 .text.BurstTimeout_3_WritePeriod
                0x00003484       0x24 .\ARM_GCC_541\Debug\stendo_MIS_WIRE.a(BurstTimeout_3.o)
                0x00003484                BurstTimeout_3_WritePeriod
 .text.BurstTimeout_3_WriteCounter
                0x000034a8       0x20 .\ARM_GCC_541\Debug\stendo_MIS_WIRE.a(BurstTimeout_3.o)
                0x000034a8                BurstTimeout_3_WriteCounter
 .text.isr_Capture_3_StartEx
                0x000034c8       0x24 .\ARM_GCC_541\Debug\stendo_MIS_WIRE.a(isr_Capture_3.o)
                0x000034c8                isr_Capture_3_StartEx
 .text.isr_Capture_3_SetVector
                0x000034ec       0x24 .\ARM_GCC_541\Debug\stendo_MIS_WIRE.a(isr_Capture_3.o)
                0x000034ec                isr_Capture_3_SetVector
 .text.isr_Capture_3_SetPriority
                0x00003510       0x24 .\ARM_GCC_541\Debug\stendo_MIS_WIRE.a(isr_Capture_3.o)
                0x00003510                isr_Capture_3_SetPriority
 .text.isr_Capture_3_Enable
                0x00003534       0x18 .\ARM_GCC_541\Debug\stendo_MIS_WIRE.a(isr_Capture_3.o)
                0x00003534                isr_Capture_3_Enable
 .text.isr_Capture_3_Disable
                0x0000354c       0x18 .\ARM_GCC_541\Debug\stendo_MIS_WIRE.a(isr_Capture_3.o)
                0x0000354c                isr_Capture_3_Disable
 .text.isr_PulseCounter_3_StartEx
                0x00003564       0x24 .\ARM_GCC_541\Debug\stendo_MIS_WIRE.a(isr_PulseCounter_3.o)
                0x00003564                isr_PulseCounter_3_StartEx
 .text.isr_PulseCounter_3_SetVector
                0x00003588       0x24 .\ARM_GCC_541\Debug\stendo_MIS_WIRE.a(isr_PulseCounter_3.o)
                0x00003588                isr_PulseCounter_3_SetVector
 .text.isr_PulseCounter_3_SetPriority
                0x000035ac       0x24 .\ARM_GCC_541\Debug\stendo_MIS_WIRE.a(isr_PulseCounter_3.o)
                0x000035ac                isr_PulseCounter_3_SetPriority
 .text.isr_PulseCounter_3_Enable
                0x000035d0       0x18 .\ARM_GCC_541\Debug\stendo_MIS_WIRE.a(isr_PulseCounter_3.o)
                0x000035d0                isr_PulseCounter_3_Enable
 .text.isr_PulseCounter_3_Disable
                0x000035e8       0x18 .\ARM_GCC_541\Debug\stendo_MIS_WIRE.a(isr_PulseCounter_3.o)
                0x000035e8                isr_PulseCounter_3_Disable
 .text.PulseCounter_4_Init
                0x00003600       0x80 .\ARM_GCC_541\Debug\stendo_MIS_WIRE.a(PulseCounter_4.o)
                0x00003600                PulseCounter_4_Init
 .text.PulseCounter_4_Enable
                0x00003680       0x20 .\ARM_GCC_541\Debug\stendo_MIS_WIRE.a(PulseCounter_4.o)
                0x00003680                PulseCounter_4_Enable
 .text.PulseCounter_4_Start
                0x000036a0       0x24 .\ARM_GCC_541\Debug\stendo_MIS_WIRE.a(PulseCounter_4.o)
                0x000036a0                PulseCounter_4_Start
 .text.PulseCounter_4_SetInterruptMode
                0x000036c4       0x20 .\ARM_GCC_541\Debug\stendo_MIS_WIRE.a(PulseCounter_4.o)
                0x000036c4                PulseCounter_4_SetInterruptMode
 .text.PulseCounter_4_ReadStatusRegister
                0x000036e4       0x18 .\ARM_GCC_541\Debug\stendo_MIS_WIRE.a(PulseCounter_4.o)
                0x000036e4                PulseCounter_4_ReadStatusRegister
 .text.PulseCounter_4_WriteCounter
                0x000036fc       0x20 .\ARM_GCC_541\Debug\stendo_MIS_WIRE.a(PulseCounter_4.o)
                0x000036fc                PulseCounter_4_WriteCounter
 .text.PulseCounter_4_ReadCounter
                0x0000371c       0x20 .\ARM_GCC_541\Debug\stendo_MIS_WIRE.a(PulseCounter_4.o)
                0x0000371c                PulseCounter_4_ReadCounter
 .text.PulseCounter_4_ReadCapture
                0x0000373c       0x18 .\ARM_GCC_541\Debug\stendo_MIS_WIRE.a(PulseCounter_4.o)
                0x0000373c                PulseCounter_4_ReadCapture
 .text.PulseCounter_4_WritePeriod
                0x00003754       0x20 .\ARM_GCC_541\Debug\stendo_MIS_WIRE.a(PulseCounter_4.o)
                0x00003754                PulseCounter_4_WritePeriod
 .text.PulseCounter_4_WriteCompare
                0x00003774       0x20 .\ARM_GCC_541\Debug\stendo_MIS_WIRE.a(PulseCounter_4.o)
                0x00003774                PulseCounter_4_WriteCompare
 .text.PulseCounter_4_ClearFIFO
                0x00003794       0x1c .\ARM_GCC_541\Debug\stendo_MIS_WIRE.a(PulseCounter_4.o)
                0x00003794                PulseCounter_4_ClearFIFO
 .text.BurstTimeout_4_Init
                0x000037b0       0xa0 .\ARM_GCC_541\Debug\stendo_MIS_WIRE.a(BurstTimeout_4.o)
                0x000037b0                BurstTimeout_4_Init
 .text.BurstTimeout_4_Enable
                0x00003850       0x48 .\ARM_GCC_541\Debug\stendo_MIS_WIRE.a(BurstTimeout_4.o)
                0x00003850                BurstTimeout_4_Enable
 .text.BurstTimeout_4_Start
                0x00003898       0x24 .\ARM_GCC_541\Debug\stendo_MIS_WIRE.a(BurstTimeout_4.o)
                0x00003898                BurstTimeout_4_Start
 .text.BurstTimeout_4_SetInterruptMode
                0x000038bc       0x20 .\ARM_GCC_541\Debug\stendo_MIS_WIRE.a(BurstTimeout_4.o)
                0x000038bc                BurstTimeout_4_SetInterruptMode
 .text.BurstTimeout_4_WritePeriod
                0x000038dc       0x24 .\ARM_GCC_541\Debug\stendo_MIS_WIRE.a(BurstTimeout_4.o)
                0x000038dc                BurstTimeout_4_WritePeriod
 .text.BurstTimeout_4_WriteCounter
                0x00003900       0x20 .\ARM_GCC_541\Debug\stendo_MIS_WIRE.a(BurstTimeout_4.o)
                0x00003900                BurstTimeout_4_WriteCounter
 .text.isr_Capture_4_StartEx
                0x00003920       0x24 .\ARM_GCC_541\Debug\stendo_MIS_WIRE.a(isr_Capture_4.o)
                0x00003920                isr_Capture_4_StartEx
 .text.isr_Capture_4_SetVector
                0x00003944       0x24 .\ARM_GCC_541\Debug\stendo_MIS_WIRE.a(isr_Capture_4.o)
                0x00003944                isr_Capture_4_SetVector
 .text.isr_Capture_4_SetPriority
                0x00003968       0x24 .\ARM_GCC_541\Debug\stendo_MIS_WIRE.a(isr_Capture_4.o)
                0x00003968                isr_Capture_4_SetPriority
 .text.isr_Capture_4_Enable
                0x0000398c       0x18 .\ARM_GCC_541\Debug\stendo_MIS_WIRE.a(isr_Capture_4.o)
                0x0000398c                isr_Capture_4_Enable
 .text.isr_Capture_4_Disable
                0x000039a4       0x18 .\ARM_GCC_541\Debug\stendo_MIS_WIRE.a(isr_Capture_4.o)
                0x000039a4                isr_Capture_4_Disable
 .text.isr_PulseCounter_4_StartEx
                0x000039bc       0x24 .\ARM_GCC_541\Debug\stendo_MIS_WIRE.a(isr_PulseCounter_4.o)
                0x000039bc                isr_PulseCounter_4_StartEx
 .text.isr_PulseCounter_4_SetVector
                0x000039e0       0x24 .\ARM_GCC_541\Debug\stendo_MIS_WIRE.a(isr_PulseCounter_4.o)
                0x000039e0                isr_PulseCounter_4_SetVector
 .text.isr_PulseCounter_4_SetPriority
                0x00003a04       0x24 .\ARM_GCC_541\Debug\stendo_MIS_WIRE.a(isr_PulseCounter_4.o)
                0x00003a04                isr_PulseCounter_4_SetPriority
 .text.isr_PulseCounter_4_Enable
                0x00003a28       0x18 .\ARM_GCC_541\Debug\stendo_MIS_WIRE.a(isr_PulseCounter_4.o)
                0x00003a28                isr_PulseCounter_4_Enable
 .text.isr_PulseCounter_4_Disable
                0x00003a40       0x18 .\ARM_GCC_541\Debug\stendo_MIS_WIRE.a(isr_PulseCounter_4.o)
                0x00003a40                isr_PulseCounter_4_Disable
 .text.QuadDec_2_Init
                0x00003a58        0xc .\ARM_GCC_541\Debug\stendo_MIS_WIRE.a(QuadDec_2.o)
                0x00003a58                QuadDec_2_Init
 .text.QuadDec_2_Enable
                0x00003a64       0x3c .\ARM_GCC_541\Debug\stendo_MIS_WIRE.a(QuadDec_2.o)
                0x00003a64                QuadDec_2_Enable
 .text.QuadDec_2_Start
                0x00003aa0       0x2c .\ARM_GCC_541\Debug\stendo_MIS_WIRE.a(QuadDec_2.o)
                0x00003aa0                QuadDec_2_Start
 .text.QuadDec_2_GetCounter
                0x00003acc       0x24 .\ARM_GCC_541\Debug\stendo_MIS_WIRE.a(QuadDec_2.o)
                0x00003acc                QuadDec_2_GetCounter
 .text.QuadDec_2_GetEvents
                0x00003af0       0x1c .\ARM_GCC_541\Debug\stendo_MIS_WIRE.a(QuadDec_2.o)
                0x00003af0                QuadDec_2_GetEvents
 .text.QuadDec_2_SetInterruptMask
                0x00003b0c       0x20 .\ARM_GCC_541\Debug\stendo_MIS_WIRE.a(QuadDec_2.o)
                0x00003b0c                QuadDec_2_SetInterruptMask
 .text.QuadDec_2_Cnt8_Init
                0x00003b2c       0x7c .\ARM_GCC_541\Debug\stendo_MIS_WIRE.a(QuadDec_2_Cnt8.o)
                0x00003b2c                QuadDec_2_Cnt8_Init
 .text.QuadDec_2_Cnt8_Enable
                0x00003ba8       0x20 .\ARM_GCC_541\Debug\stendo_MIS_WIRE.a(QuadDec_2_Cnt8.o)
                0x00003ba8                QuadDec_2_Cnt8_Enable
 .text.QuadDec_2_Cnt8_Start
                0x00003bc8       0x24 .\ARM_GCC_541\Debug\stendo_MIS_WIRE.a(QuadDec_2_Cnt8.o)
                0x00003bc8                QuadDec_2_Cnt8_Start
 .text.QuadDec_2_Cnt8_SetInterruptMode
                0x00003bec       0x20 .\ARM_GCC_541\Debug\stendo_MIS_WIRE.a(QuadDec_2_Cnt8.o)
                0x00003bec                QuadDec_2_Cnt8_SetInterruptMode
 .text.QuadDec_2_Cnt8_ReadStatusRegister
                0x00003c0c       0x18 .\ARM_GCC_541\Debug\stendo_MIS_WIRE.a(QuadDec_2_Cnt8.o)
                0x00003c0c                QuadDec_2_Cnt8_ReadStatusRegister
 .text.QuadDec_2_Cnt8_WriteCounter
                0x00003c24       0x20 .\ARM_GCC_541\Debug\stendo_MIS_WIRE.a(QuadDec_2_Cnt8.o)
                0x00003c24                QuadDec_2_Cnt8_WriteCounter
 .text.QuadDec_2_Cnt8_ReadCounter
                0x00003c44       0x20 .\ARM_GCC_541\Debug\stendo_MIS_WIRE.a(QuadDec_2_Cnt8.o)
                0x00003c44                QuadDec_2_Cnt8_ReadCounter
 .text.QuadDec_2_Cnt8_ReadCapture
                0x00003c64       0x18 .\ARM_GCC_541\Debug\stendo_MIS_WIRE.a(QuadDec_2_Cnt8.o)
                0x00003c64                QuadDec_2_Cnt8_ReadCapture
 .text.QuadDec_2_Cnt8_WritePeriod
                0x00003c7c       0x20 .\ARM_GCC_541\Debug\stendo_MIS_WIRE.a(QuadDec_2_Cnt8.o)
                0x00003c7c                QuadDec_2_Cnt8_WritePeriod
 .text.QuadDec_2_Cnt8_WriteCompare
                0x00003c9c       0x20 .\ARM_GCC_541\Debug\stendo_MIS_WIRE.a(QuadDec_2_Cnt8.o)
                0x00003c9c                QuadDec_2_Cnt8_WriteCompare
 .text.QuadDec_2_Cnt8_ClearFIFO
                0x00003cbc       0x1c .\ARM_GCC_541\Debug\stendo_MIS_WIRE.a(QuadDec_2_Cnt8.o)
                0x00003cbc                QuadDec_2_Cnt8_ClearFIFO
 .text.isr_QuadDec_1_StartEx
                0x00003cd8       0x24 .\ARM_GCC_541\Debug\stendo_MIS_WIRE.a(isr_QuadDec_1.o)
                0x00003cd8                isr_QuadDec_1_StartEx
 .text.isr_QuadDec_1_SetVector
                0x00003cfc       0x24 .\ARM_GCC_541\Debug\stendo_MIS_WIRE.a(isr_QuadDec_1.o)
                0x00003cfc                isr_QuadDec_1_SetVector
 .text.isr_QuadDec_1_SetPriority
                0x00003d20       0x24 .\ARM_GCC_541\Debug\stendo_MIS_WIRE.a(isr_QuadDec_1.o)
                0x00003d20                isr_QuadDec_1_SetPriority
 .text.isr_QuadDec_1_Enable
                0x00003d44       0x18 .\ARM_GCC_541\Debug\stendo_MIS_WIRE.a(isr_QuadDec_1.o)
                0x00003d44                isr_QuadDec_1_Enable
 .text.isr_QuadDec_1_Disable
                0x00003d5c       0x18 .\ARM_GCC_541\Debug\stendo_MIS_WIRE.a(isr_QuadDec_1.o)
                0x00003d5c                isr_QuadDec_1_Disable
 .text.isr_QuadDec_2_StartEx
                0x00003d74       0x24 .\ARM_GCC_541\Debug\stendo_MIS_WIRE.a(isr_QuadDec_2.o)
                0x00003d74                isr_QuadDec_2_StartEx
 .text.isr_QuadDec_2_SetVector
                0x00003d98       0x24 .\ARM_GCC_541\Debug\stendo_MIS_WIRE.a(isr_QuadDec_2.o)
                0x00003d98                isr_QuadDec_2_SetVector
 .text.isr_QuadDec_2_SetPriority
                0x00003dbc       0x24 .\ARM_GCC_541\Debug\stendo_MIS_WIRE.a(isr_QuadDec_2.o)
                0x00003dbc                isr_QuadDec_2_SetPriority
 .text.isr_QuadDec_2_Enable
                0x00003de0       0x18 .\ARM_GCC_541\Debug\stendo_MIS_WIRE.a(isr_QuadDec_2.o)
                0x00003de0                isr_QuadDec_2_Enable
 .text.isr_QuadDec_2_Disable
                0x00003df8       0x18 .\ARM_GCC_541\Debug\stendo_MIS_WIRE.a(isr_QuadDec_2.o)
                0x00003df8                isr_QuadDec_2_Disable
 .text          0x00003e10       0x54 .\ARM_GCC_541\Debug\stendo_MIS_WIRE.a(CyBootAsmGnu.o)
                0x00003e10                CyDelayCycles
                0x00003e4e                CyEnterCriticalSection
                0x00003e56                CyExitCriticalSection
 .text.__errno  0x00003e64        0xc c:/program files (x86)/cypress/psoc creator/4.1/psoc creator/import/gnu/arm/5.4.1/bin/../lib/gcc/arm-none-eabi/5.4.1/../../../../arm-none-eabi/lib/armv7-m\libg_nano.a(lib_a-errno.o)
                0x00003e64                __errno
 .text.__libc_init_array
                0x00003e70       0x4c c:/program files (x86)/cypress/psoc creator/4.1/psoc creator/import/gnu/arm/5.4.1/bin/../lib/gcc/arm-none-eabi/5.4.1/../../../../arm-none-eabi/lib/armv7-m\libg_nano.a(lib_a-init.o)
                0x00003e70                __libc_init_array
 .text.memcpy   0x00003ebc       0x16 c:/program files (x86)/cypress/psoc creator/4.1/psoc creator/import/gnu/arm/5.4.1/bin/../lib/gcc/arm-none-eabi/5.4.1/../../../../arm-none-eabi/lib/armv7-m\libg_nano.a(lib_a-memcpy-stub.o)
                0x00003ebc                memcpy
 .text.memset   0x00003ed2       0x10 c:/program files (x86)/cypress/psoc creator/4.1/psoc creator/import/gnu/arm/5.4.1/bin/../lib/gcc/arm-none-eabi/5.4.1/../../../../arm-none-eabi/lib/armv7-m\libg_nano.a(lib_a-memset.o)
                0x00003ed2                memset
 .text.__cvt    0x00003ee2       0xc0 c:/program files (x86)/cypress/psoc creator/4.1/psoc creator/import/gnu/arm/5.4.1/bin/../lib/gcc/arm-none-eabi/5.4.1/../../../../arm-none-eabi/lib/armv7-m\libg_nano.a(lib_a-nano-vfprintf_float.o)
                0x00003ee2                __cvt
 .text.__exponent
                0x00003fa2       0x62 c:/program files (x86)/cypress/psoc creator/4.1/psoc creator/import/gnu/arm/5.4.1/bin/../lib/gcc/arm-none-eabi/5.4.1/../../../../arm-none-eabi/lib/armv7-m\libg_nano.a(lib_a-nano-vfprintf_float.o)
                0x00003fa2                __exponent
 .text._printf_float
                0x00004004      0x488 c:/program files (x86)/cypress/psoc creator/4.1/psoc creator/import/gnu/arm/5.4.1/bin/../lib/gcc/arm-none-eabi/5.4.1/../../../../arm-none-eabi/lib/armv7-m\libg_nano.a(lib_a-nano-vfprintf_float.o)
                0x00004004                _printf_float
 .text._printf_common
                0x0000448c       0xec c:/program files (x86)/cypress/psoc creator/4.1/psoc creator/import/gnu/arm/5.4.1/bin/../lib/gcc/arm-none-eabi/5.4.1/../../../../arm-none-eabi/lib/armv7-m\libg_nano.a(lib_a-nano-vfprintf_i.o)
                0x0000448c                _printf_common
 .text._printf_i
                0x00004578      0x24c c:/program files (x86)/cypress/psoc creator/4.1/psoc creator/import/gnu/arm/5.4.1/bin/../lib/gcc/arm-none-eabi/5.4.1/../../../../arm-none-eabi/lib/armv7-m\libg_nano.a(lib_a-nano-vfprintf_i.o)
                0x00004578                _printf_i
 .text.sprintf  0x000047c4       0x48 c:/program files (x86)/cypress/psoc creator/4.1/psoc creator/import/gnu/arm/5.4.1/bin/../lib/gcc/arm-none-eabi/5.4.1/../../../../arm-none-eabi/lib/armv7-m\libg_nano.a(lib_a-sprintf.o)
                0x000047c4                siprintf
                0x000047c4                sprintf
 .text          0x0000480c       0x10 c:/program files (x86)/cypress/psoc creator/4.1/psoc creator/import/gnu/arm/5.4.1/bin/../lib/gcc/arm-none-eabi/5.4.1/../../../../arm-none-eabi/lib/armv7-m\libg_nano.a(lib_a-strlen.o)
                0x0000480c                strlen
 .text.quorem   0x0000481c      0x116 c:/program files (x86)/cypress/psoc creator/4.1/psoc creator/import/gnu/arm/5.4.1/bin/../lib/gcc/arm-none-eabi/5.4.1/../../../../arm-none-eabi/lib/armv7-m\libg_nano.a(lib_a-dtoa.o)
 *fill*         0x00004932        0x6 
 .text._dtoa_r  0x00004938      0xb30 c:/program files (x86)/cypress/psoc creator/4.1/psoc creator/import/gnu/arm/5.4.1/bin/../lib/gcc/arm-none-eabi/5.4.1/../../../../arm-none-eabi/lib/armv7-m\libg_nano.a(lib_a-dtoa.o)
                0x00004938                _dtoa_r
 .text._localeconv_r
                0x00005468        0x8 c:/program files (x86)/cypress/psoc creator/4.1/psoc creator/import/gnu/arm/5.4.1/bin/../lib/gcc/arm-none-eabi/5.4.1/../../../../arm-none-eabi/lib/armv7-m\libg_nano.a(lib_a-locale.o)
                0x00005468                _localeconv_r
 .text.malloc   0x00005470       0x10 c:/program files (x86)/cypress/psoc creator/4.1/psoc creator/import/gnu/arm/5.4.1/bin/../lib/gcc/arm-none-eabi/5.4.1/../../../../arm-none-eabi/lib/armv7-m\libg_nano.a(lib_a-malloc.o)
                0x00005470                malloc
 .text.memchr   0x00005480       0x1c c:/program files (x86)/cypress/psoc creator/4.1/psoc creator/import/gnu/arm/5.4.1/bin/../lib/gcc/arm-none-eabi/5.4.1/../../../../arm-none-eabi/lib/armv7-m\libg_nano.a(lib_a-memchr-stub.o)
                0x00005480                memchr
 .text._Balloc  0x0000549c       0x6a c:/program files (x86)/cypress/psoc creator/4.1/psoc creator/import/gnu/arm/5.4.1/bin/../lib/gcc/arm-none-eabi/5.4.1/../../../../arm-none-eabi/lib/armv7-m\libg_nano.a(lib_a-mprec.o)
                0x0000549c                _Balloc
 .text._Bfree   0x00005506       0x2e c:/program files (x86)/cypress/psoc creator/4.1/psoc creator/import/gnu/arm/5.4.1/bin/../lib/gcc/arm-none-eabi/5.4.1/../../../../arm-none-eabi/lib/armv7-m\libg_nano.a(lib_a-mprec.o)
                0x00005506                _Bfree
 .text.__multadd
                0x00005534       0x76 c:/program files (x86)/cypress/psoc creator/4.1/psoc creator/import/gnu/arm/5.4.1/bin/../lib/gcc/arm-none-eabi/5.4.1/../../../../arm-none-eabi/lib/armv7-m\libg_nano.a(lib_a-mprec.o)
                0x00005534                __multadd
 .text.__hi0bits
                0x000055aa       0x40 c:/program files (x86)/cypress/psoc creator/4.1/psoc creator/import/gnu/arm/5.4.1/bin/../lib/gcc/arm-none-eabi/5.4.1/../../../../arm-none-eabi/lib/armv7-m\libg_nano.a(lib_a-mprec.o)
                0x000055aa                __hi0bits
 .text.__lo0bits
                0x000055ea       0x5a c:/program files (x86)/cypress/psoc creator/4.1/psoc creator/import/gnu/arm/5.4.1/bin/../lib/gcc/arm-none-eabi/5.4.1/../../../../arm-none-eabi/lib/armv7-m\libg_nano.a(lib_a-mprec.o)
                0x000055ea                __lo0bits
 .text.__i2b    0x00005644       0x12 c:/program files (x86)/cypress/psoc creator/4.1/psoc creator/import/gnu/arm/5.4.1/bin/../lib/gcc/arm-none-eabi/5.4.1/../../../../arm-none-eabi/lib/armv7-m\libg_nano.a(lib_a-mprec.o)
                0x00005644                __i2b
 .text.__multiply
                0x00005656      0x120 c:/program files (x86)/cypress/psoc creator/4.1/psoc creator/import/gnu/arm/5.4.1/bin/../lib/gcc/arm-none-eabi/5.4.1/../../../../arm-none-eabi/lib/armv7-m\libg_nano.a(lib_a-mprec.o)
                0x00005656                __multiply
 *fill*         0x00005776        0x2 
 .text.__pow5mult
                0x00005778       0x9c c:/program files (x86)/cypress/psoc creator/4.1/psoc creator/import/gnu/arm/5.4.1/bin/../lib/gcc/arm-none-eabi/5.4.1/../../../../arm-none-eabi/lib/armv7-m\libg_nano.a(lib_a-mprec.o)
                0x00005778                __pow5mult
 .text.__lshift
                0x00005814       0xa2 c:/program files (x86)/cypress/psoc creator/4.1/psoc creator/import/gnu/arm/5.4.1/bin/../lib/gcc/arm-none-eabi/5.4.1/../../../../arm-none-eabi/lib/armv7-m\libg_nano.a(lib_a-mprec.o)
                0x00005814                __lshift
 .text.__mcmp   0x000058b6       0x38 c:/program files (x86)/cypress/psoc creator/4.1/psoc creator/import/gnu/arm/5.4.1/bin/../lib/gcc/arm-none-eabi/5.4.1/../../../../arm-none-eabi/lib/armv7-m\libg_nano.a(lib_a-mprec.o)
                0x000058b6                __mcmp
 .text.__mdiff  0x000058ee       0xbe c:/program files (x86)/cypress/psoc creator/4.1/psoc creator/import/gnu/arm/5.4.1/bin/../lib/gcc/arm-none-eabi/5.4.1/../../../../arm-none-eabi/lib/armv7-m\libg_nano.a(lib_a-mprec.o)
                0x000058ee                __mdiff
 .text.__d2b    0x000059ac       0x9c c:/program files (x86)/cypress/psoc creator/4.1/psoc creator/import/gnu/arm/5.4.1/bin/../lib/gcc/arm-none-eabi/5.4.1/../../../../arm-none-eabi/lib/armv7-m\libg_nano.a(lib_a-mprec.o)
                0x000059ac                __d2b
 .text._calloc_r
                0x00005a48       0x1c c:/program files (x86)/cypress/psoc creator/4.1/psoc creator/import/gnu/arm/5.4.1/bin/../lib/gcc/arm-none-eabi/5.4.1/../../../../arm-none-eabi/lib/armv7-m\libg_nano.a(lib_a-nano-callocr.o)
                0x00005a48                _calloc_r
 .text._free_r  0x00005a64       0x98 c:/program files (x86)/cypress/psoc creator/4.1/psoc creator/import/gnu/arm/5.4.1/bin/../lib/gcc/arm-none-eabi/5.4.1/../../../../arm-none-eabi/lib/armv7-m\libg_nano.a(lib_a-nano-freer.o)
                0x00005a64                _free_r
 .text._malloc_r
                0x00005afc       0xbc c:/program files (x86)/cypress/psoc creator/4.1/psoc creator/import/gnu/arm/5.4.1/bin/../lib/gcc/arm-none-eabi/5.4.1/../../../../arm-none-eabi/lib/armv7-m\libg_nano.a(lib_a-nano-mallocr.o)
                0x00005afc                _malloc_r
 .text.__ssputs_r
                0x00005bb8       0xb2 c:/program files (x86)/cypress/psoc creator/4.1/psoc creator/import/gnu/arm/5.4.1/bin/../lib/gcc/arm-none-eabi/5.4.1/../../../../arm-none-eabi/lib/armv7-m\libg_nano.a(lib_a-nano-svfprintf.o)
                0x00005bb8                __ssputs_r
 *fill*         0x00005c6a        0x2 
 .text._svfprintf_r
                0x00005c6c      0x1e8 c:/program files (x86)/cypress/psoc creator/4.1/psoc creator/import/gnu/arm/5.4.1/bin/../lib/gcc/arm-none-eabi/5.4.1/../../../../arm-none-eabi/lib/armv7-m\libg_nano.a(lib_a-nano-svfprintf.o)
                0x00005c6c                _svfiprintf_r
                0x00005c6c                _svfprintf_r
 .text._sbrk_r  0x00005e54       0x20 c:/program files (x86)/cypress/psoc creator/4.1/psoc creator/import/gnu/arm/5.4.1/bin/../lib/gcc/arm-none-eabi/5.4.1/../../../../arm-none-eabi/lib/armv7-m\libg_nano.a(lib_a-sbrkr.o)
                0x00005e54                _sbrk_r
 .text.memmove  0x00005e74       0x36 c:/program files (x86)/cypress/psoc creator/4.1/psoc creator/import/gnu/arm/5.4.1/bin/../lib/gcc/arm-none-eabi/5.4.1/../../../../arm-none-eabi/lib/armv7-m\libg_nano.a(lib_a-memmove.o)
                0x00005e74                memmove
 .text.__malloc_lock
                0x00005eaa        0x2 c:/program files (x86)/cypress/psoc creator/4.1/psoc creator/import/gnu/arm/5.4.1/bin/../lib/gcc/arm-none-eabi/5.4.1/../../../../arm-none-eabi/lib/armv7-m\libg_nano.a(lib_a-mlock.o)
                0x00005eaa                __malloc_lock
 .text.__malloc_unlock
                0x00005eac        0x2 c:/program files (x86)/cypress/psoc creator/4.1/psoc creator/import/gnu/arm/5.4.1/bin/../lib/gcc/arm-none-eabi/5.4.1/../../../../arm-none-eabi/lib/armv7-m\libg_nano.a(lib_a-mlock.o)
                0x00005eac                __malloc_unlock
 .text._realloc_r
                0x00005eae       0x4c c:/program files (x86)/cypress/psoc creator/4.1/psoc creator/import/gnu/arm/5.4.1/bin/../lib/gcc/arm-none-eabi/5.4.1/../../../../arm-none-eabi/lib/armv7-m\libg_nano.a(lib_a-nano-reallocr.o)
                0x00005eae                _realloc_r
 .text._malloc_usable_size_r
                0x00005efa       0x14 c:/program files (x86)/cypress/psoc creator/4.1/psoc creator/import/gnu/arm/5.4.1/bin/../lib/gcc/arm-none-eabi/5.4.1/../../../../arm-none-eabi/lib/armv7-m\libg_nano.a(lib_a-nano-msizer.o)
                0x00005efa                _malloc_usable_size_r
 *fill*         0x00005f0e        0x2 
 .text          0x00005f10      0x370 c:/program files (x86)/cypress/psoc creator/4.1/psoc creator/import/gnu/arm/5.4.1/bin/../lib/gcc/arm-none-eabi/5.4.1/armv7-m\libgcc.a(_arm_addsubdf3.o)
                0x00005f10                __aeabi_drsub
                0x00005f18                __aeabi_dsub
                0x00005f18                __subdf3
                0x00005f1c                __aeabi_dadd
                0x00005f1c                __adddf3
                0x00006194                __floatunsidf
                0x00006194                __aeabi_ui2d
                0x000061b4                __floatsidf
                0x000061b4                __aeabi_i2d
                0x000061d8                __aeabi_f2d
                0x000061d8                __extendsfdf2
                0x00006214                __floatundidf
                0x00006214                __aeabi_ul2d
                0x00006224                __floatdidf
                0x00006224                __aeabi_l2d
 .text          0x00006280      0x424 c:/program files (x86)/cypress/psoc creator/4.1/psoc creator/import/gnu/arm/5.4.1/bin/../lib/gcc/arm-none-eabi/5.4.1/armv7-m\libgcc.a(_arm_muldivdf3.o)
                0x00006280                __aeabi_dmul
                0x00006280                __muldf3
                0x000064d4                __divdf3
                0x000064d4                __aeabi_ddiv
 .text          0x000066a4      0x110 c:/program files (x86)/cypress/psoc creator/4.1/psoc creator/import/gnu/arm/5.4.1/bin/../lib/gcc/arm-none-eabi/5.4.1/armv7-m\libgcc.a(_arm_cmpdf2.o)
                0x000066a4                __gtdf2
                0x000066a4                __gedf2
                0x000066ac                __ltdf2
                0x000066ac                __ledf2
                0x000066b4                __nedf2
                0x000066b4                __eqdf2
                0x000066b4                __cmpdf2
                0x00006730                __aeabi_cdrcmple
                0x00006740                __aeabi_cdcmpeq
                0x00006740                __aeabi_cdcmple
                0x00006750                __aeabi_dcmpeq
                0x00006764                __aeabi_dcmplt
                0x00006778                __aeabi_dcmple
                0x0000678c                __aeabi_dcmpge
                0x000067a0                __aeabi_dcmpgt
 .text          0x000067b4       0x2c c:/program files (x86)/cypress/psoc creator/4.1/psoc creator/import/gnu/arm/5.4.1/bin/../lib/gcc/arm-none-eabi/5.4.1/armv7-m\libgcc.a(_arm_unorddf2.o)
                0x000067b4                __unorddf2
                0x000067b4                __aeabi_dcmpun
 .text          0x000067e0       0x50 c:/program files (x86)/cypress/psoc creator/4.1/psoc creator/import/gnu/arm/5.4.1/bin/../lib/gcc/arm-none-eabi/5.4.1/armv7-m\libgcc.a(_arm_fixdfsi.o)
                0x000067e0                __aeabi_d2iz
                0x000067e0                __fixdfsi
 *(.plt)
 *(.gnu.warning)
 *(.glue_7t)
 .glue_7t       0x00006830        0x0 linker stubs
 *(.glue_7)
 .glue_7        0x00006830        0x0 linker stubs
 *(.vfp11_veneer)
 .vfp11_veneer  0x00006830        0x0 linker stubs
 *(.bootloader)
 *(.ARM.extab* .gnu.linkonce.armextab.*)
 *(.gcc_except_table)

.v4_bx          0x00006830        0x0
 .v4_bx         0x00006830        0x0 linker stubs

.iplt           0x00006830        0x0
 .iplt          0x00006830        0x0 c:/program files (x86)/cypress/psoc creator/4.1/psoc creator/import/gnu/arm/5.4.1/bin/../lib/gcc/arm-none-eabi/5.4.1/armv7-m/crtbegin.o

.eh_frame_hdr
 *(.eh_frame_hdr)

.eh_frame       0x00006830        0x4
 *(.eh_frame)
 .eh_frame      0x00006830        0x0 c:/program files (x86)/cypress/psoc creator/4.1/psoc creator/import/gnu/arm/5.4.1/bin/../lib/gcc/arm-none-eabi/5.4.1/armv7-m/crtbegin.o
 .eh_frame      0x00006830        0x4 c:/program files (x86)/cypress/psoc creator/4.1/psoc creator/import/gnu/arm/5.4.1/bin/../lib/gcc/arm-none-eabi/5.4.1/armv7-m/crtend.o
                [!provide]                PROVIDE (__exidx_start, .)

.ARM.exidx
 *(.ARM.exidx* .gnu.linkonce.armexidx.*)
                0x00006834                __exidx_end = .

.rodata         0x00006838      0x2b0
 *(.rodata .rodata.* .gnu.linkonce.r.*)
 .rodata        0x00006838       0x77 .\ARM_GCC_541\Debug\main.o
 *fill*         0x000068af        0x1 
 .rodata        0x000068b0       0x28 .\ARM_GCC_541\Debug\assert.o
 .rodata        0x000068d8       0x78 .\ARM_GCC_541\Debug\cyfitter_cfg.o
 .rodata.str1.1
                0x00006950        0x2 c:/program files (x86)/cypress/psoc creator/4.1/psoc creator/import/gnu/arm/5.4.1/bin/../lib/gcc/arm-none-eabi/5.4.1/../../../../arm-none-eabi/lib/armv7-m\libg_nano.a(lib_a-impure.o)
 .rodata.str1.1
                0x00006952       0x12 c:/program files (x86)/cypress/psoc creator/4.1/psoc creator/import/gnu/arm/5.4.1/bin/../lib/gcc/arm-none-eabi/5.4.1/../../../../arm-none-eabi/lib/armv7-m\libg_nano.a(lib_a-nano-vfprintf_float.o)
 .rodata.str1.1
                0x00006964       0x22 c:/program files (x86)/cypress/psoc creator/4.1/psoc creator/import/gnu/arm/5.4.1/bin/../lib/gcc/arm-none-eabi/5.4.1/../../../../arm-none-eabi/lib/armv7-m\libg_nano.a(lib_a-nano-vfprintf_i.o)
 .rodata.str1.1
                0x00006986        0xd c:/program files (x86)/cypress/psoc creator/4.1/psoc creator/import/gnu/arm/5.4.1/bin/../lib/gcc/arm-none-eabi/5.4.1/../../../../arm-none-eabi/lib/armv7-m\libg_nano.a(lib_a-dtoa.o)
                                  0xf (size before relaxing)
 .rodata.str1.1
                0x00006993        0x8 c:/program files (x86)/cypress/psoc creator/4.1/psoc creator/import/gnu/arm/5.4.1/bin/../lib/gcc/arm-none-eabi/5.4.1/../../../../arm-none-eabi/lib/armv7-m\libg_nano.a(lib_a-locale.o)
                                  0xb (size before relaxing)
 *fill*         0x0000699b        0x5 
 .rodata.__mprec_tens
                0x000069a0       0xc8 c:/program files (x86)/cypress/psoc creator/4.1/psoc creator/import/gnu/arm/5.4.1/bin/../lib/gcc/arm-none-eabi/5.4.1/../../../../arm-none-eabi/lib/armv7-m\libg_nano.a(lib_a-mprec.o)
                0x000069a0                __mprec_tens
 .rodata.p05.5408
                0x00006a68        0xc c:/program files (x86)/cypress/psoc creator/4.1/psoc creator/import/gnu/arm/5.4.1/bin/../lib/gcc/arm-none-eabi/5.4.1/../../../../arm-none-eabi/lib/armv7-m\libg_nano.a(lib_a-mprec.o)
 *fill*         0x00006a74        0x4 
 .rodata.__mprec_bigtens
                0x00006a78       0x28 c:/program files (x86)/cypress/psoc creator/4.1/psoc creator/import/gnu/arm/5.4.1/bin/../lib/gcc/arm-none-eabi/5.4.1/../../../../arm-none-eabi/lib/armv7-m\libg_nano.a(lib_a-mprec.o)
                0x00006a78                __mprec_bigtens
 .rodata.str1.1
                0x00006aa0       0x11 c:/program files (x86)/cypress/psoc creator/4.1/psoc creator/import/gnu/arm/5.4.1/bin/../lib/gcc/arm-none-eabi/5.4.1/../../../../arm-none-eabi/lib/armv7-m\libg_nano.a(lib_a-nano-svfprintf.o)
                0x00006ab4                . = ALIGN (0x4)
 *fill*         0x00006ab1        0x3 
 *(.init)
 .init          0x00006ab4        0x4 c:/program files (x86)/cypress/psoc creator/4.1/psoc creator/import/gnu/arm/5.4.1/bin/../lib/gcc/arm-none-eabi/5.4.1/armv7-m/crti.o
                0x00006ab4                _init
 .init          0x00006ab8        0x8 c:/program files (x86)/cypress/psoc creator/4.1/psoc creator/import/gnu/arm/5.4.1/bin/../lib/gcc/arm-none-eabi/5.4.1/armv7-m/crtn.o
                0x00006ac0                . = ALIGN (0x4)
                0x00006ac0                __preinit_array_start = .
 *(.preinit_array)
                0x00006ac0                __preinit_array_end = .
                0x00006ac0                . = ALIGN (0x4)
                0x00006ac0                __init_array_start = .
 *(SORT(.init_array.*))
 *(.init_array)
 .init_array    0x00006ac0        0x4 c:/program files (x86)/cypress/psoc creator/4.1/psoc creator/import/gnu/arm/5.4.1/bin/../lib/gcc/arm-none-eabi/5.4.1/armv7-m/crtbegin.o
 .init_array    0x00006ac4        0x4 .\ARM_GCC_541\Debug\Cm3Start.o
                0x00006ac8                __init_array_end = .
                0x00006ac8                . = ALIGN (0x4)
 *(.fini)
 .fini          0x00006ac8        0x4 c:/program files (x86)/cypress/psoc creator/4.1/psoc creator/import/gnu/arm/5.4.1/bin/../lib/gcc/arm-none-eabi/5.4.1/armv7-m/crti.o
                0x00006ac8                _fini
 .fini          0x00006acc        0x8 c:/program files (x86)/cypress/psoc creator/4.1/psoc creator/import/gnu/arm/5.4.1/bin/../lib/gcc/arm-none-eabi/5.4.1/armv7-m/crtn.o
                0x00006ad4                . = ALIGN (0x4)
                0x00006ad4                __fini_array_start = .
 *(.fini_array)
 .fini_array    0x00006ad4        0x4 c:/program files (x86)/cypress/psoc creator/4.1/psoc creator/import/gnu/arm/5.4.1/bin/../lib/gcc/arm-none-eabi/5.4.1/armv7-m/crtbegin.o
 *(SORT(.fini_array.*))
                0x00006ad8                __fini_array_end = .
                0x00006ad8                . = ALIGN (0x4)
 *crtbegin.o(.ctors)
 *(EXCLUDE_FILE(*crtend.o) .ctors)
 *(SORT(.ctors.*))
 *crtend.o(.ctors)
                0x00006ad8                . = ALIGN (0x4)
 *crtbegin.o(.dtors)
 *(EXCLUDE_FILE(*crtend.o) .dtors)
 *(SORT(.dtors.*))
 *crtend.o(.dtors)
                0x00006ad8                . = ALIGN (0x4)
                0x00006ad8                __cy_regions = .
                0x00006ad8        0x4 LONG 0x6ae8 __cy_region_init_ram
                0x00006adc        0x4 LONG 0x1fff80c8 __cy_region_start_data
                0x00006ae0        0x4 LONG 0xb8 __cy_region_init_size_ram
                0x00006ae4        0x4 LONG 0x520 __cy_region_zero_size_ram
                0x00006ae8                __cy_regions_end = .
                0x00006ae8                . = ALIGN (0x8)
                0x00006ae8                _etext = .

.cy_checksum_exclude
                0x00006ae8        0x0
 *(.cy_checksum_exclude)

.ramvectors     0x1fff8000       0xc0
                0x1fff8000                __cy_region_start_ram = .
 *(.ramvectors)
 .ramvectors    0x1fff8000       0xc0 .\ARM_GCC_541\Debug\Cm3Start.o
                0x1fff8000                CyRamVectors

.noinit         0x1fff80c0        0x5
 *(.noinit)
 .noinit        0x1fff80c0        0x4 .\ARM_GCC_541\Debug\Cm3Start.o
 .noinit        0x1fff80c4        0x1 .\ARM_GCC_541\Debug\stendo_MIS_WIRE.a(CyLib.o)
                0x1fff80c4                CyResetStatus

.data           0x1fff80c8       0xb8 load address 0x00006ae8
                0x1fff80c8                __cy_region_start_data = .
 *(.jcr)
 .jcr           0x1fff80c8        0x0 c:/program files (x86)/cypress/psoc creator/4.1/psoc creator/import/gnu/arm/5.4.1/bin/../lib/gcc/arm-none-eabi/5.4.1/armv7-m/crtbegin.o
 .jcr           0x1fff80c8        0x4 c:/program files (x86)/cypress/psoc creator/4.1/psoc creator/import/gnu/arm/5.4.1/bin/../lib/gcc/arm-none-eabi/5.4.1/armv7-m/crtend.o
 *(.got.plt)
 *(.got)
 *(.shdata)
 *(.data .data.* .gnu.linkonce.d.*)
 .data          0x1fff80cc        0x4 .\ARM_GCC_541\Debug\Cm3Start.o
 .data          0x1fff80d0       0x10 .\ARM_GCC_541\Debug\stendo_MIS_WIRE.a(CyLib.o)
                0x1fff80d0                cydelay_freq_hz
                0x1fff80d4                cydelay_freq_khz
                0x1fff80d8                cydelay_freq_mhz
                0x1fff80dc                cydelay_32k_ms
 .data.impure_data
                0x1fff80e0       0x60 c:/program files (x86)/cypress/psoc creator/4.1/psoc creator/import/gnu/arm/5.4.1/bin/../lib/gcc/arm-none-eabi/5.4.1/../../../../arm-none-eabi/lib/armv7-m\libg_nano.a(lib_a-impure.o)
 .data._impure_ptr
                0x1fff8140        0x4 c:/program files (x86)/cypress/psoc creator/4.1/psoc creator/import/gnu/arm/5.4.1/bin/../lib/gcc/arm-none-eabi/5.4.1/../../../../arm-none-eabi/lib/armv7-m\libg_nano.a(lib_a-impure.o)
                0x1fff8140                _impure_ptr
 .data.lconv    0x1fff8144       0x38 c:/program files (x86)/cypress/psoc creator/4.1/psoc creator/import/gnu/arm/5.4.1/bin/../lib/gcc/arm-none-eabi/5.4.1/../../../../arm-none-eabi/lib/armv7-m\libg_nano.a(lib_a-locale.o)
                0x1fff8180                . = ALIGN (0x8)
 *fill*         0x1fff817c        0x4 
 *(.ram)
                0x1fff8180                _edata = .

.igot.plt       0x1fff8180        0x0 load address 0x00006ba0
 .igot.plt      0x1fff8180        0x0 c:/program files (x86)/cypress/psoc creator/4.1/psoc creator/import/gnu/arm/5.4.1/bin/../lib/gcc/arm-none-eabi/5.4.1/armv7-m/crtbegin.o

.bss            0x1fff8180      0x520 load address 0x00006ba0
                0x1fff8180                PROVIDE (__bss_start__, .)
 *(.shbss)
 *(.bss .bss.* .gnu.linkonce.b.*)
 .bss           0x1fff8180       0x1c c:/program files (x86)/cypress/psoc creator/4.1/psoc creator/import/gnu/arm/5.4.1/bin/../lib/gcc/arm-none-eabi/5.4.1/armv7-m/crtbegin.o
 .bss           0x1fff819c       0x14 .\ARM_GCC_541\Debug\mis.o
                0x1fff819c                pulseCounter1
                0x1fff81a0                timestampTimer
                0x1fff81a4                pulseCounter2
                0x1fff81a8                pulseCounter3
                0x1fff81ac                pulseCounter4
 .bss           0x1fff81b0        0x2 .\ARM_GCC_541\Debug\stendo_MIS_WIRE.a(UART_1.o)
                0x1fff81b0                UART_1_initVar
 .bss           0x1fff81b2        0x1 .\ARM_GCC_541\Debug\stendo_MIS_WIRE.a(PulseCounter_1.o)
                0x1fff81b2                PulseCounter_1_initVar
 .bss           0x1fff81b3        0x1 .\ARM_GCC_541\Debug\stendo_MIS_WIRE.a(QuadDec_1.o)
                0x1fff81b3                QuadDec_1_initVar
 .bss           0x1fff81b4        0x1 .\ARM_GCC_541\Debug\stendo_MIS_WIRE.a(QuadDec_1_Cnt16.o)
                0x1fff81b4                QuadDec_1_Cnt16_initVar
 .bss           0x1fff81b5        0x1 .\ARM_GCC_541\Debug\stendo_MIS_WIRE.a(PulseCounter_2.o)
                0x1fff81b5                PulseCounter_2_initVar
 .bss           0x1fff81b6        0x1 .\ARM_GCC_541\Debug\stendo_MIS_WIRE.a(SPIM.o)
                0x1fff81b6                SPIM_initVar
 .bss           0x1fff81b7        0x1 .\ARM_GCC_541\Debug\stendo_MIS_WIRE.a(SPIS.o)
                0x1fff81b7                SPIS_initVar
 .bss           0x1fff81b8        0x1 .\ARM_GCC_541\Debug\stendo_MIS_WIRE.a(BurstTimeout_1.o)
                0x1fff81b8                BurstTimeout_1_initVar
 .bss           0x1fff81b9        0x1 .\ARM_GCC_541\Debug\stendo_MIS_WIRE.a(BurstTimeout_2.o)
                0x1fff81b9                BurstTimeout_2_initVar
 .bss           0x1fff81ba        0x1 .\ARM_GCC_541\Debug\stendo_MIS_WIRE.a(Timestamp.o)
                0x1fff81ba                Timestamp_initVar
 .bss           0x1fff81bb        0x1 .\ARM_GCC_541\Debug\stendo_MIS_WIRE.a(PulseCounter_3.o)
                0x1fff81bb                PulseCounter_3_initVar
 .bss           0x1fff81bc        0x1 .\ARM_GCC_541\Debug\stendo_MIS_WIRE.a(BurstTimeout_3.o)
                0x1fff81bc                BurstTimeout_3_initVar
 .bss           0x1fff81bd        0x1 .\ARM_GCC_541\Debug\stendo_MIS_WIRE.a(PulseCounter_4.o)
                0x1fff81bd                PulseCounter_4_initVar
 .bss           0x1fff81be        0x1 .\ARM_GCC_541\Debug\stendo_MIS_WIRE.a(BurstTimeout_4.o)
                0x1fff81be                BurstTimeout_4_initVar
 .bss           0x1fff81bf        0x1 .\ARM_GCC_541\Debug\stendo_MIS_WIRE.a(QuadDec_2.o)
                0x1fff81bf                QuadDec_2_initVar
 .bss           0x1fff81c0        0x1 .\ARM_GCC_541\Debug\stendo_MIS_WIRE.a(QuadDec_2_Cnt8.o)
                0x1fff81c0                QuadDec_2_Cnt8_initVar
 *fill*         0x1fff81c1        0x3 
 .bss.__malloc_sbrk_start
                0x1fff81c4        0x4 c:/program files (x86)/cypress/psoc creator/4.1/psoc creator/import/gnu/arm/5.4.1/bin/../lib/gcc/arm-none-eabi/5.4.1/../../../../arm-none-eabi/lib/armv7-m\libg_nano.a(lib_a-nano-mallocr.o)
                0x1fff81c4                __malloc_sbrk_start
 .bss.__malloc_free_list
                0x1fff81c8        0x4 c:/program files (x86)/cypress/psoc creator/4.1/psoc creator/import/gnu/arm/5.4.1/bin/../lib/gcc/arm-none-eabi/5.4.1/../../../../arm-none-eabi/lib/armv7-m\libg_nano.a(lib_a-nano-mallocr.o)
                0x1fff81c8                __malloc_free_list
 *(COMMON)
 COMMON         0x1fff81cc      0x1f9 .\ARM_GCC_541\Debug\main.o
                0x1fff81cc                txt
                0x1fff83c0                buffer
                0x1fff83c4                checksum
 *fill*         0x1fff83c5        0x3 
 COMMON         0x1fff83c8      0x1f4 .\ARM_GCC_541\Debug\assert.o
                0x1fff83c8                text
 COMMON         0x1fff85bc       0x40 .\ARM_GCC_541\Debug\mis.o
                0x1fff85bc                capture_1_count
                0x1fff85c0                capture_4_Timestamp_hw
                0x1fff85c4                capture_3_Timestamp_hw
                0x1fff85c8                capture_2_Timestamp_hw
                0x1fff85cc                capture_1_Timestamp_hw
                0x1fff85d0                capture_4_count
                0x1fff85d4                capture_4_timestampTimer
                0x1fff85dc                capture_2_count
                0x1fff85e0                capture_2_timestampTimer
                0x1fff85e8                capture_1_timestampTimer
                0x1fff85f0                capture_3_timestampTimer
                0x1fff85f8                capture_3_count
 COMMON         0x1fff85fc       0x4e .\ARM_GCC_541\Debug\stendo_MIS_WIRE.a(SPIM.o)
                0x1fff85fc                SPIM_rxBufferFull
                0x1fff8600                SPIM_txBuffer
                0x1fff8620                SPIM_swStatusTx
                0x1fff8624                SPIM_rxBuffer
                0x1fff8644                SPIM_txBufferFull
                0x1fff8645                SPIM_txBufferRead
                0x1fff8646                SPIM_rxBufferWrite
                0x1fff8647                SPIM_txBufferWrite
                0x1fff8648                SPIM_rxBufferRead
                0x1fff8649                SPIM_swStatusRx
 *fill*         0x1fff864a        0x2 
 COMMON         0x1fff864c       0x49 .\ARM_GCC_541\Debug\stendo_MIS_WIRE.a(SPIS.o)
                0x1fff864c                SPIS_rxBufferRead
                0x1fff864d                SPIS_rxBufferFull
                0x1fff864e                SPIS_txBufferFull
                0x1fff864f                SPIS_rxBufferWrite
                0x1fff8650                SPIS_txBufferRead
                0x1fff8651                SPIS_swStatusTx
                0x1fff8652                SPIS_txBufferWrite
                0x1fff8654                SPIS_rxBuffer
                0x1fff8674                SPIS_txBuffer
                0x1fff8694                SPIS_swStatusRx
 *fill*         0x1fff8695        0x3 
 COMMON         0x1fff8698        0x4 c:/program files (x86)/cypress/psoc creator/4.1/psoc creator/import/gnu/arm/5.4.1/bin/../lib/gcc/arm-none-eabi/5.4.1/../../../../arm-none-eabi/lib/armv7-m\libg_nano.a(lib_a-reent.o)
                0x1fff8698                errno
                0x1fff86a0                . = ALIGN (0x8)
 *fill*         0x1fff869c        0x4 
 *(.ram.b)
                0x1fff86a0                _end = .
                0x1fff86a0                __end = .
                0x1fff86a0                PROVIDE (end, .)
                0x1fff86a0                PROVIDE (__bss_end__, .)
                0x00006ae8                __cy_region_init_ram = LOADADDR (.data)
                0x000000b8                __cy_region_init_size_ram = (_edata - ADDR (.data))
                0x00000520                __cy_region_zero_size_ram = (_end - _edata)

.heap           0x1fff86a0       0x80 load address 0x00006ba0
                0x1fff86a0                . = _end
                0x1fff8720                . = (. + 0x80)
 *fill*         0x1fff86a0       0x80 
                0x1fff8720                __cy_heap_limit = .

.stack          0x20007800      0x800
                0x20007800                __cy_stack_limit = .
                0x20008000                . = (. + 0x800)
 *fill*         0x20007800      0x800 
                0x00000001                ASSERT ((__cy_stack_limit >= __cy_heap_limit), region RAM overflowed with stack)
                0x00000000                cy_checksum_exclude_size = (CY_APPL_LOADABLE == 0x1)?SIZEOF (.cy_checksum_exclude):0x0
                0x00000001                ASSERT ((cy_checksum_exclude_size <= CY_CHECKSUM_EXCLUDE_SIZE), CY_BOOT: Section .cy_checksum_exclude size exceedes specified limit.)

.cyloadermeta
 *(.cyloadermeta)

.cyloadablemeta
 *(.cyloadablemeta)

.cyconfigecc    0x80000000     0x1340
 *(.cyconfigecc)
 .cyconfigecc   0x80000000     0x1340 .\ARM_GCC_541\Debug\cymetadata.o
                0x80000000                cy_meta_configecc

.cycustnvl      0x90000000        0x4
 *(.cycustnvl)
 .cycustnvl     0x90000000        0x4 .\ARM_GCC_541\Debug\cymetadata.o
                0x90000000                cy_meta_custnvl

.cywolatch      0x90100000        0x4
 *(.cywolatch)
 .cywolatch     0x90100000        0x4 .\ARM_GCC_541\Debug\cymetadata.o
                0x90100000                cy_meta_wonvl

.cyeeprom       0x90200000        0x0
 *(.cyeeprom)
                0x00000001                ASSERT ((. <= ((0x90200000 + ee_offset) + ee_size)), .cyeeprom data will not fit in EEPROM)

.cyflashprotect
                0x90400000      0x100
 *(.cyflashprotect)
 .cyflashprotect
                0x90400000      0x100 .\ARM_GCC_541\Debug\cymetadata.o
                0x90400000                cy_meta_flashprotect

.cymeta         0x90500000        0xc
 *(.cymeta)
 .cymeta        0x90500000        0xc .\ARM_GCC_541\Debug\cymetadata.o
                0x90500000                cy_metadata

.rel.dyn        0x00006ba0        0x0 load address 0x9050000c
 .rel.iplt      0x00006ba0        0x0 c:/program files (x86)/cypress/psoc creator/4.1/psoc creator/import/gnu/arm/5.4.1/bin/../lib/gcc/arm-none-eabi/5.4.1/armv7-m/crtbegin.o

.stab
 *(.stab)

.stabstr
 *(.stabstr)

.debug
 *(.debug)

.line
 *(.line)

.debug_srcinfo
 *(.debug_srcinfo)

.debug_sfnames
 *(.debug_sfnames)

.debug_aranges  0x00000000     0x1900
 *(.debug_aranges)
 .debug_aranges
                0x00000000       0x58 .\ARM_GCC_541\Debug\main.o
 .debug_aranges
                0x00000058       0x20 .\ARM_GCC_541\Debug\assert.o
 .debug_aranges
                0x00000078       0x20 .\ARM_GCC_541\Debug\SPI.o
 .debug_aranges
                0x00000098      0x150 .\ARM_GCC_541\Debug\mis.o
 .debug_aranges
                0x000001e8       0x60 .\ARM_GCC_541\Debug\cyfitter_cfg.o
 .debug_aranges
                0x00000248       0x18 .\ARM_GCC_541\Debug\cymetadata.o
 .debug_aranges
                0x00000260       0x48 .\ARM_GCC_541\Debug\Cm3Start.o
 .debug_aranges
                0x000002a8       0xf0 .\ARM_GCC_541\Debug\stendo_MIS_WIRE.a(UART_1.o)
 .debug_aranges
                0x00000398       0x70 .\ARM_GCC_541\Debug\stendo_MIS_WIRE.a(UART_1_IntClock.o)
 .debug_aranges
                0x00000408      0x2a0 .\ARM_GCC_541\Debug\stendo_MIS_WIRE.a(CyLib.o)
 .debug_aranges
                0x000006a8       0x98 .\ARM_GCC_541\Debug\stendo_MIS_WIRE.a(cyPm.o)
 .debug_aranges
                0x00000740       0x38 .\ARM_GCC_541\Debug\stendo_MIS_WIRE.a(LED1.o)
 .debug_aranges
                0x00000778       0x28 .\ARM_GCC_541\Debug\stendo_MIS_WIRE.a(MIS_Reg.o)
 .debug_aranges
                0x000007a0       0x40 .\ARM_GCC_541\Debug\stendo_MIS_WIRE.a(MIS_Stat.o)
 .debug_aranges
                0x000007e0       0x98 .\ARM_GCC_541\Debug\stendo_MIS_WIRE.a(PulseCounter_1.o)
 .debug_aranges
                0x00000878       0x60 .\ARM_GCC_541\Debug\stendo_MIS_WIRE.a(QuadDec_1.o)
 .debug_aranges
                0x000008d8       0x98 .\ARM_GCC_541\Debug\stendo_MIS_WIRE.a(QuadDec_1_Cnt16.o)
 .debug_aranges
                0x00000970       0x98 .\ARM_GCC_541\Debug\stendo_MIS_WIRE.a(PulseCounter_2.o)
 .debug_aranges
                0x00000a08       0x80 .\ARM_GCC_541\Debug\stendo_MIS_WIRE.a(isr_PulseCounter_2.o)
 .debug_aranges
                0x00000a88       0x80 .\ARM_GCC_541\Debug\stendo_MIS_WIRE.a(isr_PulseCounter_1.o)
 .debug_aranges
                0x00000b08       0xd8 .\ARM_GCC_541\Debug\stendo_MIS_WIRE.a(SPIM.o)
 .debug_aranges
                0x00000be0       0x28 .\ARM_GCC_541\Debug\stendo_MIS_WIRE.a(SPIM_INT.o)
 .debug_aranges
                0x00000c08       0xe0 .\ARM_GCC_541\Debug\stendo_MIS_WIRE.a(SPIS.o)
 .debug_aranges
                0x00000ce8       0x28 .\ARM_GCC_541\Debug\stendo_MIS_WIRE.a(SPIS_INT.o)
 .debug_aranges
                0x00000d10       0x80 .\ARM_GCC_541\Debug\stendo_MIS_WIRE.a(isr_Capture_1.o)
 .debug_aranges
                0x00000d90       0x80 .\ARM_GCC_541\Debug\stendo_MIS_WIRE.a(isr_Capture_2.o)
 .debug_aranges
                0x00000e10       0x88 .\ARM_GCC_541\Debug\stendo_MIS_WIRE.a(BurstTimeout_1.o)
 .debug_aranges
                0x00000e98       0x80 .\ARM_GCC_541\Debug\stendo_MIS_WIRE.a(isr_Timestamp.o)
 .debug_aranges
                0x00000f18       0x88 .\ARM_GCC_541\Debug\stendo_MIS_WIRE.a(BurstTimeout_2.o)
 .debug_aranges
                0x00000fa0       0x90 .\ARM_GCC_541\Debug\stendo_MIS_WIRE.a(Timestamp.o)
 .debug_aranges
                0x00001030       0x80 .\ARM_GCC_541\Debug\stendo_MIS_WIRE.a(isr_START.o)
 .debug_aranges
                0x000010b0       0x80 .\ARM_GCC_541\Debug\stendo_MIS_WIRE.a(isr_STOP.o)
 .debug_aranges
                0x00001130       0x80 .\ARM_GCC_541\Debug\stendo_MIS_WIRE.a(isr_CS_Rise.o)
 .debug_aranges
                0x000011b0       0x98 .\ARM_GCC_541\Debug\stendo_MIS_WIRE.a(PulseCounter_3.o)
 .debug_aranges
                0x00001248       0x88 .\ARM_GCC_541\Debug\stendo_MIS_WIRE.a(BurstTimeout_3.o)
 .debug_aranges
                0x000012d0       0x80 .\ARM_GCC_541\Debug\stendo_MIS_WIRE.a(isr_Capture_3.o)
 .debug_aranges
                0x00001350       0x80 .\ARM_GCC_541\Debug\stendo_MIS_WIRE.a(isr_PulseCounter_3.o)
 .debug_aranges
                0x000013d0       0x98 .\ARM_GCC_541\Debug\stendo_MIS_WIRE.a(PulseCounter_4.o)
 .debug_aranges
                0x00001468       0x88 .\ARM_GCC_541\Debug\stendo_MIS_WIRE.a(BurstTimeout_4.o)
 .debug_aranges
                0x000014f0       0x80 .\ARM_GCC_541\Debug\stendo_MIS_WIRE.a(isr_Capture_4.o)
 .debug_aranges
                0x00001570       0x80 .\ARM_GCC_541\Debug\stendo_MIS_WIRE.a(isr_PulseCounter_4.o)
 .debug_aranges
                0x000015f0       0x60 .\ARM_GCC_541\Debug\stendo_MIS_WIRE.a(QuadDec_2.o)
 .debug_aranges
                0x00001650       0x98 .\ARM_GCC_541\Debug\stendo_MIS_WIRE.a(QuadDec_2_Cnt8.o)
 .debug_aranges
                0x000016e8       0x80 .\ARM_GCC_541\Debug\stendo_MIS_WIRE.a(isr_QuadDec_1.o)
 .debug_aranges
                0x00001768       0x80 .\ARM_GCC_541\Debug\stendo_MIS_WIRE.a(isr_QuadDec_2.o)
 .debug_aranges
                0x000017e8       0x20 .\ARM_GCC_541\Debug\stendo_MIS_WIRE.a(CyBootAsmGnu.o)
 .debug_aranges
                0x00001808       0x80 .\ARM_GCC_541\Debug\stendo_MIS_WIRE.a(CyFlash.o)
 .debug_aranges
                0x00001888       0x78 .\ARM_GCC_541\Debug\stendo_MIS_WIRE.a(CySpc.o)

.debug_pubnames
 *(.debug_pubnames)

.debug_info     0x00000000     0x885a
 *(.debug_info .gnu.linkonce.wi.*)
 .debug_info    0x00000000      0x321 .\ARM_GCC_541\Debug\main.o
 .debug_info    0x00000321      0x12c .\ARM_GCC_541\Debug\assert.o
 .debug_info    0x0000044d      0x146 .\ARM_GCC_541\Debug\SPI.o
 .debug_info    0x00000593      0x82a .\ARM_GCC_541\Debug\mis.o
 .debug_info    0x00000dbd      0x475 .\ARM_GCC_541\Debug\cyfitter_cfg.o
 .debug_info    0x00001232      0x139 .\ARM_GCC_541\Debug\cymetadata.o
 .debug_info    0x0000136b      0x325 .\ARM_GCC_541\Debug\Cm3Start.o
 .debug_info    0x00001690      0x50a .\ARM_GCC_541\Debug\stendo_MIS_WIRE.a(UART_1.o)
 .debug_info    0x00001b9a      0x25d .\ARM_GCC_541\Debug\stendo_MIS_WIRE.a(UART_1_IntClock.o)
 .debug_info    0x00001df7      0xe51 .\ARM_GCC_541\Debug\stendo_MIS_WIRE.a(CyLib.o)
 .debug_info    0x00002c48      0x56d .\ARM_GCC_541\Debug\stendo_MIS_WIRE.a(cyPm.o)
 .debug_info    0x000031b5      0x11e .\ARM_GCC_541\Debug\stendo_MIS_WIRE.a(LED1.o)