Archive member included to satisfy reference by file (symbol)

.\ARM_GCC_541\Debug\stendo_MIS.a(UART_1.o)
                              .\ARM_GCC_541\Debug\main.o (UART_1_Start)
.\ARM_GCC_541\Debug\stendo_MIS.a(UART_1_IntClock.o)
                              .\ARM_GCC_541\Debug\stendo_MIS.a(UART_1.o) (UART_1_IntClock_Start)
.\ARM_GCC_541\Debug\stendo_MIS.a(CyLib.o)
                              .\ARM_GCC_541\Debug\Cm3Start.o (CyResetStatus)
.\ARM_GCC_541\Debug\stendo_MIS.a(cyPm.o)
                              .\ARM_GCC_541\Debug\stendo_MIS.a(CyLib.o) (CyPmReadStatus)
.\ARM_GCC_541\Debug\stendo_MIS.a(MIS_Reg.o)
                              .\ARM_GCC_541\Debug\mis.o (MIS_Reg_Write)
.\ARM_GCC_541\Debug\stendo_MIS.a(MIS_Stat.o)
                              .\ARM_GCC_541\Debug\mis.o (MIS_Stat_Read)
.\ARM_GCC_541\Debug\stendo_MIS.a(PulseCounter_1.o)
                              .\ARM_GCC_541\Debug\mis.o (PulseCounter_1_WriteCounter)
.\ARM_GCC_541\Debug\stendo_MIS.a(QuadDec_1.o)
                              .\ARM_GCC_541\Debug\main.o (QuadDec_1_Init)
.\ARM_GCC_541\Debug\stendo_MIS.a(QuadDec_1_Cnt16.o)
                              .\ARM_GCC_541\Debug\stendo_MIS.a(QuadDec_1.o) (QuadDec_1_Cnt16_WriteCounter)
.\ARM_GCC_541\Debug\stendo_MIS.a(PulseCounter_2.o)
                              .\ARM_GCC_541\Debug\mis.o (PulseCounter_2_WriteCounter)
.\ARM_GCC_541\Debug\stendo_MIS.a(isr_PulseCounter_2.o)
                              .\ARM_GCC_541\Debug\main.o (isr_PulseCounter_2_StartEx)
.\ARM_GCC_541\Debug\stendo_MIS.a(isr_PulseCounter_1.o)
                              .\ARM_GCC_541\Debug\main.o (isr_PulseCounter_1_StartEx)
.\ARM_GCC_541\Debug\stendo_MIS.a(SPIM.o)
                              .\ARM_GCC_541\Debug\main.o (SPIM_Start)
.\ARM_GCC_541\Debug\stendo_MIS.a(SPIM_INT.o)
                              .\ARM_GCC_541\Debug\stendo_MIS.a(SPIM.o) (SPIM_TX_ISR)
.\ARM_GCC_541\Debug\stendo_MIS.a(SPIS.o)
                              .\ARM_GCC_541\Debug\SPI.o (SPIS_ReadTxStatus)
.\ARM_GCC_541\Debug\stendo_MIS.a(SPIS_INT.o)
                              .\ARM_GCC_541\Debug\stendo_MIS.a(SPIS.o) (SPIS_TX_ISR)
.\ARM_GCC_541\Debug\stendo_MIS.a(isr_Capture_1.o)
                              .\ARM_GCC_541\Debug\main.o (isr_Capture_1_StartEx)
.\ARM_GCC_541\Debug\stendo_MIS.a(isr_Capture_2.o)
                              .\ARM_GCC_541\Debug\main.o (isr_Capture_2_StartEx)
.\ARM_GCC_541\Debug\stendo_MIS.a(BurstTimeout_1.o)
                              .\ARM_GCC_541\Debug\mis.o (BurstTimeout_1_WritePeriod)
.\ARM_GCC_541\Debug\stendo_MIS.a(isr_Timestamp.o)
                              .\ARM_GCC_541\Debug\main.o (isr_Timestamp_StartEx)
.\ARM_GCC_541\Debug\stendo_MIS.a(BurstTimeout_2.o)
                              .\ARM_GCC_541\Debug\mis.o (BurstTimeout_2_WritePeriod)
.\ARM_GCC_541\Debug\stendo_MIS.a(Timestamp.o)
                              .\ARM_GCC_541\Debug\main.o (Timestamp_Start)
.\ARM_GCC_541\Debug\stendo_MIS.a(isr_START.o)
                              .\ARM_GCC_541\Debug\main.o (isr_START_StartEx)
.\ARM_GCC_541\Debug\stendo_MIS.a(isr_STOP.o)
                              .\ARM_GCC_541\Debug\main.o (isr_STOP_StartEx)
.\ARM_GCC_541\Debug\stendo_MIS.a(isr_CS_Rise.o)
                              .\ARM_GCC_541\Debug\main.o (isr_CS_Rise_StartEx)
.\ARM_GCC_541\Debug\stendo_MIS.a(PulseCounter_3.o)
                              .\ARM_GCC_541\Debug\mis.o (PulseCounter_3_WriteCounter)
.\ARM_GCC_541\Debug\stendo_MIS.a(BurstTimeout_3.o)
                              .\ARM_GCC_541\Debug\mis.o (BurstTimeout_3_WritePeriod)
.\ARM_GCC_541\Debug\stendo_MIS.a(isr_Capture_3.o)
                              .\ARM_GCC_541\Debug\main.o (isr_Capture_3_StartEx)
.\ARM_GCC_541\Debug\stendo_MIS.a(isr_PulseCounter_3.o)
                              .\ARM_GCC_541\Debug\main.o (isr_PulseCounter_3_StartEx)
.\ARM_GCC_541\Debug\stendo_MIS.a(PulseCounter_4.o)
                              .\ARM_GCC_541\Debug\mis.o (PulseCounter_4_WriteCounter)
.\ARM_GCC_541\Debug\stendo_MIS.a(BurstTimeout_4.o)
                              .\ARM_GCC_541\Debug\mis.o (BurstTimeout_4_WritePeriod)
.\ARM_GCC_541\Debug\stendo_MIS.a(isr_Capture_4.o)
                              .\ARM_GCC_541\Debug\main.o (isr_Capture_4_StartEx)
.\ARM_GCC_541\Debug\stendo_MIS.a(isr_PulseCounter_4.o)
                              .\ARM_GCC_541\Debug\main.o (isr_PulseCounter_4_StartEx)
.\ARM_GCC_541\Debug\stendo_MIS.a(QuadDec_2.o)
                              .\ARM_GCC_541\Debug\main.o (QuadDec_2_Init)
.\ARM_GCC_541\Debug\stendo_MIS.a(isr_QuadDec_1.o)
                              .\ARM_GCC_541\Debug\main.o (isr_QuadDec_1_StartEx)
.\ARM_GCC_541\Debug\stendo_MIS.a(isr_QuadDec_2.o)
                              .\ARM_GCC_541\Debug\main.o (isr_QuadDec_2_StartEx)
.\ARM_GCC_541\Debug\stendo_MIS.a(QuadDec_2_Cnt16.o)
                              .\ARM_GCC_541\Debug\stendo_MIS.a(QuadDec_2.o) (QuadDec_2_Cnt16_WriteCounter)
.\ARM_GCC_541\Debug\stendo_MIS.a(isr_TURN_CONT_MODE.o)
[...]
Memory Configuration

Name             Origin             Length             Attributes
rom              0x00000000         0x00040000         xr
ram              0x1fff8000         0x00010000         xrw
*default*        0x00000000         0xffffffff

Linker script and memory map

LOAD c:/program files (x86)/cypress/psoc creator/4.1/psoc creator/import/gnu/arm/5.4.1/bin/../lib/gcc/arm-none-eabi/5.4.1/armv7-m/crti.o
LOAD c:/program files (x86)/cypress/psoc creator/4.1/psoc creator/import/gnu/arm/5.4.1/bin/../lib/gcc/arm-none-eabi/5.4.1/armv7-m/crtbegin.o
LOAD c:/program files (x86)/cypress/psoc creator/4.1/psoc creator/import/gnu/arm/5.4.1/bin/../lib/gcc/arm-none-eabi/5.4.1/../../../../arm-none-eabi/lib/armv7-m/crt0.o
START GROUP
LOAD .\ARM_GCC_541\Debug\main.o
LOAD .\ARM_GCC_541\Debug\assert.o
LOAD .\ARM_GCC_541\Debug\SPI.o
LOAD .\ARM_GCC_541\Debug\mis.o
LOAD .\ARM_GCC_541\Debug\cyfitter_cfg.o
LOAD .\ARM_GCC_541\Debug\cymetadata.o
LOAD .\ARM_GCC_541\Debug\Cm3Start.o
LOAD .\ARM_GCC_541\Debug\stendo_MIS.a
LOAD C:\Program Files (x86)\Cypress\PSoC Creator\4.1\PSoC Creator\psoc\content\cycomponentlibrary\CyComponentLibrary.cylib\CortexM3\ARM_GCC_541\Debug\CyComponentLibrary.a
END GROUP
START GROUP
LOAD c:/program files (x86)/cypress/psoc creator/4.1/psoc creator/import/gnu/arm/5.4.1/bin/../lib/gcc/arm-none-eabi/5.4.1/armv7-m\libgcc.a
LOAD c:/program files (x86)/cypress/psoc creator/4.1/psoc creator/import/gnu/arm/5.4.1/bin/../lib/gcc/arm-none-eabi/5.4.1/../../../../arm-none-eabi/lib/armv7-m\libg_nano.a
LOAD c:/program files (x86)/cypress/psoc creator/4.1/psoc creator/import/gnu/arm/5.4.1/bin/../lib/gcc/arm-none-eabi/5.4.1/../../../../arm-none-eabi/lib/armv7-m\libc_nano.a
END GROUP
START GROUP
LOAD c:/program files (x86)/cypress/psoc creator/4.1/psoc creator/import/gnu/arm/5.4.1/bin/../lib/gcc/arm-none-eabi/5.4.1/armv7-m\libgcc.a
LOAD c:/program files (x86)/cypress/psoc creator/4.1/psoc creator/import/gnu/arm/5.4.1/bin/../lib/gcc/arm-none-eabi/5.4.1/../../../../arm-none-eabi/lib/armv7-m\libc_nano.a
END GROUP
LOAD c:/program files (x86)/cypress/psoc creator/4.1/psoc creator/import/gnu/arm/5.4.1/bin/../lib/gcc/arm-none-eabi/5.4.1/armv7-m/crtend.o
LOAD c:/program files (x86)/cypress/psoc creator/4.1/psoc creator/import/gnu/arm/5.4.1/bin/../lib/gcc/arm-none-eabi/5.4.1/armv7-m/crtn.o
START GROUP
LOAD c:/program files (x86)/cypress/psoc creator/4.1/psoc creator/import/gnu/arm/5.4.1/bin/../lib/gcc/arm-none-eabi/5.4.1/armv7-m\libgcc.a
LOAD c:/program files (x86)/cypress/psoc creator/4.1/psoc creator/import/gnu/arm/5.4.1/bin/../lib/gcc/arm-none-eabi/5.4.1/../../../../arm-none-eabi/lib/armv7-m\libc.a
LOAD c:/program files (x86)/cypress/psoc creator/4.1/psoc creator/import/gnu/arm/5.4.1/bin/../lib/gcc/arm-none-eabi/5.4.1/../../../../arm-none-eabi/lib/armv7-m\libnosys.a
END GROUP
                0x00000000                CY_APPL_ORIGIN = 0x0
                0x00000100                CY_FLASH_ROW_SIZE = 0x100
                0x00000020                CY_ECC_ROW_SIZE = 0x20
                0x00000000                CY_EE_IN_BTLDR = 0x0
                0x00000000                CY_APPL_LOADABLE = 0x0
                0x00000800                CY_EE_SIZE = 0x800
                0x00000001                CY_APPL_NUM = 0x1
                0x00000001                CY_APPL_MAX = 0x1
                0x00000040                CY_METADATA_SIZE = 0x40
                0x00000000                CY_APPL_LOADABLE = 0x0
                0x00000000                CY_CHECKSUM_EXCLUDE_SIZE = ALIGN (0x0, CY_FLASH_ROW_SIZE)
                [!provide]                PROVIDE (__cy_heap_start, _end)
                0x00000001                PROVIDE (__cy_region_num, ((__cy_regions_end - __cy_regions) / 0x10))
                0x20008000                PROVIDE (__cy_stack, (ORIGIN (ram) + LENGTH (ram)))
                [!provide]                PROVIDE (__cy_heap_end, (__cy_stack - 0x800))

.cybootloader   0x00000000        0x0
 *(.cybootloader)
                0x00000000                appl1_start = CY_APPL_ORIGIN?CY_APPL_ORIGIN:ALIGN (CY_FLASH_ROW_SIZE)
                0x0001ff00                appl2_start = (appl1_start + ALIGN ((((LENGTH (rom) - appl1_start) - (0x2 * CY_FLASH_ROW_SIZE)) / 0x2), CY_FLASH_ROW_SIZE))
                0x00000000                appl_start = (CY_APPL_NUM == 0x1)?appl1_start:appl2_start
                0x00000000                ecc_offset = ((appl_start / CY_FLASH_ROW_SIZE) * CY_ECC_ROW_SIZE)
                0x00000000                ee_offset = (CY_APPL_LOADABLE && ! (CY_EE_IN_BTLDR))?((CY_EE_SIZE / CY_APPL_MAX) * (CY_APPL_NUM - 0x1)):0x0
                0x00000800                ee_size = (CY_APPL_LOADABLE && ! (CY_EE_IN_BTLDR))?(CY_EE_SIZE / CY_APPL_MAX):CY_EE_SIZE
                [!provide]                PROVIDE (CY_ECC_OFFSET, ecc_offset)

.text           0x00000000     0x5f28
 CREATE_OBJECT_SYMBOLS
                0x00000000                PROVIDE (__cy_interrupt_vector, RomVectors)
 *(.romvectors)
 .romvectors    0x00000000       0x10 .\ARM_GCC_541\Debug\Cm3Start.o
                0x00000000                RomVectors
                0x00000001                ASSERT ((. != __cy_interrupt_vector), No interrupt vector)
                0x00000001                ASSERT (CY_APPL_ORIGIN?(SIZEOF (.cybootloader) <= CY_APPL_ORIGIN):0x1, Wrong image location)
                0x00000010                PROVIDE (__cy_reset, Reset)
 *(.text.Reset)
 .text.Reset    0x00000010       0x18 .\ARM_GCC_541\Debug\Cm3Start.o
                0x00000010                Reset
                0x00000001                ASSERT ((. != __cy_reset), No reset code)
 *(.dma_init)
                0x00000001                ASSERT ((((appl_start + .) <= 0x10000) || 0x1), DMA Init must be within the first 64k of flash)
 *(.text .text.* .gnu.linkonce.t.*)
 .text          0x00000028       0x5c c:/program files (x86)/cypress/psoc creator/4.1/psoc creator/import/gnu/arm/5.4.1/bin/../lib/gcc/arm-none-eabi/5.4.1/armv7-m/crtbegin.o
 .text.isr_START_handler
                0x00000084        0xc .\ARM_GCC_541\Debug\main.o
                0x00000084                isr_START_handler
 .text.isr_STOP_handler
                0x00000090        0xc .\ARM_GCC_541\Debug\main.o
                0x00000090                isr_STOP_handler
 .text.isr_TURN_CONT_MODE_handler
                0x0000009c       0x20 .\ARM_GCC_541\Debug\main.o
                0x0000009c                isr_TURN_CONT_MODE_handler
 .text.isr_TURN_OFF_CONT_MODE_handler
                0x000000bc       0x28 .\ARM_GCC_541\Debug\main.o
                0x000000bc                isr_TURN_OFF_CONT_MODE_handler
 .text.isr_CS_Rise_handler
                0x000000e4      0x1a0 .\ARM_GCC_541\Debug\main.o
                0x000000e4                isr_CS_Rise_handler
 .text.isr_QuadDec_1_handler
                0x00000284        0xc .\ARM_GCC_541\Debug\main.o
                0x00000284                isr_QuadDec_1_handler
 .text.isr_QuadDec_2_handler
                0x00000290        0xc .\ARM_GCC_541\Debug\main.o
                0x00000290                isr_QuadDec_2_handler
 .text.main     0x0000029c      0x1c0 .\ARM_GCC_541\Debug\main.o
                0x0000029c                main
 .text.isr_PulseCounter_1_handler
                0x0000045c       0x1c .\ARM_GCC_541\Debug\mis.o
                0x0000045c                isr_PulseCounter_1_handler
 .text.isr_Timestamp_handler
                0x00000478       0x1c .\ARM_GCC_541\Debug\mis.o
                0x00000478                isr_Timestamp_handler
 .text.isr_Capture_1
                0x00000494       0x74 .\ARM_GCC_541\Debug\mis.o
                0x00000494                isr_Capture_1
 .text.MIS1_ReadCount
                0x00000508       0x20 .\ARM_GCC_541\Debug\mis.o
                0x00000508                MIS1_ReadCount
 .text.MIS1_ReadCurTime
                0x00000528       0x9c .\ARM_GCC_541\Debug\mis.o
                0x00000528                MIS1_ReadCurTime
 .text.MIS1_SetBurstTimeout
                0x000005c4       0x1c .\ARM_GCC_541\Debug\mis.o
                0x000005c4                MIS1_SetBurstTimeout
 .text.isr_PulseCounter_2_handler
                0x000005e0       0x1c .\ARM_GCC_541\Debug\mis.o
                0x000005e0                isr_PulseCounter_2_handler
 .text.isr_Capture_2
                0x000005fc       0x74 .\ARM_GCC_541\Debug\mis.o
                0x000005fc                isr_Capture_2
 .text.MIS2_ReadCount
                0x00000670       0x20 .\ARM_GCC_541\Debug\mis.o
                0x00000670                MIS2_ReadCount
 .text.MIS2_ReadCurTime
                0x00000690       0x9c .\ARM_GCC_541\Debug\mis.o
                0x00000690                MIS2_ReadCurTime
 .text.MIS2_SetBurstTimeout
                0x0000072c       0x1c .\ARM_GCC_541\Debug\mis.o
                0x0000072c                MIS2_SetBurstTimeout
 .text.isr_PulseCounter_3_handler
                0x00000748       0x1c .\ARM_GCC_541\Debug\mis.o
                0x00000748                isr_PulseCounter_3_handler
 .text.isr_Capture_3
                0x00000764       0x74 .\ARM_GCC_541\Debug\mis.o
                0x00000764                isr_Capture_3
 .text.MIS3_ReadCount
                0x000007d8       0x20 .\ARM_GCC_541\Debug\mis.o
                0x000007d8                MIS3_ReadCount
 .text.MIS3_ReadCurTime
                0x000007f8       0x9c .\ARM_GCC_541\Debug\mis.o
                0x000007f8                MIS3_ReadCurTime
 .text.MIS3_SetBurstTimeout
                0x00000894       0x1c .\ARM_GCC_541\Debug\mis.o
                0x00000894                MIS3_SetBurstTimeout
 .text.isr_PulseCounter_4_handler
                0x000008b0       0x1c .\ARM_GCC_541\Debug\mis.o
                0x000008b0                isr_PulseCounter_4_handler
 .text.isr_Capture_4
                0x000008cc       0x74 .\ARM_GCC_541\Debug\mis.o
                0x000008cc                isr_Capture_4
 .text.MIS4_ReadCount
                0x00000940       0x20 .\ARM_GCC_541\Debug\mis.o
                0x00000940                MIS4_ReadCount
 .text.MIS4_ReadCurTime
                0x00000960       0x9c .\ARM_GCC_541\Debug\mis.o
                0x00000960                MIS4_ReadCurTime
 .text.MIS4_SetBurstTimeout
                0x000009fc       0x1c .\ARM_GCC_541\Debug\mis.o
                0x000009fc                MIS4_SetBurstTimeout
 .text.MIS_Start
                0x00000a18       0xb0 .\ARM_GCC_541\Debug\mis.o
                0x00000a18                MIS_Start
 .text.MIS_Stop
                0x00000ac8       0x28 .\ARM_GCC_541\Debug\mis.o
                0x00000ac8                MIS_Stop
 .text.MIS_PulseCounterStatus
                0x00000af0       0x24 .\ARM_GCC_541\Debug\mis.o
                0x00000af0                MIS_PulseCounterStatus
 .text.CYMEMZERO
                0x00000b14       0x1c .\ARM_GCC_541\Debug\cyfitter_cfg.o
 .text.CYCONFIGCPY
                0x00000b30       0x20 .\ARM_GCC_541\Debug\cyfitter_cfg.o
 .text.CyClockStartupError
                0x00000b50        0xc .\ARM_GCC_541\Debug\cyfitter_cfg.o
 .text.cfg_write_bytes32
                0x00000b5c       0x74 .\ARM_GCC_541\Debug\cyfitter_cfg.o
 .text.ClockSetup
                0x00000bd0      0x1cc .\ARM_GCC_541\Debug\cyfitter_cfg.o
 .text.AnalogSetDefault
                0x00000d9c       0x44 .\ARM_GCC_541\Debug\cyfitter_cfg.o
 .text.cyfitter_cfg
                0x00000de0      0x1fc .\ARM_GCC_541\Debug\cyfitter_cfg.o
                0x00000de0                cyfitter_cfg
 .text.IntDefaultHandler
                0x00000fdc       0x14 .\ARM_GCC_541\Debug\Cm3Start.o
                0x00000fdc                IntDefaultHandler
 .text._sbrk    0x00000ff0       0x50 .\ARM_GCC_541\Debug\Cm3Start.o
                0x00000ff0                _sbrk
 .text.Start_c  0x00001040       0x98 .\ARM_GCC_541\Debug\Cm3Start.o
                0x00001040                Start_c
 .text.initialize_psoc
                0x000010d8       0x90 .\ARM_GCC_541\Debug\Cm3Start.o
                0x000010d8                initialize_psoc
 .text.UART_1_Start
                0x00001168       0x24 .\ARM_GCC_541\Debug\stendo_MIS.a(UART_1.o)
                0x00001168                UART_1_Start
 .text.UART_1_Init
                0x0000118c       0x40 .\ARM_GCC_541\Debug\stendo_MIS.a(UART_1.o)
                0x0000118c                UART_1_Init
 .text.UART_1_Enable
                0x000011cc       0x60 .\ARM_GCC_541\Debug\stendo_MIS.a(UART_1.o)
                0x000011cc                UART_1_Enable
 .text.UART_1_PutChar
                0x0000122c       0x34 .\ARM_GCC_541\Debug\stendo_MIS.a(UART_1.o)
                0x0000122c                UART_1_PutChar
 .text.UART_1_PutString
                0x00001260       0x44 .\ARM_GCC_541\Debug\stendo_MIS.a(UART_1.o)
                0x00001260                UART_1_PutString
 .text.UART_1_IntClock_Start
                0x000012a4       0x34 .\ARM_GCC_541\Debug\stendo_MIS.a(UART_1_IntClock.o)
                0x000012a4                UART_1_IntClock_Start
 .text.CyHalt   0x000012d8       0x18 .\ARM_GCC_541\Debug\stendo_MIS.a(CyLib.o)
                0x000012d8                CyHalt
 .text.CyDelay  0x000012f0       0x44 .\ARM_GCC_541\Debug\stendo_MIS.a(CyLib.o)
                0x000012f0                CyDelay
 .text.CyIntSetVector
                0x00001334       0x50 .\ARM_GCC_541\Debug\stendo_MIS.a(CyLib.o)
                0x00001334                CyIntSetVector
 .text.CyIntSetPriority
                0x00001384       0x48 .\ARM_GCC_541\Debug\stendo_MIS.a(CyLib.o)
                0x00001384                CyIntSetPriority
 .text.MIS_Reg_Write
                0x000013cc       0x20 .\ARM_GCC_541\Debug\stendo_MIS.a(MIS_Reg.o)
                0x000013cc                MIS_Reg_Write
 .text.MIS_Stat_Read
                0x000013ec       0x18 .\ARM_GCC_541\Debug\stendo_MIS.a(MIS_Stat.o)
                0x000013ec                MIS_Stat_Read
 .text.PulseCounter_1_Init
                0x00001404       0x80 .\ARM_GCC_541\Debug\stendo_MIS.a(PulseCounter_1.o)
                0x00001404                PulseCounter_1_Init
 .text.PulseCounter_1_Enable
                0x00001484       0x20 .\ARM_GCC_541\Debug\stendo_MIS.a(PulseCounter_1.o)
                0x00001484                PulseCounter_1_Enable
 .text.PulseCounter_1_Start
                0x000014a4       0x24 .\ARM_GCC_541\Debug\stendo_MIS.a(PulseCounter_1.o)
                0x000014a4                PulseCounter_1_Start
 .text.PulseCounter_1_SetInterruptMode
                0x000014c8       0x20 .\ARM_GCC_541\Debug\stendo_MIS.a(PulseCounter_1.o)
                0x000014c8                PulseCounter_1_SetInterruptMode
 .text.PulseCounter_1_ReadStatusRegister
                0x000014e8       0x18 .\ARM_GCC_541\Debug\stendo_MIS.a(PulseCounter_1.o)
                0x000014e8                PulseCounter_1_ReadStatusRegister
 .text.PulseCounter_1_WriteCounter
                0x00001500       0x20 .\ARM_GCC_541\Debug\stendo_MIS.a(PulseCounter_1.o)
                0x00001500                PulseCounter_1_WriteCounter
 .text.PulseCounter_1_ReadCounter
                0x00001520       0x20 .\ARM_GCC_541\Debug\stendo_MIS.a(PulseCounter_1.o)
                0x00001520                PulseCounter_1_ReadCounter
 .text.PulseCounter_1_ReadCapture
                0x00001540       0x18 .\ARM_GCC_541\Debug\stendo_MIS.a(PulseCounter_1.o)
                0x00001540                PulseCounter_1_ReadCapture
 .text.PulseCounter_1_WritePeriod
                0x00001558       0x20 .\ARM_GCC_541\Debug\stendo_MIS.a(PulseCounter_1.o)
                0x00001558                PulseCounter_1_WritePeriod
 .text.PulseCounter_1_WriteCompare
                0x00001578       0x20 .\ARM_GCC_541\Debug\stendo_MIS.a(PulseCounter_1.o)
                0x00001578                PulseCounter_1_WriteCompare
 .text.PulseCounter_1_ClearFIFO
                0x00001598       0x1c .\ARM_GCC_541\Debug\stendo_MIS.a(PulseCounter_1.o)
                0x00001598                PulseCounter_1_ClearFIFO
 .text.QuadDec_1_Init
                0x000015b4        0xc .\ARM_GCC_541\Debug\stendo_MIS.a(QuadDec_1.o)
                0x000015b4                QuadDec_1_Init
 .text.QuadDec_1_Enable
                0x000015c0       0x3c .\ARM_GCC_541\Debug\stendo_MIS.a(QuadDec_1.o)
                0x000015c0                QuadDec_1_Enable
 .text.QuadDec_1_Start
                0x000015fc       0x30 .\ARM_GCC_541\Debug\stendo_MIS.a(QuadDec_1.o)
                0x000015fc                QuadDec_1_Start
 .text.QuadDec_1_GetCounter
                0x0000162c       0x24 .\ARM_GCC_541\Debug\stendo_MIS.a(QuadDec_1.o)
                0x0000162c                QuadDec_1_GetCounter
 .text.QuadDec_1_SetCounter
                0x00001650       0x34 .\ARM_GCC_541\Debug\stendo_MIS.a(QuadDec_1.o)
                0x00001650                QuadDec_1_SetCounter
 .text.QuadDec_1_GetEvents
                0x00001684       0x1c .\ARM_GCC_541\Debug\stendo_MIS.a(QuadDec_1.o)
                0x00001684                QuadDec_1_GetEvents
 .text.QuadDec_1_SetInterruptMask
                0x000016a0       0x20 .\ARM_GCC_541\Debug\stendo_MIS.a(QuadDec_1.o)
                0x000016a0                QuadDec_1_SetInterruptMask
 .text.QuadDec_1_Cnt16_Init
                0x000016c0       0x80 .\ARM_GCC_541\Debug\stendo_MIS.a(QuadDec_1_Cnt16.o)
                0x000016c0                QuadDec_1_Cnt16_Init
 .text.QuadDec_1_Cnt16_Enable
                0x00001740       0x20 .\ARM_GCC_541\Debug\stendo_MIS.a(QuadDec_1_Cnt16.o)
                0x00001740                QuadDec_1_Cnt16_Enable
 .text.QuadDec_1_Cnt16_Start
                0x00001760       0x24 .\ARM_GCC_541\Debug\stendo_MIS.a(QuadDec_1_Cnt16.o)
                0x00001760                QuadDec_1_Cnt16_Start
 .text.QuadDec_1_Cnt16_SetInterruptMode
                0x00001784       0x20 .\ARM_GCC_541\Debug\stendo_MIS.a(QuadDec_1_Cnt16.o)
                0x00001784                QuadDec_1_Cnt16_SetInterruptMode
 .text.QuadDec_1_Cnt16_ReadStatusRegister
                0x000017a4       0x18 .\ARM_GCC_541\Debug\stendo_MIS.a(QuadDec_1_Cnt16.o)
                0x000017a4                QuadDec_1_Cnt16_ReadStatusRegister
 .text.QuadDec_1_Cnt16_WriteCounter
                0x000017bc       0x20 .\ARM_GCC_541\Debug\stendo_MIS.a(QuadDec_1_Cnt16.o)
                0x000017bc                QuadDec_1_Cnt16_WriteCounter
 .text.QuadDec_1_Cnt16_ReadCounter
                0x000017dc       0x20 .\ARM_GCC_541\Debug\stendo_MIS.a(QuadDec_1_Cnt16.o)
                0x000017dc                QuadDec_1_Cnt16_ReadCounter
 .text.QuadDec_1_Cnt16_ReadCapture
                0x000017fc       0x18 .\ARM_GCC_541\Debug\stendo_MIS.a(QuadDec_1_Cnt16.o)
                0x000017fc                QuadDec_1_Cnt16_ReadCapture
 .text.QuadDec_1_Cnt16_WritePeriod
                0x00001814       0x20 .\ARM_GCC_541\Debug\stendo_MIS.a(QuadDec_1_Cnt16.o)
                0x00001814                QuadDec_1_Cnt16_WritePeriod
 .text.QuadDec_1_Cnt16_WriteCompare
                0x00001834       0x20 .\ARM_GCC_541\Debug\stendo_MIS.a(QuadDec_1_Cnt16.o)
                0x00001834                QuadDec_1_Cnt16_WriteCompare
 .text.QuadDec_1_Cnt16_ClearFIFO
                0x00001854       0x1c .\ARM_GCC_541\Debug\stendo_MIS.a(QuadDec_1_Cnt16.o)
                0x00001854                QuadDec_1_Cnt16_ClearFIFO
 .text.PulseCounter_2_Init
                0x00001870       0x80 .\ARM_GCC_541\Debug\stendo_MIS.a(PulseCounter_2.o)
                0x00001870                PulseCounter_2_Init
 .text.PulseCounter_2_Enable
                0x000018f0       0x20 .\ARM_GCC_541\Debug\stendo_MIS.a(PulseCounter_2.o)
                0x000018f0                PulseCounter_2_Enable
 .text.PulseCounter_2_Start
                0x00001910       0x24 .\ARM_GCC_541\Debug\stendo_MIS.a(PulseCounter_2.o)
                0x00001910                PulseCounter_2_Start
 .text.PulseCounter_2_SetInterruptMode
                0x00001934       0x20 .\ARM_GCC_541\Debug\stendo_MIS.a(PulseCounter_2.o)
                0x00001934                PulseCounter_2_SetInterruptMode
 .text.PulseCounter_2_ReadStatusRegister
                0x00001954       0x18 .\ARM_GCC_541\Debug\stendo_MIS.a(PulseCounter_2.o)
                0x00001954                PulseCounter_2_ReadStatusRegister
 .text.PulseCounter_2_WriteCounter
                0x0000196c       0x20 .\ARM_GCC_541\Debug\stendo_MIS.a(PulseCounter_2.o)
                0x0000196c                PulseCounter_2_WriteCounter
 .text.PulseCounter_2_ReadCounter
                0x0000198c       0x20 .\ARM_GCC_541\Debug\stendo_MIS.a(PulseCounter_2.o)
                0x0000198c                PulseCounter_2_ReadCounter
 .text.PulseCounter_2_ReadCapture
                0x000019ac       0x18 .\ARM_GCC_541\Debug\stendo_MIS.a(PulseCounter_2.o)
                0x000019ac                PulseCounter_2_ReadCapture
 .text.PulseCounter_2_WritePeriod
                0x000019c4       0x20 .\ARM_GCC_541\Debug\stendo_MIS.a(PulseCounter_2.o)
                0x000019c4                PulseCounter_2_WritePeriod
 .text.PulseCounter_2_WriteCompare
                0x000019e4       0x20 .\ARM_GCC_541\Debug\stendo_MIS.a(PulseCounter_2.o)
                0x000019e4                PulseCounter_2_WriteCompare
 .text.PulseCounter_2_ClearFIFO
                0x00001a04       0x1c .\ARM_GCC_541\Debug\stendo_MIS.a(PulseCounter_2.o)
                0x00001a04                PulseCounter_2_ClearFIFO
 .text.isr_PulseCounter_2_StartEx
                0x00001a20       0x24 .\ARM_GCC_541\Debug\stendo_MIS.a(isr_PulseCounter_2.o)
                0x00001a20                isr_PulseCounter_2_StartEx
 .text.isr_PulseCounter_2_SetVector
                0x00001a44       0x24 .\ARM_GCC_541\Debug\stendo_MIS.a(isr_PulseCounter_2.o)
                0x00001a44                isr_PulseCounter_2_SetVector
 .text.isr_PulseCounter_2_SetPriority
                0x00001a68       0x24 .\ARM_GCC_541\Debug\stendo_MIS.a(isr_PulseCounter_2.o)
                0x00001a68                isr_PulseCounter_2_SetPriority
 .text.isr_PulseCounter_2_Enable
                0x00001a8c       0x18 .\ARM_GCC_541\Debug\stendo_MIS.a(isr_PulseCounter_2.o)
                0x00001a8c                isr_PulseCounter_2_Enable
 .text.isr_PulseCounter_2_Disable
                0x00001aa4       0x18 .\ARM_GCC_541\Debug\stendo_MIS.a(isr_PulseCounter_2.o)
                0x00001aa4                isr_PulseCounter_2_Disable
 .text.isr_PulseCounter_1_StartEx
                0x00001abc       0x24 .\ARM_GCC_541\Debug\stendo_MIS.a(isr_PulseCounter_1.o)
                0x00001abc                isr_PulseCounter_1_StartEx
 .text.isr_PulseCounter_1_SetVector
                0x00001ae0       0x24 .\ARM_GCC_541\Debug\stendo_MIS.a(isr_PulseCounter_1.o)
                0x00001ae0                isr_PulseCounter_1_SetVector
 .text.isr_PulseCounter_1_SetPriority
                0x00001b04       0x24 .\ARM_GCC_541\Debug\stendo_MIS.a(isr_PulseCounter_1.o)
                0x00001b04                isr_PulseCounter_1_SetPriority
 .text.isr_PulseCounter_1_Enable
                0x00001b28       0x18 .\ARM_GCC_541\Debug\stendo_MIS.a(isr_PulseCounter_1.o)
                0x00001b28                isr_PulseCounter_1_Enable
 .text.isr_PulseCounter_1_Disable
                0x00001b40       0x18 .\ARM_GCC_541\Debug\stendo_MIS.a(isr_PulseCounter_1.o)
                0x00001b40                isr_PulseCounter_1_Disable
 .text.SPIM_Init
                0x00001b58       0xa8 .\ARM_GCC_541\Debug\stendo_MIS.a(SPIM.o)
                0x00001b58                SPIM_Init
 .text.SPIM_Enable
                0x00001c00       0x64 .\ARM_GCC_541\Debug\stendo_MIS.a(SPIM.o)
                0x00001c00                SPIM_Enable
 .text.SPIM_Start
                0x00001c64       0x24 .\ARM_GCC_541\Debug\stendo_MIS.a(SPIM.o)
                0x00001c64                SPIM_Start
 .text.SPIM_EnableTxInt
                0x00001c88       0x18 .\ARM_GCC_541\Debug\stendo_MIS.a(SPIM.o)
                0x00001c88                SPIM_EnableTxInt
 .text.SPIM_EnableRxInt
                0x00001ca0       0x18 .\ARM_GCC_541\Debug\stendo_MIS.a(SPIM.o)
                0x00001ca0                SPIM_EnableRxInt
 .text.SPIM_DisableTxInt
                0x00001cb8       0x18 .\ARM_GCC_541\Debug\stendo_MIS.a(SPIM.o)
                0x00001cb8                SPIM_DisableTxInt
 .text.SPIM_DisableRxInt
                0x00001cd0       0x18 .\ARM_GCC_541\Debug\stendo_MIS.a(SPIM.o)
                0x00001cd0                SPIM_DisableRxInt
 .text.SPIM_ReadTxStatus
                0x00001ce8       0x3c .\ARM_GCC_541\Debug\stendo_MIS.a(SPIM.o)
                0x00001ce8                SPIM_ReadTxStatus
 .text.SPIM_ReadRxStatus
                0x00001d24       0x3c .\ARM_GCC_541\Debug\stendo_MIS.a(SPIM.o)
                0x00001d24                SPIM_ReadRxStatus
 .text.SPIM_ClearFIFO
                0x00001d60       0x60 .\ARM_GCC_541\Debug\stendo_MIS.a(SPIM.o)
                0x00001d60                SPIM_ClearFIFO
 .text.SPIM_TX_ISR
                0x00001dc0       0xd4 .\ARM_GCC_541\Debug\stendo_MIS.a(SPIM_INT.o)
                0x00001dc0                SPIM_TX_ISR
 .text.SPIM_RX_ISR
                0x00001e94       0xdc .\ARM_GCC_541\Debug\stendo_MIS.a(SPIM_INT.o)
                0x00001e94                SPIM_RX_ISR
 .text.SPIS_Init
                0x00001f70       0xa8 .\ARM_GCC_541\Debug\stendo_MIS.a(SPIS.o)
                0x00001f70                SPIS_Init
 .text.SPIS_Enable
                0x00002018       0x6c .\ARM_GCC_541\Debug\stendo_MIS.a(SPIS.o)
                0x00002018                SPIS_Enable
 .text.SPIS_Start
                0x00002084       0x24 .\ARM_GCC_541\Debug\stendo_MIS.a(SPIS.o)
                0x00002084                SPIS_Start
 .text.SPIS_EnableTxInt
                0x000020a8       0x18 .\ARM_GCC_541\Debug\stendo_MIS.a(SPIS.o)
                0x000020a8                SPIS_EnableTxInt
 .text.SPIS_EnableRxInt
                0x000020c0       0x18 .\ARM_GCC_541\Debug\stendo_MIS.a(SPIS.o)
                0x000020c0                SPIS_EnableRxInt
 .text.SPIS_DisableTxInt
                0x000020d8       0x18 .\ARM_GCC_541\Debug\stendo_MIS.a(SPIS.o)
                0x000020d8                SPIS_DisableTxInt
 .text.SPIS_DisableRxInt
                0x000020f0       0x18 .\ARM_GCC_541\Debug\stendo_MIS.a(SPIS.o)
                0x000020f0                SPIS_DisableRxInt
 .text.SPIS_ReadTxStatus
                0x00002108       0x3c .\ARM_GCC_541\Debug\stendo_MIS.a(SPIS.o)
                0x00002108                SPIS_ReadTxStatus
 .text.SPIS_ReadRxStatus
                0x00002144       0x3c .\ARM_GCC_541\Debug\stendo_MIS.a(SPIS.o)
                0x00002144                SPIS_ReadRxStatus
 .text.SPIS_WriteTxData
                0x00002180      0x110 .\ARM_GCC_541\Debug\stendo_MIS.a(SPIS.o)
                0x00002180                SPIS_WriteTxData
 .text.SPIS_WriteTxDataZero
                0x00002290       0x20 .\ARM_GCC_541\Debug\stendo_MIS.a(SPIS.o)
                0x00002290                SPIS_WriteTxDataZero
 .text.SPIS_ReadRxData
                0x000022b0       0x78 .\ARM_GCC_541\Debug\stendo_MIS.a(SPIS.o)
                0x000022b0                SPIS_ReadRxData
 .text.SPIS_ClearRxBuffer
                0x00002328       0x4c .\ARM_GCC_541\Debug\stendo_MIS.a(SPIS.o)
                0x00002328                SPIS_ClearRxBuffer
 .text.SPIS_ClearTxBuffer
                0x00002374       0x7c .\ARM_GCC_541\Debug\stendo_MIS.a(SPIS.o)
                0x00002374                SPIS_ClearTxBuffer
 .text.SPIS_ClearFIFO
                0x000023f0       0x60 .\ARM_GCC_541\Debug\stendo_MIS.a(SPIS.o)
                0x000023f0                SPIS_ClearFIFO
 .text.SPIS_TX_ISR
                0x00002450       0xd4 .\ARM_GCC_541\Debug\stendo_MIS.a(SPIS_INT.o)
                0x00002450                SPIS_TX_ISR
 .text.SPIS_RX_ISR
                0x00002524       0xdc .\ARM_GCC_541\Debug\stendo_MIS.a(SPIS_INT.o)
                0x00002524                SPIS_RX_ISR
 .text.isr_Capture_1_StartEx
                0x00002600       0x24 .\ARM_GCC_541\Debug\stendo_MIS.a(isr_Capture_1.o)
                0x00002600                isr_Capture_1_StartEx
 .text.isr_Capture_1_SetVector
                0x00002624       0x24 .\ARM_GCC_541\Debug\stendo_MIS.a(isr_Capture_1.o)
                0x00002624                isr_Capture_1_SetVector
 .text.isr_Capture_1_SetPriority
                0x00002648       0x24 .\ARM_GCC_541\Debug\stendo_MIS.a(isr_Capture_1.o)
                0x00002648                isr_Capture_1_SetPriority
 .text.isr_Capture_1_Enable
                0x0000266c       0x18 .\ARM_GCC_541\Debug\stendo_MIS.a(isr_Capture_1.o)
                0x0000266c                isr_Capture_1_Enable
 .text.isr_Capture_1_Disable
                0x00002684       0x18 .\ARM_GCC_541\Debug\stendo_MIS.a(isr_Capture_1.o)
                0x00002684                isr_Capture_1_Disable
 .text.isr_Capture_2_StartEx
                0x0000269c       0x24 .\ARM_GCC_541\Debug\stendo_MIS.a(isr_Capture_2.o)
                0x0000269c                isr_Capture_2_StartEx
 .text.isr_Capture_2_SetVector
                0x000026c0       0x24 .\ARM_GCC_541\Debug\stendo_MIS.a(isr_Capture_2.o)
                0x000026c0                isr_Capture_2_SetVector
 .text.isr_Capture_2_SetPriority
                0x000026e4       0x24 .\ARM_GCC_541\Debug\stendo_MIS.a(isr_Capture_2.o)
                0x000026e4                isr_Capture_2_SetPriority
 .text.isr_Capture_2_Enable
                0x00002708       0x18 .\ARM_GCC_541\Debug\stendo_MIS.a(isr_Capture_2.o)
                0x00002708                isr_Capture_2_Enable
 .text.isr_Capture_2_Disable
                0x00002720       0x18 .\ARM_GCC_541\Debug\stendo_MIS.a(isr_Capture_2.o)
                0x00002720                isr_Capture_2_Disable
 .text.BurstTimeout_1_Init
                0x00002738       0x4c .\ARM_GCC_541\Debug\stendo_MIS.a(BurstTimeout_1.o)
                0x00002738                BurstTimeout_1_Init
 .text.BurstTimeout_1_Enable
                0x00002784       0x20 .\ARM_GCC_541\Debug\stendo_MIS.a(BurstTimeout_1.o)
                0x00002784                BurstTimeout_1_Enable
 .text.BurstTimeout_1_Start
                0x000027a4       0x24 .\ARM_GCC_541\Debug\stendo_MIS.a(BurstTimeout_1.o)
                0x000027a4                BurstTimeout_1_Start
 .text.BurstTimeout_1_SetInterruptMode
                0x000027c8       0x20 .\ARM_GCC_541\Debug\stendo_MIS.a(BurstTimeout_1.o)
                0x000027c8                BurstTimeout_1_SetInterruptMode
 .text.BurstTimeout_1_ReadStatusRegister
                0x000027e8       0x18 .\ARM_GCC_541\Debug\stendo_MIS.a(BurstTimeout_1.o)
                0x000027e8                BurstTimeout_1_ReadStatusRegister
 .text.BurstTimeout_1_WritePeriod
                0x00002800       0x20 .\ARM_GCC_541\Debug\stendo_MIS.a(BurstTimeout_1.o)
                0x00002800                BurstTimeout_1_WritePeriod
 .text.BurstTimeout_1_ReadCapture
                0x00002820       0x18 .\ARM_GCC_541\Debug\stendo_MIS.a(BurstTimeout_1.o)
                0x00002820                BurstTimeout_1_ReadCapture
 .text.BurstTimeout_1_WriteCounter
                0x00002838       0x20 .\ARM_GCC_541\Debug\stendo_MIS.a(BurstTimeout_1.o)
                0x00002838                BurstTimeout_1_WriteCounter
 .text.BurstTimeout_1_ClearFIFO
                0x00002858       0x1c .\ARM_GCC_541\Debug\stendo_MIS.a(BurstTimeout_1.o)
                0x00002858                BurstTimeout_1_ClearFIFO
 .text.isr_Timestamp_StartEx
                0x00002874       0x24 .\ARM_GCC_541\Debug\stendo_MIS.a(isr_Timestamp.o)
                0x00002874                isr_Timestamp_StartEx
 .text.isr_Timestamp_SetVector
                0x00002898       0x24 .\ARM_GCC_541\Debug\stendo_MIS.a(isr_Timestamp.o)
                0x00002898                isr_Timestamp_SetVector
 .text.isr_Timestamp_SetPriority
                0x000028bc       0x24 .\ARM_GCC_541\Debug\stendo_MIS.a(isr_Timestamp.o)
                0x000028bc                isr_Timestamp_SetPriority
 .text.isr_Timestamp_Enable
                0x000028e0       0x18 .\ARM_GCC_541\Debug\stendo_MIS.a(isr_Timestamp.o)
                0x000028e0                isr_Timestamp_Enable
 .text.isr_Timestamp_Disable
                0x000028f8       0x18 .\ARM_GCC_541\Debug\stendo_MIS.a(isr_Timestamp.o)
                0x000028f8                isr_Timestamp_Disable
 .text.BurstTimeout_2_Init
                0x00002910       0xa0 .\ARM_GCC_541\Debug\stendo_MIS.a(BurstTimeout_2.o)
                0x00002910                BurstTimeout_2_Init
 .text.BurstTimeout_2_Enable
                0x000029b0       0x48 .\ARM_GCC_541\Debug\stendo_MIS.a(BurstTimeout_2.o)
                0x000029b0                BurstTimeout_2_Enable
 .text.BurstTimeout_2_Start
                0x000029f8       0x24 .\ARM_GCC_541\Debug\stendo_MIS.a(BurstTimeout_2.o)
                0x000029f8                BurstTimeout_2_Start
 .text.BurstTimeout_2_SetInterruptMode
                0x00002a1c       0x20 .\ARM_GCC_541\Debug\stendo_MIS.a(BurstTimeout_2.o)
                0x00002a1c                BurstTimeout_2_SetInterruptMode
 .text.BurstTimeout_2_WritePeriod
                0x00002a3c       0x24 .\ARM_GCC_541\Debug\stendo_MIS.a(BurstTimeout_2.o)
                0x00002a3c                BurstTimeout_2_WritePeriod
 .text.BurstTimeout_2_WriteCounter
                0x00002a60       0x20 .\ARM_GCC_541\Debug\stendo_MIS.a(BurstTimeout_2.o)
                0x00002a60                BurstTimeout_2_WriteCounter
 .text.Timestamp_Init
                0x00002a80       0x48 .\ARM_GCC_541\Debug\stendo_MIS.a(Timestamp.o)
                0x00002a80                Timestamp_Init
 .text.Timestamp_Enable
                0x00002ac8       0x20 .\ARM_GCC_541\Debug\stendo_MIS.a(Timestamp.o)
                0x00002ac8                Timestamp_Enable
 .text.Timestamp_Start
                0x00002ae8       0x24 .\ARM_GCC_541\Debug\stendo_MIS.a(Timestamp.o)
                0x00002ae8                Timestamp_Start
 .text.Timestamp_SetInterruptMode
                0x00002b0c       0x20 .\ARM_GCC_541\Debug\stendo_MIS.a(Timestamp.o)
                0x00002b0c                Timestamp_SetInterruptMode
 .text.Timestamp_ReadStatusRegister
                0x00002b2c       0x18 .\ARM_GCC_541\Debug\stendo_MIS.a(Timestamp.o)
                0x00002b2c                Timestamp_ReadStatusRegister
 .text.Timestamp_WritePeriod
                0x00002b44       0x20 .\ARM_GCC_541\Debug\stendo_MIS.a(Timestamp.o)
                0x00002b44                Timestamp_WritePeriod
 .text.Timestamp_ReadCapture
                0x00002b64       0x18 .\ARM_GCC_541\Debug\stendo_MIS.a(Timestamp.o)
                0x00002b64                Timestamp_ReadCapture
 .text.Timestamp_WriteCounter
                0x00002b7c       0x20 .\ARM_GCC_541\Debug\stendo_MIS.a(Timestamp.o)
                0x00002b7c                Timestamp_WriteCounter
 .text.Timestamp_ReadCounter
                0x00002b9c       0x20 .\ARM_GCC_541\Debug\stendo_MIS.a(Timestamp.o)
                0x00002b9c                Timestamp_ReadCounter
 .text.Timestamp_ClearFIFO
                0x00002bbc       0x1c .\ARM_GCC_541\Debug\stendo_MIS.a(Timestamp.o)
                0x00002bbc                Timestamp_ClearFIFO
 .text.isr_START_StartEx
                0x00002bd8       0x24 .\ARM_GCC_541\Debug\stendo_MIS.a(isr_START.o)
                0x00002bd8                isr_START_StartEx
 .text.isr_START_SetVector
                0x00002bfc       0x24 .\ARM_GCC_541\Debug\stendo_MIS.a(isr_START.o)
                0x00002bfc                isr_START_SetVector
 .text.isr_START_SetPriority
                0x00002c20       0x24 .\ARM_GCC_541\Debug\stendo_MIS.a(isr_START.o)
                0x00002c20                isr_START_SetPriority
 .text.isr_START_Enable
                0x00002c44       0x18 .\ARM_GCC_541\Debug\stendo_MIS.a(isr_START.o)
                0x00002c44                isr_START_Enable
 .text.isr_START_Disable
                0x00002c5c       0x18 .\ARM_GCC_541\Debug\stendo_MIS.a(isr_START.o)
                0x00002c5c                isr_START_Disable
 .text.isr_STOP_StartEx
                0x00002c74       0x24 .\ARM_GCC_541\Debug\stendo_MIS.a(isr_STOP.o)
                0x00002c74                isr_STOP_StartEx
 .text.isr_STOP_SetVector
                0x00002c98       0x24 .\ARM_GCC_541\Debug\stendo_MIS.a(isr_STOP.o)
                0x00002c98                isr_STOP_SetVector
 .text.isr_STOP_SetPriority
                0x00002cbc       0x24 .\ARM_GCC_541\Debug\stendo_MIS.a(isr_STOP.o)
                0x00002cbc                isr_STOP_SetPriority
 .text.isr_STOP_Enable
                0x00002ce0       0x18 .\ARM_GCC_541\Debug\stendo_MIS.a(isr_STOP.o)
                0x00002ce0                isr_STOP_Enable
 .text.isr_STOP_Disable
                0x00002cf8       0x18 .\ARM_GCC_541\Debug\stendo_MIS.a(isr_STOP.o)
                0x00002cf8                isr_STOP_Disable
 .text.isr_CS_Rise_StartEx
                0x00002d10       0x24 .\ARM_GCC_541\Debug\stendo_MIS.a(isr_CS_Rise.o)
                0x00002d10                isr_CS_Rise_StartEx
 .text.isr_CS_Rise_SetVector
                0x00002d34       0x24 .\ARM_GCC_541\Debug\stendo_MIS.a(isr_CS_Rise.o)
                0x00002d34                isr_CS_Rise_SetVector
 .text.isr_CS_Rise_SetPriority
                0x00002d58       0x24 .\ARM_GCC_541\Debug\stendo_MIS.a(isr_CS_Rise.o)
                0x00002d58                isr_CS_Rise_SetPriority
 .text.isr_CS_Rise_Enable
                0x00002d7c       0x18 .\ARM_GCC_541\Debug\stendo_MIS.a(isr_CS_Rise.o)
                0x00002d7c                isr_CS_Rise_Enable
 .text.isr_CS_Rise_Disable
                0x00002d94       0x18 .\ARM_GCC_541\Debug\stendo_MIS.a(isr_CS_Rise.o)
                0x00002d94                isr_CS_Rise_Disable
 .text.PulseCounter_3_Init
                0x00002dac       0x80 .\ARM_GCC_541\Debug\stendo_MIS.a(PulseCounter_3.o)
                0x00002dac                PulseCounter_3_Init
 .text.PulseCounter_3_Enable
                0x00002e2c       0x20 .\ARM_GCC_541\Debug\stendo_MIS.a(PulseCounter_3.o)
                0x00002e2c                PulseCounter_3_Enable
 .text.PulseCounter_3_Start
                0x00002e4c       0x24 .\ARM_GCC_541\Debug\stendo_MIS.a(PulseCounter_3.o)
                0x00002e4c                PulseCounter_3_Start
 .text.PulseCounter_3_SetInterruptMode
                0x00002e70       0x20 .\ARM_GCC_541\Debug\stendo_MIS.a(PulseCounter_3.o)
                0x00002e70                PulseCounter_3_SetInterruptMode
 .text.PulseCounter_3_ReadStatusRegister
                0x00002e90       0x18 .\ARM_GCC_541\Debug\stendo_MIS.a(PulseCounter_3.o)
                0x00002e90                PulseCounter_3_ReadStatusRegister
 .text.PulseCounter_3_WriteCounter
                0x00002ea8       0x20 .\ARM_GCC_541\Debug\stendo_MIS.a(PulseCounter_3.o)
                0x00002ea8                PulseCounter_3_WriteCounter
 .text.PulseCounter_3_ReadCounter
                0x00002ec8       0x20 .\ARM_GCC_541\Debug\stendo_MIS.a(PulseCounter_3.o)
                0x00002ec8                PulseCounter_3_ReadCounter
 .text.PulseCounter_3_ReadCapture
                0x00002ee8       0x18 .\ARM_GCC_541\Debug\stendo_MIS.a(PulseCounter_3.o)
                0x00002ee8                PulseCounter_3_ReadCapture
 .text.PulseCounter_3_WritePeriod
                0x00002f00       0x20 .\ARM_GCC_541\Debug\stendo_MIS.a(PulseCounter_3.o)
                0x00002f00                PulseCounter_3_WritePeriod
 .text.PulseCounter_3_WriteCompare
                0x00002f20       0x20 .\ARM_GCC_541\Debug\stendo_MIS.a(PulseCounter_3.o)
                0x00002f20                PulseCounter_3_WriteCompare
 .text.PulseCounter_3_ClearFIFO
                0x00002f40       0x1c .\ARM_GCC_541\Debug\stendo_MIS.a(PulseCounter_3.o)
                0x00002f40                PulseCounter_3_ClearFIFO
 .text.BurstTimeout_3_Init
                0x00002f5c       0xa0 .\ARM_GCC_541\Debug\stendo_MIS.a(BurstTimeout_3.o)
                0x00002f5c                BurstTimeout_3_Init
 .text.BurstTimeout_3_Enable
                0x00002ffc       0x48 .\ARM_GCC_541\Debug\stendo_MIS.a(BurstTimeout_3.o)
                0x00002ffc                BurstTimeout_3_Enable
 .text.BurstTimeout_3_Start
                0x00003044       0x24 .\ARM_GCC_541\Debug\stendo_MIS.a(BurstTimeout_3.o)
                0x00003044                BurstTimeout_3_Start
 .text.BurstTimeout_3_SetInterruptMode
                0x00003068       0x20 .\ARM_GCC_541\Debug\stendo_MIS.a(BurstTimeout_3.o)
                0x00003068                BurstTimeout_3_SetInterruptMode
 .text.BurstTimeout_3_WritePeriod
                0x00003088       0x24 .\ARM_GCC_541\Debug\stendo_MIS.a(BurstTimeout_3.o)
                0x00003088                BurstTimeout_3_WritePeriod
 .text.BurstTimeout_3_WriteCounter
                0x000030ac       0x20 .\ARM_GCC_541\Debug\stendo_MIS.a(BurstTimeout_3.o)
                0x000030ac                BurstTimeout_3_WriteCounter
 .text.isr_Capture_3_StartEx
                0x000030cc       0x24 .\ARM_GCC_541\Debug\stendo_MIS.a(isr_Capture_3.o)
                0x000030cc                isr_Capture_3_StartEx
 .text.isr_Capture_3_SetVector
                0x000030f0       0x24 .\ARM_GCC_541\Debug\stendo_MIS.a(isr_Capture_3.o)
                0x000030f0                isr_Capture_3_SetVector
 .text.isr_Capture_3_SetPriority
                0x00003114       0x24 .\ARM_GCC_541\Debug\stendo_MIS.a(isr_Capture_3.o)
                0x00003114                isr_Capture_3_SetPriority
 .text.isr_Capture_3_Enable
                0x00003138       0x18 .\ARM_GCC_541\Debug\stendo_MIS.a(isr_Capture_3.o)
                0x00003138                isr_Capture_3_Enable
 .text.isr_Capture_3_Disable
                0x00003150       0x18 .\ARM_GCC_541\Debug\stendo_MIS.a(isr_Capture_3.o)
                0x00003150                isr_Capture_3_Disable
 .text.isr_PulseCounter_3_StartEx
                0x00003168       0x24 .\ARM_GCC_541\Debug\stendo_MIS.a(isr_PulseCounter_3.o)
                0x00003168                isr_PulseCounter_3_StartEx
 .text.isr_PulseCounter_3_SetVector
                0x0000318c       0x24 .\ARM_GCC_541\Debug\stendo_MIS.a(isr_PulseCounter_3.o)
                0x0000318c                isr_PulseCounter_3_SetVector
 .text.isr_PulseCounter_3_SetPriority
                0x000031b0       0x24 .\ARM_GCC_541\Debug\stendo_MIS.a(isr_PulseCounter_3.o)
                0x000031b0                isr_PulseCounter_3_SetPriority
 .text.isr_PulseCounter_3_Enable
                0x000031d4       0x18 .\ARM_GCC_541\Debug\stendo_MIS.a(isr_PulseCounter_3.o)
                0x000031d4                isr_PulseCounter_3_Enable
 .text.isr_PulseCounter_3_Disable
                0x000031ec       0x18 .\ARM_GCC_541\Debug\stendo_MIS.a(isr_PulseCounter_3.o)
                0x000031ec                isr_PulseCounter_3_Disable
 .text.PulseCounter_4_Init
                0x00003204       0x80 .\ARM_GCC_541\Debug\stendo_MIS.a(PulseCounter_4.o)
                0x00003204                PulseCounter_4_Init
 .text.PulseCounter_4_Enable
                0x00003284       0x20 .\ARM_GCC_541\Debug\stendo_MIS.a(PulseCounter_4.o)
                0x00003284                PulseCounter_4_Enable
 .text.PulseCounter_4_Start
                0x000032a4       0x24 .\ARM_GCC_541\Debug\stendo_MIS.a(PulseCounter_4.o)
                0x000032a4                PulseCounter_4_Start
 .text.PulseCounter_4_SetInterruptMode
                0x000032c8       0x20 .\ARM_GCC_541\Debug\stendo_MIS.a(PulseCounter_4.o)
                0x000032c8                PulseCounter_4_SetInterruptMode
 .text.PulseCounter_4_ReadStatusRegister
                0x000032e8       0x18 .\ARM_GCC_541\Debug\stendo_MIS.a(PulseCounter_4.o)
                0x000032e8                PulseCounter_4_ReadStatusRegister
 .text.PulseCounter_4_WriteCounter
                0x00003300       0x20 .\ARM_GCC_541\Debug\stendo_MIS.a(PulseCounter_4.o)
                0x00003300                PulseCounter_4_WriteCounter
 .text.PulseCounter_4_ReadCounter
                0x00003320       0x20 .\ARM_GCC_541\Debug\stendo_MIS.a(PulseCounter_4.o)
                0x00003320                PulseCounter_4_ReadCounter
 .text.PulseCounter_4_ReadCapture
                0x00003340       0x18 .\ARM_GCC_541\Debug\stendo_MIS.a(PulseCounter_4.o)
                0x00003340                PulseCounter_4_ReadCapture
 .text.PulseCounter_4_WritePeriod
                0x00003358       0x20 .\ARM_GCC_541\Debug\stendo_MIS.a(PulseCounter_4.o)
                0x00003358                PulseCounter_4_WritePeriod
 .text.PulseCounter_4_WriteCompare
                0x00003378       0x20 .\ARM_GCC_541\Debug\stendo_MIS.a(PulseCounter_4.o)
                0x00003378                PulseCounter_4_WriteCompare
 .text.PulseCounter_4_ClearFIFO
                0x00003398       0x1c .\ARM_GCC_541\Debug\stendo_MIS.a(PulseCounter_4.o)
                0x00003398                PulseCounter_4_ClearFIFO
 .text.BurstTimeout_4_Init
                0x000033b4       0xa0 .\ARM_GCC_541\Debug\stendo_MIS.a(BurstTimeout_4.o)
                0x000033b4                BurstTimeout_4_Init
 .text.BurstTimeout_4_Enable
                0x00003454       0x48 .\ARM_GCC_541\Debug\stendo_MIS.a(BurstTimeout_4.o)
                0x00003454                BurstTimeout_4_Enable
 .text.BurstTimeout_4_Start
                0x0000349c       0x24 .\ARM_GCC_541\Debug\stendo_MIS.a(BurstTimeout_4.o)
                0x0000349c                BurstTimeout_4_Start
 .text.BurstTimeout_4_SetInterruptMode
                0x000034c0       0x20 .\ARM_GCC_541\Debug\stendo_MIS.a(BurstTimeout_4.o)
                0x000034c0                BurstTimeout_4_SetInterruptMode
 .text.BurstTimeout_4_WritePeriod
                0x000034e0       0x24 .\ARM_GCC_541\Debug\stendo_MIS.a(BurstTimeout_4.o)
                0x000034e0                BurstTimeout_4_WritePeriod
 .text.BurstTimeout_4_WriteCounter
                0x00003504       0x20 .\ARM_GCC_541\Debug\stendo_MIS.a(BurstTimeout_4.o)
                0x00003504                BurstTimeout_4_WriteCounter
 .text.isr_Capture_4_StartEx
                0x00003524       0x24 .\ARM_GCC_541\Debug\stendo_MIS.a(isr_Capture_4.o)
                0x00003524                isr_Capture_4_StartEx
 .text.isr_Capture_4_SetVector
                0x00003548       0x24 .\ARM_GCC_541\Debug\stendo_MIS.a(isr_Capture_4.o)
                0x00003548                isr_Capture_4_SetVector
 .text.isr_Capture_4_SetPriority
                0x0000356c       0x24 .\ARM_GCC_541\Debug\stendo_MIS.a(isr_Capture_4.o)
                0x0000356c                isr_Capture_4_SetPriority
 .text.isr_Capture_4_Enable
                0x00003590       0x18 .\ARM_GCC_541\Debug\stendo_MIS.a(isr_Capture_4.o)
                0x00003590                isr_Capture_4_Enable
 .text.isr_Capture_4_Disable
                0x000035a8       0x18 .\ARM_GCC_541\Debug\stendo_MIS.a(isr_Capture_4.o)
                0x000035a8                isr_Capture_4_Disable
 .text.isr_PulseCounter_4_StartEx
                0x000035c0       0x24 .\ARM_GCC_541\Debug\stendo_MIS.a(isr_PulseCounter_4.o)
                0x000035c0                isr_PulseCounter_4_StartEx
 .text.isr_PulseCounter_4_SetVector
                0x000035e4       0x24 .\ARM_GCC_541\Debug\stendo_MIS.a(isr_PulseCounter_4.o)
                0x000035e4                isr_PulseCounter_4_SetVector
 .text.isr_PulseCounter_4_SetPriority
                0x00003608       0x24 .\ARM_GCC_541\Debug\stendo_MIS.a(isr_PulseCounter_4.o)
                0x00003608                isr_PulseCounter_4_SetPriority
 .text.isr_PulseCounter_4_Enable
                0x0000362c       0x18 .\ARM_GCC_541\Debug\stendo_MIS.a(isr_PulseCounter_4.o)
                0x0000362c                isr_PulseCounter_4_Enable
 .text.isr_PulseCounter_4_Disable
                0x00003644       0x18 .\ARM_GCC_541\Debug\stendo_MIS.a(isr_PulseCounter_4.o)
                0x00003644                isr_PulseCounter_4_Disable
 .text.QuadDec_2_Init
                0x0000365c        0xc .\ARM_GCC_541\Debug\stendo_MIS.a(QuadDec_2.o)
                0x0000365c                QuadDec_2_Init
 .text.QuadDec_2_Enable
                0x00003668       0x3c .\ARM_GCC_541\Debug\stendo_MIS.a(QuadDec_2.o)
                0x00003668                QuadDec_2_Enable
 .text.QuadDec_2_Start
                0x000036a4       0x30 .\ARM_GCC_541\Debug\stendo_MIS.a(QuadDec_2.o)
                0x000036a4                QuadDec_2_Start
 .text.QuadDec_2_GetCounter
                0x000036d4       0x24 .\ARM_GCC_541\Debug\stendo_MIS.a(QuadDec_2.o)
                0x000036d4                QuadDec_2_GetCounter
 .text.QuadDec_2_SetCounter
                0x000036f8       0x34 .\ARM_GCC_541\Debug\stendo_MIS.a(QuadDec_2.o)
                0x000036f8                QuadDec_2_SetCounter
 .text.QuadDec_2_GetEvents
                0x0000372c       0x1c .\ARM_GCC_541\Debug\stendo_MIS.a(QuadDec_2.o)
                0x0000372c                QuadDec_2_GetEvents
 .text.QuadDec_2_SetInterruptMask
                0x00003748       0x20 .\ARM_GCC_541\Debug\stendo_MIS.a(QuadDec_2.o)
                0x00003748                QuadDec_2_SetInterruptMask
 .text.isr_QuadDec_1_StartEx
                0x00003768       0x24 .\ARM_GCC_541\Debug\stendo_MIS.a(isr_QuadDec_1.o)
                0x00003768                isr_QuadDec_1_StartEx
 .text.isr_QuadDec_1_SetVector
                0x0000378c       0x24 .\ARM_GCC_541\Debug\stendo_MIS.a(isr_QuadDec_1.o)
                0x0000378c                isr_QuadDec_1_SetVector
 .text.isr_QuadDec_1_SetPriority
                0x000037b0       0x24 .\ARM_GCC_541\Debug\stendo_MIS.a(isr_QuadDec_1.o)
                0x000037b0                isr_QuadDec_1_SetPriority
 .text.isr_QuadDec_1_Enable
                0x000037d4       0x18 .\ARM_GCC_541\Debug\stendo_MIS.a(isr_QuadDec_1.o)
                0x000037d4                isr_QuadDec_1_Enable
 .text.isr_QuadDec_1_Disable
                0x000037ec       0x18 .\ARM_GCC_541\Debug\stendo_MIS.a(isr_QuadDec_1.o)
                0x000037ec                isr_QuadDec_1_Disable
 .text.isr_QuadDec_2_StartEx
                0x00003804       0x24 .\ARM_GCC_541\Debug\stendo_MIS.a(isr_QuadDec_2.o)
                0x00003804                isr_QuadDec_2_StartEx
 .text.isr_QuadDec_2_SetVector
                0x00003828       0x24 .\ARM_GCC_541\Debug\stendo_MIS.a(isr_QuadDec_2.o)
                0x00003828                isr_QuadDec_2_SetVector
 .text.isr_QuadDec_2_SetPriority
                0x0000384c       0x24 .\ARM_GCC_541\Debug\stendo_MIS.a(isr_QuadDec_2.o)
                0x0000384c                isr_QuadDec_2_SetPriority
 .text.isr_QuadDec_2_Enable
                0x00003870       0x18 .\ARM_GCC_541\Debug\stendo_MIS.a(isr_QuadDec_2.o)
                0x00003870                isr_QuadDec_2_Enable
 .text.isr_QuadDec_2_Disable
                0x00003888       0x18 .\ARM_GCC_541\Debug\stendo_MIS.a(isr_QuadDec_2.o)
                0x00003888                isr_QuadDec_2_Disable
 .text.QuadDec_2_Cnt16_Init
                0x000038a0       0x80 .\ARM_GCC_541\Debug\stendo_MIS.a(QuadDec_2_Cnt16.o)
                0x000038a0                QuadDec_2_Cnt16_Init
 .text.QuadDec_2_Cnt16_Enable
                0x00003920       0x20 .\ARM_GCC_541\Debug\stendo_MIS.a(QuadDec_2_Cnt16.o)
                0x00003920                QuadDec_2_Cnt16_Enable
 .text.QuadDec_2_Cnt16_Start
                0x00003940       0x24 .\ARM_GCC_541\Debug\stendo_MIS.a(QuadDec_2_Cnt16.o)
                0x00003940                QuadDec_2_Cnt16_Start
 .text.QuadDec_2_Cnt16_SetInterruptMode
                0x00003964       0x20 .\ARM_GCC_541\Debug\stendo_MIS.a(QuadDec_2_Cnt16.o)
                0x00003964                QuadDec_2_Cnt16_SetInterruptMode
 .text.QuadDec_2_Cnt16_ReadStatusRegister
                0x00003984       0x18 .\ARM_GCC_541\Debug\stendo_MIS.a(QuadDec_2_Cnt16.o)
                0x00003984                QuadDec_2_Cnt16_ReadStatusRegister
 .text.QuadDec_2_Cnt16_WriteCounter
                0x0000399c       0x20 .\ARM_GCC_541\Debug\stendo_MIS.a(QuadDec_2_Cnt16.o)
                0x0000399c                QuadDec_2_Cnt16_WriteCounter
 .text.QuadDec_2_Cnt16_ReadCounter
                0x000039bc       0x20 .\ARM_GCC_541\Debug\stendo_MIS.a(QuadDec_2_Cnt16.o)
                0x000039bc                QuadDec_2_Cnt16_ReadCounter
 .text.QuadDec_2_Cnt16_ReadCapture
                0x000039dc       0x18 .\ARM_GCC_541\Debug\stendo_MIS.a(QuadDec_2_Cnt16.o)
                0x000039dc                QuadDec_2_Cnt16_ReadCapture
 .text.QuadDec_2_Cnt16_WritePeriod
                0x000039f4       0x20 .\ARM_GCC_541\Debug\stendo_MIS.a(QuadDec_2_Cnt16.o)
                0x000039f4                QuadDec_2_Cnt16_WritePeriod
 .text.QuadDec_2_Cnt16_WriteCompare
                0x00003a14       0x20 .\ARM_GCC_541\Debug\stendo_MIS.a(QuadDec_2_Cnt16.o)
                0x00003a14                QuadDec_2_Cnt16_WriteCompare
 .text.QuadDec_2_Cnt16_ClearFIFO
                0x00003a34       0x1c .\ARM_GCC_541\Debug\stendo_MIS.a(QuadDec_2_Cnt16.o)
                0x00003a34                QuadDec_2_Cnt16_ClearFIFO
 .text.isr_TURN_CONT_MODE_StartEx
                0x00003a50       0x24 .\ARM_GCC_541\Debug\stendo_MIS.a(isr_TURN_CONT_MODE.o)
                0x00003a50                isr_TURN_CONT_MODE_StartEx
 .text.isr_TURN_CONT_MODE_SetVector
                0x00003a74       0x24 .\ARM_GCC_541\Debug\stendo_MIS.a(isr_TURN_CONT_MODE.o)
                0x00003a74                isr_TURN_CONT_MODE_SetVector
 .text.isr_TURN_CONT_MODE_SetPriority
                0x00003a98       0x24 .\ARM_GCC_541\Debug\stendo_MIS.a(isr_TURN_CONT_MODE.o)
                0x00003a98                isr_TURN_CONT_MODE_SetPriority
 .text.isr_TURN_CONT_MODE_Enable
                0x00003abc       0x18 .\ARM_GCC_541\Debug\stendo_MIS.a(isr_TURN_CONT_MODE.o)
                0x00003abc                isr_TURN_CONT_MODE_Enable
 .text.isr_TURN_CONT_MODE_Disable
                0x00003ad4       0x18 .\ARM_GCC_541\Debug\stendo_MIS.a(isr_TURN_CONT_MODE.o)
                0x00003ad4                isr_TURN_CONT_MODE_Disable
 .text.isr_TURN_OFF_CONT_MODE_StartEx
                0x00003aec       0x24 .\ARM_GCC_541\Debug\stendo_MIS.a(isr_TURN_OFF_CONT_MODE.o)
                0x00003aec                isr_TURN_OFF_CONT_MODE_StartEx
 .text.isr_TURN_OFF_CONT_MODE_SetVector
                0x00003b10       0x24 .\ARM_GCC_541\Debug\stendo_MIS.a(isr_TURN_OFF_CONT_MODE.o)
                0x00003b10                isr_TURN_OFF_CONT_MODE_SetVector
 .text.isr_TURN_OFF_CONT_MODE_SetPriority
                0x00003b34       0x24 .\ARM_GCC_541\Debug\stendo_MIS.a(isr_TURN_OFF_CONT_MODE.o)
                0x00003b34                isr_TURN_OFF_CONT_MODE_SetPriority
 .text.isr_TURN_OFF_CONT_MODE_Enable
                0x00003b58       0x18 .\ARM_GCC_541\Debug\stendo_MIS.a(isr_TURN_OFF_CONT_MODE.o)
                0x00003b58                isr_TURN_OFF_CONT_MODE_Enable
 .text.isr_TURN_OFF_CONT_MODE_Disable
                0x00003b70       0x18 .\ARM_GCC_541\Debug\stendo_MIS.a(isr_TURN_OFF_CONT_MODE.o)
                0x00003b70                isr_TURN_OFF_CONT_MODE_Disable
 .text          0x00003b88       0x54 .\ARM_GCC_541\Debug\stendo_MIS.a(CyBootAsmGnu.o)
                0x00003b88                CyDelayCycles
                0x00003bc6                CyEnterCriticalSection
                0x00003bce                CyExitCriticalSection
 .text.__errno  0x00003bdc        0xc c:/program files (x86)/cypress/psoc creator/4.1/psoc creator/import/gnu/arm/5.4.1/bin/../lib/gcc/arm-none-eabi/5.4.1/../../../../arm-none-eabi/lib/armv7-m\libg_nano.a(lib_a-errno.o)
                0x00003bdc                __errno
 .text.__libc_init_array
                0x00003be8       0x4c c:/program files (x86)/cypress/psoc creator/4.1/psoc creator/import/gnu/arm/5.4.1/bin/../lib/gcc/arm-none-eabi/5.4.1/../../../../arm-none-eabi/lib/armv7-m\libg_nano.a(lib_a-init.o)
                0x00003be8                __libc_init_array
 .text.memcpy   0x00003c34       0x16 c:/program files (x86)/cypress/psoc creator/4.1/psoc creator/import/gnu/arm/5.4.1/bin/../lib/gcc/arm-none-eabi/5.4.1/../../../../arm-none-eabi/lib/armv7-m\libg_nano.a(lib_a-memcpy-stub.o)
                0x00003c34                memcpy
 .text.memset   0x00003c4a       0x10 c:/program files (x86)/cypress/psoc creator/4.1/psoc creator/import/gnu/arm/5.4.1/bin/../lib/gcc/arm-none-eabi/5.4.1/../../../../arm-none-eabi/lib/armv7-m\libg_nano.a(lib_a-memset.o)
                0x00003c4a                memset
 .text.__cvt    0x00003c5a       0xc0 c:/program files (x86)/cypress/psoc creator/4.1/psoc creator/import/gnu/arm/5.4.1/bin/../lib/gcc/arm-none-eabi/5.4.1/../../../../arm-none-eabi/lib/armv7-m\libg_nano.a(lib_a-nano-vfprintf_float.o)
                0x00003c5a                __cvt
 .text.__exponent
                0x00003d1a       0x62 c:/program files (x86)/cypress/psoc creator/4.1/psoc creator/import/gnu/arm/5.4.1/bin/../lib/gcc/arm-none-eabi/5.4.1/../../../../arm-none-eabi/lib/armv7-m\libg_nano.a(lib_a-nano-vfprintf_float.o)
                0x00003d1a                __exponent
 .text._printf_float
                0x00003d7c      0x488 c:/program files (x86)/cypress/psoc creator/4.1/psoc creator/import/gnu/arm/5.4.1/bin/../lib/gcc/arm-none-eabi/5.4.1/../../../../arm-none-eabi/lib/armv7-m\libg_nano.a(lib_a-nano-vfprintf_float.o)
                0x00003d7c                _printf_float
 .text._printf_common
                0x00004204       0xec c:/program files (x86)/cypress/psoc creator/4.1/psoc creator/import/gnu/arm/5.4.1/bin/../lib/gcc/arm-none-eabi/5.4.1/../../../../arm-none-eabi/lib/armv7-m\libg_nano.a(lib_a-nano-vfprintf_i.o)
                0x00004204                _printf_common
 .text          0x000042f0       0x10 c:/program files (x86)/cypress/psoc creator/4.1/psoc creator/import/gnu/arm/5.4.1/bin/../lib/gcc/arm-none-eabi/5.4.1/../../../../arm-none-eabi/lib/armv7-m\libg_nano.a(lib_a-strlen.o)
                0x000042f0                strlen
 .text.quorem   0x00004300      0x116 c:/program files (x86)/cypress/psoc creator/4.1/psoc creator/import/gnu/arm/5.4.1/bin/../lib/gcc/arm-none-eabi/5.4.1/../../../../arm-none-eabi/lib/armv7-m\libg_nano.a(lib_a-dtoa.o)
 *fill*         0x00004416        0x2 
 .text._dtoa_r  0x00004418      0xb30 c:/program files (x86)/cypress/psoc creator/4.1/psoc creator/import/gnu/arm/5.4.1/bin/../lib/gcc/arm-none-eabi/5.4.1/../../../../arm-none-eabi/lib/armv7-m\libg_nano.a(lib_a-dtoa.o)
                0x00004418                _dtoa_r
 .text._localeconv_r
                0x00004f48        0x8 c:/program files (x86)/cypress/psoc creator/4.1/psoc creator/import/gnu/arm/5.4.1/bin/../lib/gcc/arm-none-eabi/5.4.1/../../../../arm-none-eabi/lib/armv7-m\libg_nano.a(lib_a-locale.o)
                0x00004f48                _localeconv_r
 .text.malloc   0x00004f50       0x10 c:/program files (x86)/cypress/psoc creator/4.1/psoc creator/import/gnu/arm/5.4.1/bin/../lib/gcc/arm-none-eabi/5.4.1/../../../../arm-none-eabi/lib/armv7-m\libg_nano.a(lib_a-malloc.o)
                0x00004f50                malloc
 .text._Balloc  0x00004f60       0x6a c:/program files (x86)/cypress/psoc creator/4.1/psoc creator/import/gnu/arm/5.4.1/bin/../lib/gcc/arm-none-eabi/5.4.1/../../../../arm-none-eabi/lib/armv7-m\libg_nano.a(lib_a-mprec.o)
                0x00004f60                _Balloc
 .text._Bfree   0x00004fca       0x2e c:/program files (x86)/cypress/psoc creator/4.1/psoc creator/import/gnu/arm/5.4.1/bin/../lib/gcc/arm-none-eabi/5.4.1/../../../../arm-none-eabi/lib/armv7-m\libg_nano.a(lib_a-mprec.o)
                0x00004fca                _Bfree
 .text.__multadd
                0x00004ff8       0x76 c:/program files (x86)/cypress/psoc creator/4.1/psoc creator/import/gnu/arm/5.4.1/bin/../lib/gcc/arm-none-eabi/5.4.1/../../../../arm-none-eabi/lib/armv7-m\libg_nano.a(lib_a-mprec.o)
                0x00004ff8                __multadd
 .text.__hi0bits
                0x0000506e       0x40 c:/program files (x86)/cypress/psoc creator/4.1/psoc creator/import/gnu/arm/5.4.1/bin/../lib/gcc/arm-none-eabi/5.4.1/../../../../arm-none-eabi/lib/armv7-m\libg_nano.a(lib_a-mprec.o)
                0x0000506e                __hi0bits
 .text.__lo0bits
                0x000050ae       0x5a c:/program files (x86)/cypress/psoc creator/4.1/psoc creator/import/gnu/arm/5.4.1/bin/../lib/gcc/arm-none-eabi/5.4.1/../../../../arm-none-eabi/lib/armv7-m\libg_nano.a(lib_a-mprec.o)
                0x000050ae                __lo0bits
 .text.__i2b    0x00005108       0x12 c:/program files (x86)/cypress/psoc creator/4.1/psoc creator/import/gnu/arm/5.4.1/bin/../lib/gcc/arm-none-eabi/5.4.1/../../../../arm-none-eabi/lib/armv7-m\libg_nano.a(lib_a-mprec.o)
                0x00005108                __i2b
 .text.__multiply
                0x0000511a      0x120 c:/program files (x86)/cypress/psoc creator/4.1/psoc creator/import/gnu/arm/5.4.1/bin/../lib/gcc/arm-none-eabi/5.4.1/../../../../arm-none-eabi/lib/armv7-m\libg_nano.a(lib_a-mprec.o)
                0x0000511a                __multiply
 *fill*         0x0000523a        0x2 
 .text.__pow5mult
                0x0000523c       0x9c c:/program files (x86)/cypress/psoc creator/4.1/psoc creator/import/gnu/arm/5.4.1/bin/../lib/gcc/arm-none-eabi/5.4.1/../../../../arm-none-eabi/lib/armv7-m\libg_nano.a(lib_a-mprec.o)
                0x0000523c                __pow5mult
 .text.__lshift
                0x000052d8       0xa2 c:/program files (x86)/cypress/psoc creator/4.1/psoc creator/import/gnu/arm/5.4.1/bin/../lib/gcc/arm-none-eabi/5.4.1/../../../../arm-none-eabi/lib/armv7-m\libg_nano.a(lib_a-mprec.o)
                0x000052d8                __lshift
 .text.__mcmp   0x0000537a       0x38 c:/program files (x86)/cypress/psoc creator/4.1/psoc creator/import/gnu/arm/5.4.1/bin/../lib/gcc/arm-none-eabi/5.4.1/../../../../arm-none-eabi/lib/armv7-m\libg_nano.a(lib_a-mprec.o)
                0x0000537a                __mcmp
 .text.__mdiff  0x000053b2       0xbe c:/program files (x86)/cypress/psoc creator/4.1/psoc creator/import/gnu/arm/5.4.1/bin/../lib/gcc/arm-none-eabi/5.4.1/../../../../arm-none-eabi/lib/armv7-m\libg_nano.a(lib_a-mprec.o)
                0x000053b2                __mdiff
 .text.__d2b    0x00005470       0x9c c:/program files (x86)/cypress/psoc creator/4.1/psoc creator/import/gnu/arm/5.4.1/bin/../lib/gcc/arm-none-eabi/5.4.1/../../../../arm-none-eabi/lib/armv7-m\libg_nano.a(lib_a-mprec.o)
                0x00005470                __d2b
 .text._calloc_r
                0x0000550c       0x1c c:/program files (x86)/cypress/psoc creator/4.1/psoc creator/import/gnu/arm/5.4.1/bin/../lib/gcc/arm-none-eabi/5.4.1/../../../../arm-none-eabi/lib/armv7-m\libg_nano.a(lib_a-nano-callocr.o)
                0x0000550c                _calloc_r
 .text._malloc_r
                0x00005528       0xbc c:/program files (x86)/cypress/psoc creator/4.1/psoc creator/import/gnu/arm/5.4.1/bin/../lib/gcc/arm-none-eabi/5.4.1/../../../../arm-none-eabi/lib/armv7-m\libg_nano.a(lib_a-nano-mallocr.o)
                0x00005528                _malloc_r
 .text._sbrk_r  0x000055e4       0x20 c:/program files (x86)/cypress/psoc creator/4.1/psoc creator/import/gnu/arm/5.4.1/bin/../lib/gcc/arm-none-eabi/5.4.1/../../../../arm-none-eabi/lib/armv7-m\libg_nano.a(lib_a-sbrkr.o)
                0x000055e4                _sbrk_r
 .text.__malloc_lock
                0x00005604        0x2 c:/program files (x86)/cypress/psoc creator/4.1/psoc creator/import/gnu/arm/5.4.1/bin/../lib/gcc/arm-none-eabi/5.4.1/../../../../arm-none-eabi/lib/armv7-m\libg_nano.a(lib_a-mlock.o)
                0x00005604                __malloc_lock
 .text.__malloc_unlock
                0x00005606        0x2 c:/program files (x86)/cypress/psoc creator/4.1/psoc creator/import/gnu/arm/5.4.1/bin/../lib/gcc/arm-none-eabi/5.4.1/../../../../arm-none-eabi/lib/armv7-m\libg_nano.a(lib_a-mlock.o)
                0x00005606                __malloc_unlock
 .text          0x00005608      0x370 c:/program files (x86)/cypress/psoc creator/4.1/psoc creator/import/gnu/arm/5.4.1/bin/../lib/gcc/arm-none-eabi/5.4.1/armv7-m\libgcc.a(_arm_addsubdf3.o)
                0x00005608                __aeabi_drsub
                0x00005610                __aeabi_dsub
                0x00005610                __subdf3
                0x00005614                __aeabi_dadd
                0x00005614                __adddf3
                0x0000588c                __floatunsidf
                0x0000588c                __aeabi_ui2d
                0x000058ac                __floatsidf
                0x000058ac                __aeabi_i2d
                0x000058d0                __aeabi_f2d
                0x000058d0                __extendsfdf2
                0x0000590c                __floatundidf
                0x0000590c                __aeabi_ul2d
                0x0000591c                __floatdidf
                0x0000591c                __aeabi_l2d
 .text          0x00005978      0x424 c:/program files (x86)/cypress/psoc creator/4.1/psoc creator/import/gnu/arm/5.4.1/bin/../lib/gcc/arm-none-eabi/5.4.1/armv7-m\libgcc.a(_arm_muldivdf3.o)
                0x00005978                __aeabi_dmul
                0x00005978                __muldf3
                0x00005bcc                __divdf3
                0x00005bcc                __aeabi_ddiv
 .text          0x00005d9c      0x110 c:/program files (x86)/cypress/psoc creator/4.1/psoc creator/import/gnu/arm/5.4.1/bin/../lib/gcc/arm-none-eabi/5.4.1/armv7-m\libgcc.a(_arm_cmpdf2.o)
                0x00005d9c                __gtdf2
                0x00005d9c                __gedf2
                0x00005da4                __ltdf2
                0x00005da4                __ledf2
                0x00005dac                __nedf2
                0x00005dac                __eqdf2
                0x00005dac                __cmpdf2
                0x00005e28                __aeabi_cdrcmple
                0x00005e38                __aeabi_cdcmpeq
                0x00005e38                __aeabi_cdcmple
                0x00005e48                __aeabi_dcmpeq
                0x00005e5c                __aeabi_dcmplt
                0x00005e70                __aeabi_dcmple
                0x00005e84                __aeabi_dcmpge
                0x00005e98                __aeabi_dcmpgt
 .text          0x00005eac       0x2c c:/program files (x86)/cypress/psoc creator/4.1/psoc creator/import/gnu/arm/5.4.1/bin/../lib/gcc/arm-none-eabi/5.4.1/armv7-m\libgcc.a(_arm_unorddf2.o)
                0x00005eac                __unorddf2
                0x00005eac                __aeabi_dcmpun
 .text          0x00005ed8       0x50 c:/program files (x86)/cypress/psoc creator/4.1/psoc creator/import/gnu/arm/5.4.1/bin/../lib/gcc/arm-none-eabi/5.4.1/armv7-m\libgcc.a(_arm_fixdfsi.o)
                0x00005ed8                __aeabi_d2iz
                0x00005ed8                __fixdfsi
 *(.plt)
 *(.gnu.warning)
 *(.glue_7t)
 .glue_7t       0x00005f28        0x0 linker stubs
 *(.glue_7)
 .glue_7        0x00005f28        0x0 linker stubs
 *(.vfp11_veneer)
 .vfp11_veneer  0x00005f28        0x0 linker stubs
 *(.bootloader)
 *(.ARM.extab* .gnu.linkonce.armextab.*)
 *(.gcc_except_table)

.v4_bx          0x00005f28        0x0
 .v4_bx         0x00005f28        0x0 linker stubs

.iplt           0x00005f28        0x0
 .iplt          0x00005f28        0x0 c:/program files (x86)/cypress/psoc creator/4.1/psoc creator/import/gnu/arm/5.4.1/bin/../lib/gcc/arm-none-eabi/5.4.1/armv7-m/crtbegin.o

.eh_frame_hdr
 *(.eh_frame_hdr)

.eh_frame       0x00005f28        0x4
 *(.eh_frame)
 .eh_frame      0x00005f28        0x0 c:/program files (x86)/cypress/psoc creator/4.1/psoc creator/import/gnu/arm/5.4.1/bin/../lib/gcc/arm-none-eabi/5.4.1/armv7-m/crtbegin.o
 .eh_frame      0x00005f28        0x4 c:/program files (x86)/cypress/psoc creator/4.1/psoc creator/import/gnu/arm/5.4.1/bin/../lib/gcc/arm-none-eabi/5.4.1/armv7-m/crtend.o
                [!provide]                PROVIDE (__exidx_start, .)

.ARM.exidx
 *(.ARM.exidx* .gnu.linkonce.armexidx.*)
                0x00005f2c                __exidx_end = .

.rodata         0x00005f30      0x210
 *(.rodata .rodata.* .gnu.linkonce.r.*)
 .rodata        0x00005f30       0x33 .\ARM_GCC_541\Debug\main.o
 *fill*         0x00005f63        0x1 
 .rodata        0x00005f64       0x78 .\ARM_GCC_541\Debug\cyfitter_cfg.o
 .rodata.str1.1
                0x00005fdc        0x2 c:/program files (x86)/cypress/psoc creator/4.1/psoc creator/import/gnu/arm/5.4.1/bin/../lib/gcc/arm-none-eabi/5.4.1/../../../../arm-none-eabi/lib/armv7-m\libg_nano.a(lib_a-impure.o)
 .rodata.str1.1
                0x00005fde       0x12 c:/program files (x86)/cypress/psoc creator/4.1/psoc creator/import/gnu/arm/5.4.1/bin/../lib/gcc/arm-none-eabi/5.4.1/../../../../arm-none-eabi/lib/armv7-m\libg_nano.a(lib_a-nano-vfprintf_float.o)
 .rodata.str1.1
                0x00005ff0        0xd c:/program files (x86)/cypress/psoc creator/4.1/psoc creator/import/gnu/arm/5.4.1/bin/../lib/gcc/arm-none-eabi/5.4.1/../../../../arm-none-eabi/lib/armv7-m\libg_nano.a(lib_a-dtoa.o)
                                  0xf (size before relaxing)
 .rodata.str1.1
                0x00005ffd        0x8 c:/program files (x86)/cypress/psoc creator/4.1/psoc creator/import/gnu/arm/5.4.1/bin/../lib/gcc/arm-none-eabi/5.4.1/../../../../arm-none-eabi/lib/armv7-m\libg_nano.a(lib_a-locale.o)
                                  0xb (size before relaxing)
 *fill*         0x00006005        0x3 
 .rodata.__mprec_tens
                0x00006008       0xc8 c:/program files (x86)/cypress/psoc creator/4.1/psoc creator/import/gnu/arm/5.4.1/bin/../lib/gcc/arm-none-eabi/5.4.1/../../../../arm-none-eabi/lib/armv7-m\libg_nano.a(lib_a-mprec.o)
                0x00006008                __mprec_tens
 .rodata.p05.5408
                0x000060d0        0xc c:/program files (x86)/cypress/psoc creator/4.1/psoc creator/import/gnu/arm/5.4.1/bin/../lib/gcc/arm-none-eabi/5.4.1/../../../../arm-none-eabi/lib/armv7-m\libg_nano.a(lib_a-mprec.o)
 *fill*         0x000060dc        0x4 
 .rodata.__mprec_bigtens
                0x000060e0       0x28 c:/program files (x86)/cypress/psoc creator/4.1/psoc creator/import/gnu/arm/5.4.1/bin/../lib/gcc/arm-none-eabi/5.4.1/../../../../arm-none-eabi/lib/armv7-m\libg_nano.a(lib_a-mprec.o)
                0x000060e0                __mprec_bigtens
                0x00006108                . = ALIGN (0x4)
 *(.init)
 .init          0x00006108        0x4 c:/program files (x86)/cypress/psoc creator/4.1/psoc creator/import/gnu/arm/5.4.1/bin/../lib/gcc/arm-none-eabi/5.4.1/armv7-m/crti.o
                0x00006108                _init
 .init          0x0000610c        0x8 c:/program files (x86)/cypress/psoc creator/4.1/psoc creator/import/gnu/arm/5.4.1/bin/../lib/gcc/arm-none-eabi/5.4.1/armv7-m/crtn.o
                0x00006114                . = ALIGN (0x4)
                0x00006114                __preinit_array_start = .
 *(.preinit_array)
                0x00006114                __preinit_array_end = .
                0x00006114                . = ALIGN (0x4)
                0x00006114                __init_array_start = .
 *(SORT(.init_array.*))
 *(.init_array)
 .init_array    0x00006114        0x4 c:/program files (x86)/cypress/psoc creator/4.1/psoc creator/import/gnu/arm/5.4.1/bin/../lib/gcc/arm-none-eabi/5.4.1/armv7-m/crtbegin.o
 .init_array    0x00006118        0x4 .\ARM_GCC_541\Debug\Cm3Start.o
                0x0000611c                __init_array_end = .
                0x0000611c                . = ALIGN (0x4)
 *(.fini)
 .fini          0x0000611c        0x4 c:/program files (x86)/cypress/psoc creator/4.1/psoc creator/import/gnu/arm/5.4.1/bin/../lib/gcc/arm-none-eabi/5.4.1/armv7-m/crti.o
                0x0000611c                _fini
 .fini          0x00006120        0x8 c:/program files (x86)/cypress/psoc creator/4.1/psoc creator/import/gnu/arm/5.4.1/bin/../lib/gcc/arm-none-eabi/5.4.1/armv7-m/crtn.o
                0x00006128                . = ALIGN (0x4)
                0x00006128                __fini_array_start = .
 *(.fini_array)
 .fini_array    0x00006128        0x4 c:/program files (x86)/cypress/psoc creator/4.1/psoc creator/import/gnu/arm/5.4.1/bin/../lib/gcc/arm-none-eabi/5.4.1/armv7-m/crtbegin.o
 *(SORT(.fini_array.*))
                0x0000612c                __fini_array_end = .
                0x0000612c                . = ALIGN (0x4)
 *crtbegin.o(.ctors)
 *(EXCLUDE_FILE(*crtend.o) .ctors)
 *(SORT(.ctors.*))
 *crtend.o(.ctors)
                0x0000612c                . = ALIGN (0x4)
 *crtbegin.o(.dtors)
 *(EXCLUDE_FILE(*crtend.o) .dtors)
 *(SORT(.dtors.*))
 *crtend.o(.dtors)
                0x0000612c                . = ALIGN (0x4)
                0x0000612c                __cy_regions = .
                0x0000612c        0x4 LONG 0x6140 __cy_region_init_ram
                0x00006130        0x4 LONG 0x1fff80c8 __cy_region_start_data
                0x00006134        0x4 LONG 0xb8 __cy_region_init_size_ram
                0x00006138        0x4 LONG 0x350 __cy_region_zero_size_ram
                0x0000613c                __cy_regions_end = .
                0x00006140                . = ALIGN (0x8)
 *fill*         0x0000613c        0x4 
                0x00006140                _etext = .

.cy_checksum_exclude
                0x00006140        0x0
 *(.cy_checksum_exclude)

.ramvectors     0x1fff8000       0xc0
                0x1fff8000                __cy_region_start_ram = .
 *(.ramvectors)
 .ramvectors    0x1fff8000       0xc0 .\ARM_GCC_541\Debug\Cm3Start.o
                0x1fff8000                CyRamVectors

.noinit         0x1fff80c0        0x5
 *(.noinit)
 .noinit        0x1fff80c0        0x4 .\ARM_GCC_541\Debug\Cm3Start.o
 .noinit        0x1fff80c4        0x1 .\ARM_GCC_541\Debug\stendo_MIS.a(CyLib.o)
                0x1fff80c4                CyResetStatus

.data           0x1fff80c8       0xb8 load address 0x00006140
                0x1fff80c8                __cy_region_start_data = .
 *(.jcr)
 .jcr           0x1fff80c8        0x0 c:/program files (x86)/cypress/psoc creator/4.1/psoc creator/import/gnu/arm/5.4.1/bin/../lib/gcc/arm-none-eabi/5.4.1/armv7-m/crtbegin.o
 .jcr           0x1fff80c8        0x4 c:/program files (x86)/cypress/psoc creator/4.1/psoc creator/import/gnu/arm/5.4.1/bin/../lib/gcc/arm-none-eabi/5.4.1/armv7-m/crtend.o
 *(.got.plt)
 *(.got)
 *(.shdata)
 *(.data .data.* .gnu.linkonce.d.*)
 .data          0x1fff80cc        0x4 .\ARM_GCC_541\Debug\Cm3Start.o
 .data          0x1fff80d0       0x10 .\ARM_GCC_541\Debug\stendo_MIS.a(CyLib.o)
                0x1fff80d0                cydelay_freq_hz
                0x1fff80d4                cydelay_freq_khz
                0x1fff80d8                cydelay_freq_mhz
                0x1fff80dc                cydelay_32k_ms
 .data.impure_data
                0x1fff80e0       0x60 c:/program files (x86)/cypress/psoc creator/4.1/psoc creator/import/gnu/arm/5.4.1/bin/../lib/gcc/arm-none-eabi/5.4.1/../../../../arm-none-eabi/lib/armv7-m\libg_nano.a(lib_a-impure.o)
 .data._impure_ptr
                0x1fff8140        0x4 c:/program files (x86)/cypress/psoc creator/4.1/psoc creator/import/gnu/arm/5.4.1/bin/../lib/gcc/arm-none-eabi/5.4.1/../../../../arm-none-eabi/lib/armv7-m\libg_nano.a(lib_a-impure.o)
                0x1fff8140                _impure_ptr
 .data.lconv    0x1fff8144       0x38 c:/program files (x86)/cypress/psoc creator/4.1/psoc creator/import/gnu/arm/5.4.1/bin/../lib/gcc/arm-none-eabi/5.4.1/../../../../arm-none-eabi/lib/armv7-m\libg_nano.a(lib_a-locale.o)
                0x1fff8180                . = ALIGN (0x8)
 *fill*         0x1fff817c        0x4 
 *(.ram)
                0x1fff8180                _edata = .

.igot.plt       0x1fff8180        0x0 load address 0x000061f8
 .igot.plt      0x1fff8180        0x0 c:/program files (x86)/cypress/psoc creator/4.1/psoc creator/import/gnu/arm/5.4.1/bin/../lib/gcc/arm-none-eabi/5.4.1/armv7-m/crtbegin.o

.bss            0x1fff8180      0x350 load address 0x000061f8
                0x1fff8180                PROVIDE (__bss_start__, .)
 *(.shbss)
 *(.bss .bss.* .gnu.linkonce.b.*)
 .bss           0x1fff8180       0x1c c:/program files (x86)/cypress/psoc creator/4.1/psoc creator/import/gnu/arm/5.4.1/bin/../lib/gcc/arm-none-eabi/5.4.1/armv7-m/crtbegin.o
 .bss           0x1fff819c       0x20 .\ARM_GCC_541\Debug\main.o
                0x1fff819c                old_MIS1_pulse
                0x1fff81a0                MIS1_lastpulse_time
                0x1fff81a4                old_MIS2_pulse
                0x1fff81a8                MIS2_lastpulse_time
                0x1fff81ac                old_MIS3_pulse
                0x1fff81b0                MIS3_lastpulse_time
                0x1fff81b4                old_MIS4_pulse
                0x1fff81b8                MIS4_lastpulse_time
 .bss           0x1fff81bc       0x14 .\ARM_GCC_541\Debug\mis.o
                0x1fff81bc                pulseCounter1
                0x1fff81c0                timestampTimer
                0x1fff81c4                pulseCounter2
                0x1fff81c8                pulseCounter3
                0x1fff81cc                pulseCounter4
 .bss           0x1fff81d0        0x2 .\ARM_GCC_541\Debug\stendo_MIS.a(UART_1.o)
                0x1fff81d0                UART_1_initVar
 .bss           0x1fff81d2        0x1 .\ARM_GCC_541\Debug\stendo_MIS.a(PulseCounter_1.o)
                0x1fff81d2                PulseCounter_1_initVar
 .bss           0x1fff81d3        0x1 .\ARM_GCC_541\Debug\stendo_MIS.a(QuadDec_1.o)
                0x1fff81d3                QuadDec_1_initVar
 .bss           0x1fff81d4        0x1 .\ARM_GCC_541\Debug\stendo_MIS.a(QuadDec_1_Cnt16.o)
                0x1fff81d4                QuadDec_1_Cnt16_initVar
 .bss           0x1fff81d5        0x1 .\ARM_GCC_541\Debug\stendo_MIS.a(PulseCounter_2.o)
                0x1fff81d5                PulseCounter_2_initVar
 .bss           0x1fff81d6        0x1 .\ARM_GCC_541\Debug\stendo_MIS.a(SPIM.o)
                0x1fff81d6                SPIM_initVar
 .bss           0x1fff81d7        0x1 .\ARM_GCC_541\Debug\stendo_MIS.a(SPIS.o)
                0x1fff81d7                SPIS_initVar
 .bss           0x1fff81d8        0x1 .\ARM_GCC_541\Debug\stendo_MIS.a(BurstTimeout_1.o)
                0x1fff81d8                BurstTimeout_1_initVar
 .bss           0x1fff81d9        0x1 .\ARM_GCC_541\Debug\stendo_MIS.a(BurstTimeout_2.o)
                0x1fff81d9                BurstTimeout_2_initVar
 .bss           0x1fff81da        0x1 .\ARM_GCC_541\Debug\stendo_MIS.a(Timestamp.o)
                0x1fff81da                Timestamp_initVar
 .bss           0x1fff81db        0x1 .\ARM_GCC_541\Debug\stendo_MIS.a(PulseCounter_3.o)
                0x1fff81db                PulseCounter_3_initVar
 .bss           0x1fff81dc        0x1 .\ARM_GCC_541\Debug\stendo_MIS.a(BurstTimeout_3.o)
                0x1fff81dc                BurstTimeout_3_initVar
 .bss           0x1fff81dd        0x1 .\ARM_GCC_541\Debug\stendo_MIS.a(PulseCounter_4.o)
                0x1fff81dd                PulseCounter_4_initVar
 .bss           0x1fff81de        0x1 .\ARM_GCC_541\Debug\stendo_MIS.a(BurstTimeout_4.o)
                0x1fff81de                BurstTimeout_4_initVar
 .bss           0x1fff81df        0x1 .\ARM_GCC_541\Debug\stendo_MIS.a(QuadDec_2.o)
                0x1fff81df                QuadDec_2_initVar
 .bss           0x1fff81e0        0x1 .\ARM_GCC_541\Debug\stendo_MIS.a(QuadDec_2_Cnt16.o)
                0x1fff81e0                QuadDec_2_Cnt16_initVar
 *fill*         0x1fff81e1        0x3 
 .bss.__malloc_sbrk_start
                0x1fff81e4        0x4 c:/program files (x86)/cypress/psoc creator/4.1/psoc creator/import/gnu/arm/5.4.1/bin/../lib/gcc/arm-none-eabi/5.4.1/../../../../arm-none-eabi/lib/armv7-m\libg_nano.a(lib_a-nano-mallocr.o)
                0x1fff81e4                __malloc_sbrk_start
 .bss.__malloc_free_list
                0x1fff81e8        0x4 c:/program files (x86)/cypress/psoc creator/4.1/psoc creator/import/gnu/arm/5.4.1/bin/../lib/gcc/arm-none-eabi/5.4.1/../../../../arm-none-eabi/lib/armv7-m\libg_nano.a(lib_a-nano-mallocr.o)
                0x1fff81e8                __malloc_free_list
 *(COMMON)
 COMMON         0x1fff81ec      0x1f9 .\ARM_GCC_541\Debug\main.o
                0x1fff81ec                txt
                0x1fff83e0                buffer
                0x1fff83e4                checksum
 *fill*         0x1fff83e5        0x3 
 COMMON         0x1fff83e8       0x44 .\ARM_GCC_541\Debug\mis.o
                0x1fff83e8                capture_1_count
                0x1fff83ec                capture_4_Timestamp_hw
                0x1fff83f0                capture_3_Timestamp_hw
                0x1fff83f4                capture_2_Timestamp_hw
                0x1fff83f8                PulseCounter_1_Timestamp_hw
                0x1fff83fc                capture_1_Timestamp_hw
                0x1fff8400                capture_4_count
                0x1fff8404                capture_4_timestampTimer
                0x1fff840c                capture_2_count
                0x1fff8410                capture_2_timestampTimer
                0x1fff8418                capture_1_timestampTimer
                0x1fff8420                capture_3_timestampTimer
                0x1fff8428                capture_3_count
 COMMON         0x1fff842c       0x4e .\ARM_GCC_541\Debug\stendo_MIS.a(SPIM.o)
                0x1fff842c                SPIM_rxBufferFull
                0x1fff8430                SPIM_txBuffer
                0x1fff8450                SPIM_swStatusTx
                0x1fff8454                SPIM_rxBuffer
                0x1fff8474                SPIM_txBufferFull
                0x1fff8475                SPIM_txBufferRead
                0x1fff8476                SPIM_rxBufferWrite
                0x1fff8477                SPIM_txBufferWrite
                0x1fff8478                SPIM_rxBufferRead
                0x1fff8479                SPIM_swStatusRx
 *fill*         0x1fff847a        0x2 
 COMMON         0x1fff847c       0x49 .\ARM_GCC_541\Debug\stendo_MIS.a(SPIS.o)
                0x1fff847c                SPIS_rxBufferRead
                0x1fff847d                SPIS_rxBufferFull
                0x1fff847e                SPIS_txBufferFull
                0x1fff847f                SPIS_rxBufferWrite
                0x1fff8480                SPIS_txBufferRead
                0x1fff8481                SPIS_swStatusTx
                0x1fff8482                SPIS_txBufferWrite
                0x1fff8484                SPIS_rxBuffer
                0x1fff84a4                SPIS_txBuffer
                0x1fff84c4                SPIS_swStatusRx
 *fill*         0x1fff84c5        0x3 
 COMMON         0x1fff84c8        0x4 c:/program files (x86)/cypress/psoc creator/4.1/psoc creator/import/gnu/arm/5.4.1/bin/../lib/gcc/arm-none-eabi/5.4.1/../../../../arm-none-eabi/lib/armv7-m\libg_nano.a(lib_a-reent.o)
                0x1fff84c8                errno
                0x1fff84d0                . = ALIGN (0x8)
 *fill*         0x1fff84cc        0x4 
 *(.ram.b)
                0x1fff84d0                _end = .
                0x1fff84d0                __end = .
                0x1fff84d0                PROVIDE (end, .)
                0x1fff84d0                PROVIDE (__bss_end__, .)
                0x00006140                __cy_region_init_ram = LOADADDR (.data)
                0x000000b8                __cy_region_init_size_ram = (_edata - ADDR (.data))
                0x00000350                __cy_region_zero_size_ram = (_end - _edata)

.heap           0x1fff84d0       0x80 load address 0x000061f8
                0x1fff84d0                . = _end
                0x1fff8550                . = (. + 0x80)
 *fill*         0x1fff84d0       0x80 
                0x1fff8550                __cy_heap_limit = .

.stack          0x20007800      0x800
                0x20007800                __cy_stack_limit = .
                0x20008000                . = (. + 0x800)
 *fill*         0x20007800      0x800 
                0x00000001                ASSERT ((__cy_stack_limit >= __cy_heap_limit), region RAM overflowed with stack)
                0x00000000                cy_checksum_exclude_size = (CY_APPL_LOADABLE == 0x1)?SIZEOF (.cy_checksum_exclude):0x0
                0x00000001                ASSERT ((cy_checksum_exclude_size <= CY_CHECKSUM_EXCLUDE_SIZE), CY_BOOT: Section .cy_checksum_exclude size exceedes specified limit.)

.cyloadermeta
 *(.cyloadermeta)

.cyloadablemeta
 *(.cyloadablemeta)

.cyconfigecc    0x80000000     0x15bc
 *(.cyconfigecc)
 .cyconfigecc   0x80000000     0x15bc .\ARM_GCC_541\Debug\cymetadata.o
                0x80000000                cy_meta_configecc

.cycustnvl      0x90000000        0x4
 *(.cycustnvl)
 .cycustnvl     0x90000000        0x4 .\ARM_GCC_541\Debug\cymetadata.o
                0x90000000                cy_meta_custnvl

.cywolatch      0x90100000        0x4
 *(.cywolatch)
 .cywolatch     0x90100000        0x4 .\ARM_GCC_541\Debug\cymetadata.o
                0x90100000                cy_meta_wonvl

.cyeeprom       0x90200000        0x0
 *(.cyeeprom)
                0x00000001                ASSERT ((. <= ((0x90200000 + ee_offset) + ee_size)), .cyeeprom data will not fit in EEPROM)

.cyflashprotect
                0x90400000      0x100
 *(.cyflashprotect)
 .cyflashprotect
                0x90400000      0x100 .\ARM_GCC_541\Debug\cymetadata.o
                0x90400000                cy_meta_flashprotect

.cymeta         0x90500000        0xc
 *(.cymeta)
 .cymeta        0x90500000        0xc .\ARM_GCC_541\Debug\cymetadata.o
                0x90500000                cy_metadata

.rel.dyn        0x000061f8        0x0 load address 0x9050000c
 .rel.iplt      0x000061f8        0x0 c:/program files (x86)/cypress/psoc creator/4.1/psoc creator/import/gnu/arm/5.4.1/bin/../lib/gcc/arm-none-eabi/5.4.1/armv7-m/crtbegin.o

.stab
 *(.stab)

.stabstr
 *(.stabstr)

.debug
 *(.debug)

.line
 *(.line)

.debug_srcinfo
 *(.debug_srcinfo)

.debug_sfnames
 *(.debug_sfnames)

.debug_aranges  0x00000000     0x19e8
 *(.debug_aranges)
 .debug_aranges
                0x00000000       0x68 .\ARM_GCC_541\Debug\main.o
 .debug_aranges
                0x00000068       0x20 .\ARM_GCC_541\Debug\assert.o
 .debug_aranges
                0x00000088       0x20 .\ARM_GCC_541\Debug\SPI.o
 .debug_aranges
                0x000000a8      0x158 .\ARM_GCC_541\Debug\mis.o
 .debug_aranges
                0x00000200       0x60 .\ARM_GCC_541\Debug\cyfitter_cfg.o
 .debug_aranges
                0x00000260       0x18 .\ARM_GCC_541\Debug\cymetadata.o
 .debug_aranges
                0x00000278       0x48 .\ARM_GCC_541\Debug\Cm3Start.o
 .debug_aranges
                0x000002c0       0xf0 .\ARM_GCC_541\Debug\stendo_MIS.a(UART_1.o)
 .debug_aranges
                0x000003b0       0x70 .\ARM_GCC_541\Debug\stendo_MIS.a(UART_1_IntClock.o)
 .debug_aranges
                0x00000420      0x2a0 .\ARM_GCC_541\Debug\stendo_MIS.a(CyLib.o)
 .debug_aranges
                0x000006c0       0x98 .\ARM_GCC_541\Debug\stendo_MIS.a(cyPm.o)
 .debug_aranges
                0x00000758       0x28 .\ARM_GCC_541\Debug\stendo_MIS.a(MIS_Reg.o)
 .debug_aranges
                0x00000780       0x40 .\ARM_GCC_541\Debug\stendo_MIS.a(MIS_Stat.o)
 .debug_aranges
                0x000007c0       0x98 .\ARM_GCC_541\Debug\stendo_MIS.a(PulseCounter_1.o)
 .debug_aranges
                0x00000858       0x60 .\ARM_GCC_541\Debug\stendo_MIS.a(QuadDec_1.o)
 .debug_aranges
                0x000008b8       0x98 .\ARM_GCC_541\Debug\stendo_MIS.a(QuadDec_1_Cnt16.o)
 .debug_aranges
                0x00000950       0x98 .\ARM_GCC_541\Debug\stendo_MIS.a(PulseCounter_2.o)
 .debug_aranges
                0x000009e8       0x80 .\ARM_GCC_541\Debug\stendo_MIS.a(isr_PulseCounter_2.o)
 .debug_aranges
                0x00000a68       0x80 .\ARM_GCC_541\Debug\stendo_MIS.a(isr_PulseCounter_1.o)
 .debug_aranges
                0x00000ae8       0xd8 .\ARM_GCC_541\Debug\stendo_MIS.a(SPIM.o)
 .debug_aranges
                0x00000bc0       0x28 .\ARM_GCC_541\Debug\stendo_MIS.a(SPIM_INT.o)
 .debug_aranges
                0x00000be8       0xe0 .\ARM_GCC_541\Debug\stendo_MIS.a(SPIS.o)
 .debug_aranges
                0x00000cc8       0x28 .\ARM_GCC_541\Debug\stendo_MIS.a(SPIS_INT.o)
 .debug_aranges
                0x00000cf0       0x80 .\ARM_GCC_541\Debug\stendo_MIS.a(isr_Capture_1.o)
 .debug_aranges
                0x00000d70       0x80 .\ARM_GCC_541\Debug\stendo_MIS.a(isr_Capture_2.o)
 .debug_aranges
                0x00000df0       0x90 .\ARM_GCC_541\Debug\stendo_MIS.a(BurstTimeout_1.o)
 .debug_aranges
                0x00000e80       0x80 .\ARM_GCC_541\Debug\stendo_MIS.a(isr_Timestamp.o)
 .debug_aranges
                0x00000f00       0x88 .\ARM_GCC_541\Debug\stendo_MIS.a(BurstTimeout_2.o)
 .debug_aranges
                0x00000f88       0x90 .\ARM_GCC_541\Debug\stendo_MIS.a(Timestamp.o)
 .debug_aranges
                0x00001018       0x80 .\ARM_GCC_541\Debug\stendo_MIS.a(isr_START.o)
 .debug_aranges
                0x00001098       0x80 .\ARM_GCC_541\Debug\stendo_MIS.a(isr_STOP.o)
 .debug_aranges
                0x00001118       0x80 .\ARM_GCC_541\Debug\stendo_MIS.a(isr_CS_Rise.o)
 .debug_aranges
                0x00001198       0x98 .\ARM_GCC_541\Debug\stendo_MIS.a(PulseCounter_3.o)
 .debug_aranges
                0x00001230       0x88 .\ARM_GCC_541\Debug\stendo_MIS.a(BurstTimeout_3.o)
 .debug_aranges
                0x000012b8       0x80 .\ARM_GCC_541\Debug\stendo_MIS.a(isr_Capture_3.o)
 .debug_aranges
                0x00001338       0x80 .\ARM_GCC_541\Debug\stendo_MIS.a(isr_PulseCounter_3.o)
 .debug_aranges
                0x000013b8       0x98 .\ARM_GCC_541\Debug\stendo_MIS.a(PulseCounter_4.o)
 .debug_aranges
                0x00001450       0x88 .\ARM_GCC_541\Debug\stendo_MIS.a(BurstTimeout_4.o)
 .debug_aranges
                0x000014d8       0x80 .\ARM_GCC_541\Debug\stendo_MIS.a(isr_Capture_4.o)
 .debug_aranges
                0x00001558       0x80 .\ARM_GCC_541\Debug\stendo_MIS.a(isr_PulseCounter_4.o)
 .debug_aranges
                0x000015d8       0x60 .\ARM_GCC_541\Debug\stendo_MIS.a(QuadDec_2.o)
 .debug_aranges
                0x00001638       0x80 .\ARM_GCC_541\Debug\stendo_MIS.a(isr_QuadDec_1.o)
 .debug_aranges
                0x000016b8       0x80 .\ARM_GCC_541\Debug\stendo_MIS.a(isr_QuadDec_2.o)
 .debug_aranges
                0x00001738       0x98 .\ARM_GCC_541\Debug\stendo_MIS.a(QuadDec_2_Cnt16.o)
 .debug_aranges
                0x000017d0       0x80 .\ARM_GCC_541\Debug\stendo_MIS.a(isr_TURN_CONT_MODE.o)
 .debug_aranges
                0x00001850       0x80 .\ARM_GCC_541\Debug\stendo_MIS.a(isr_TURN_OFF_CONT_MODE.o)
 .debug_aranges
                0x000018d0       0x20 .\ARM_GCC_541\Debug\stendo_MIS.a(CyBootAsmGnu.o)
 .debug_aranges
                0x000018f0       0x80 .\ARM_GCC_541\Debug\stendo_MIS.a(CyFlash.o)
 .debug_aranges
                0x00001970       0x78 .\ARM_GCC_541\Debug\stendo_MIS.a(CySpc.o)

.debug_pubnames
 *(.debug_pubnames)

.debug_info     0x00000000     0x8caf
 *(.debug_info .gnu.linkonce.wi.*)
 .debug_info    0x00000000      0x3a0 .\ARM_GCC_541\Debug\main.o
 .debug_info    0x000003a0      0x12c .\ARM_GCC_541\Debug\assert.o
 .debug_info    0x000004cc      0x146 .\ARM_GCC_541\Debug\SPI.o
 .debug_info    0x00000612      0x8ab .\ARM_GCC_541\Debug\mis.o
 .debug_info    0x00000ebd      0x475 .\ARM_GCC_541\Debug\cyfitter_cfg.o
 .debug_info    0x00001332      0x139 .\ARM_GCC_541\Debug\cymetadata.o
 .debug_info    0x0000146b      0x325 .\ARM_GCC_541\Debug\Cm3Start.o
 .debug_info    0x00001790      0x50a .\ARM_GCC_541\Debug\stendo_MIS.a(UART_1.o)
 .debug_info    0x00001c9a      0x25d .\ARM_GCC_541\Debug\stendo_MIS.a(UART_1_IntClock.o)
 .debug_info    0x00001ef7      0xe51 .\ARM_GCC_541\Debug\stendo_MIS.a(CyLib.o)
 .debug_info    0x00002d48      0x56d .\ARM_GCC_541\Debug\stendo_MIS.a(cyPm.o)
 .debug_info    0x000032b5       0xd7 .\ARM_GCC_541\Debug\stendo_MIS.a(MIS_Reg.o)
 .debug_info    0x0000338c      0x142 .\ARM_GCC_541\Debug\stendo_MIS.a(MIS_Stat.o)
 .debug_info    0x000034ce      0x274 .\ARM_GCC_541\Debug\stendo_MIS.a(PulseCounter_1.o)
 .debug_info    0x00003742      0x208 .\ARM_GCC_541\Debug\stendo_MIS.a(QuadDec_1.o)
 .debug_info    0x0000394a      0x291 .\ARM_GCC_541\Debug\stendo_MIS.a(QuadDec_1_Cnt16.o)
 .debug_info    0x00003bdb      0x274 .\ARM_GCC_541\Debug\stendo_MIS.a(PulseCounter_2.o)
 .debug_info    0x00003e4f      0x241 .\ARM_GCC_541\Debug\stendo_MIS.a(isr_PulseCounter_2.o)
 .debug_info    0x00004090      0x241 .\ARM_GCC_541\Debug\stendo_MIS.a(isr_PulseCounter_1.o)
 .debug_info    0x000042d1      0x4d1 .\ARM_GCC_541\Debug\stendo_MIS.a(SPIM.o)
 .debug_info    0x000047a2      0x18a .\ARM_GCC_541\Debug\stendo_MIS.a(SPIM_INT.o)
 .debug_info    0x0000492c      0x4f8 .\ARM_GCC_541\Debug\stendo_MIS.a(SPIS.o)
 .debug_info    0x00004e24      0x18a .\ARM_GCC_541\Debug\stendo_MIS.a(SPIS_INT.o)
 .debug_info    0x00004fae      0x241 .\ARM_GCC_541\Debug\stendo_MIS.a(isr_Capture_1.o)
 .debug_info    0x000051ef      0x241 .\ARM_GCC_541\Debug\stendo_MIS.a(isr_Capture_2.o)
 .debug_info    0x00005430      0x25b .\ARM_GCC_541\Debug\stendo_MIS.a(BurstTimeout_1.o)
 .debug_info    0x0000568b      0x241 .\ARM_GCC_541\Debug\stendo_MIS.a(isr_Timestamp.o)
 .debug_info    0x000058cc      0x245 .\ARM_GCC_541\Debug\stendo_MIS.a(BurstTimeout_2.o)
 .debug_info    0x00005b11      0x23e .\ARM_GCC_541\Debug\stendo_MIS.a(Timestamp.o)
 .debug_info    0x00005d4f      0x241 .\ARM_GCC_541\Debug\stendo_MIS.a(isr_START.o)
 .debug_info    0x00005f90      0x241 .\ARM_GCC_541\Debug\stendo_MIS.a(isr_STOP.o)
 .debug_info    0x000061d1      0x241 .\ARM_GCC_541\Debug\stendo_MIS.a(isr_CS_Rise.o)
 .debug_info    0x00006412      0x274 .\ARM_GCC_541\Debug\stendo_MIS.a(PulseCounter_3.o)
 .debug_info    0x00006686      0x245 .\ARM_GCC_541\Debug\stendo_MIS.a(BurstTimeout_3.o)
 .debug_info    0x000068cb      0x241 .\ARM_GCC_541\Debug\stendo_MIS.a(isr_Capture_3.o)
 .debug_info    0x00006b0c      0x241 .\ARM_GCC_541\Debug\stendo_MIS.a(isr_PulseCounter_3.o)
 .debug_info    0x00006d4d      0x274 .\ARM_GCC_541\Debug\stendo_MIS.a(PulseCounter_4.o)
 .debug_info    0x00006fc1      0x245 .\ARM_GCC_541\Debug\stendo_MIS.a(BurstTimeout_4.o)
 .debug_info    0x00007206      0x241 .\ARM_GCC_541\Debug\stendo_MIS.a(isr_Capture_4.o)
 .debug_info    0x00007447      0x241 .\ARM_GCC_541\Debug\stendo_MIS.a(isr_PulseCounter_4.o)